02-28 02:38:39.922  4238  4246 E Diag_Lib: [IMS_AP]"ims-rtp-daemon ims_rtp_qmi_handler_thread_func waiting on select thread>"
02-28 02:38:39.923  1231 22341 I android.system.suspend-service: mAutosuspendEnabled=1
02-28 02:38:39.926  1231 27631 I android.system.suspend-service: First holding wakelock name = qms_event_Handler_wakeLock_
02-28 02:38:39.928  4238  4246 E Diag_Lib: [IMS_AP]"ims-rtp-daemon ims_rtp_qmi_handler_thread_func waiting on select thread>"
02-28 02:38:39.928  1231 27631 I android.system.suspend-service: Last release wakelock name = qms_event_Handler_wakeLock_
02-28 02:38:39.928  1231 27631 I android.system.suspend-service: mAutosuspendEnabled=1
02-28 02:38:40.280 27719 27719 E qsap_location: QESDK service init
02-28 02:38:40.281 27719 27719 E qsap_location: Failed to connect to QESDK Manager (connection failed No such file or directory)
02-28 02:38:40.281 27719 27719 E LOC_QESDK: connectQesd:133] fail to init qesd svc, error = -1
02-28 02:38:40.319  4238  4246 E Diag_Lib: [IMS_AP]"ims-rtp-daemon ims_rtp_qmi_handler_thread_func waiting on select thread>"
02-28 02:38:40.323  4238  4246 E Diag_Lib: [IMS_AP]"ims-rtp-daemon ims_rtp_qmi_handler_thread_func waiting on select thread>"
02-28 02:38:40.327  4238  4246 E Diag_Lib: [IMS_AP]"ims-rtp-daemon ims_rtp_qmi_handler_thread_func waiting on select thread>"
02-28 02:38:40.330  4238  4246 E Diag_Lib: [IMS_AP]"ims-rtp-daemon ims_rtp_qmi_handler_thread_func waiting on select thread>"
02-28 02:38:40.337  4238  4246 E Diag_Lib: [IMS_AP]"ims-rtp-daemon ims_rtp_qmi_handler_thread_func waiting on select thread>"
02-28 02:38:40.343  4238  4246 E Diag_Lib: [IMS_AP]"ims-rtp-daemon ims_rtp_qmi_handler_thread_func waiting on select thread>"
02-28 02:38:40.386  2402  2402 I [UAH_CLIENT]: UahPlatformResAcquire
02-28 02:38:40.386  2402  2402 I [UAH_CLIENT]: UahEventAcquire, cmdid:-3, pkg:2943 2991, identity:qcom-perfd
02-28 02:38:40.390  2402  2483 E ANDR-PERF-RESOURCEQS: ANDR-PERF-RESOURCEQS: AddAndApply() 125: Resource with major=16, minor=0 not supported
02-28 02:38:40.509  5294  5672 I PluginManager: dalvikMax=15,dalvikFree=0dalvikAllocated=15
02-28 02:38:40.509  5294  5672 I PluginManager: Runtime.getRuntime().gc()
02-28 02:38:40.590  2402 27741 I [UAH_CLIENT]: UahRelease, handle:619558
02-28 02:38:40.608  5294  5672 I com.oplus.nas: Explicit concurrent mark compact GC freed 7312KB AllocSpace bytes, 0(0B) LOS objects, 49% free, 8068KB/15MB, paused 417us,2.509ms total 98.901ms
02-28 02:38:40.927  7950  8990 D gaia-GaiaConnectChecker: start connect check++
02-28 02:38:40.959 25848 25848 D BoundBrokerSvc: onUnbind: Intent { act=com.google.android.gms.common.telemetry.service.START dat=chimera-action:/... xflg=0x4 cmp=com.google.android.gms/.chimera.PersistentApiService mCallingUid=10126 }
02-28 02:38:41.014  4238  4246 E Diag_Lib: [IMS_AP]"ims-rtp-daemon ims_rtp_qmi_handler_thread_func waiting on select thread>"
02-28 02:38:41.015  4238  4246 E Diag_Lib: [IMS_AP]"ims-rtp-daemon ims_rtp_qmi_handler_thread_func waiting on select thread>"
02-28 02:38:41.016  4238  4246 E Diag_Lib: [IMS_AP]"ims-rtp-daemon ims_rtp_qmi_handler_thread_func waiting on select thread>"
02-28 02:38:41.018  4238  4246 E Diag_Lib: [IMS_AP]"ims-rtp-daemon ims_rtp_qmi_handler_thread_func waiting on select thread>"
02-28 02:38:41.041  5173  5208 E Tethering: [api31.BpfCoordinatorShimImpl] ERROR Could not insert entry (iif: 45, dstMac: 0a:61:08:9a:95:54, l4proto: 6, src4: /10.33.198.227, dst4: /35.223.238.178, srcPort: 56186, dstPort: 443, oif: 20, ethDstMac: 00:00:00:00:00:00, ethSrcMac: 00:00:00:00:00:00, ethProto: 2048, pmtu: 1400, src46: /192.0.0.2, dst46: /35.223.238.178, srcPort: 56186, dstPort: 443, lastUsed: 0): android.system.ErrnoException: nativeWriteToMapEntry failed: E2BIG (Argument list too long)
02-28 02:38:41.042  5173  5208 E Tethering: [api31.BpfCoordinatorShimImpl] ERROR Could not insert entry (iif: 20, dstMac: 00:00:00:00:00:00, l4proto: 6, src4: /35.223.238.178, dst4: /192.0.0.2, srcPort: 443, dstPort: 56186, oif: 45, ethDstMac: 98:bd:80:20:ad:41, ethSrcMac: 0a:61:08:9a:95:54, ethProto: 2048, pmtu: 1400, src46: /35.223.238.178, dst46: /10.33.198.227, srcPort: 443, dstPort: 56186, lastUsed: 0): android.system.ErrnoException: nativeWriteToMapEntry failed: E2BIG (Argument list too long)
02-28 02:38:41.261  2333 28452 E sensors-hal: handle_sns_std_sensor_event:151, oplus_wise_light: lux 134, data_c = 860, period 100 ms, brightness:0, data_cnt:57586
02-28 02:38:41.281 27719 27719 E qsap_location: QESDK service init
02-28 02:38:41.282 27719 27719 E qsap_location: Failed to connect to QESDK Manager (connection failed No such file or directory)
02-28 02:38:41.282 27719 27719 E LOC_QESDK: connectQesd:133] fail to init qesd svc, error = -1
02-28 02:38:41.418  4238  4246 E Diag_Lib: [IMS_AP]"ims-rtp-daemon ims_rtp_qmi_handler_thread_func waiting on select thread>"
02-28 02:38:41.421  4238  4246 E Diag_Lib: [IMS_AP]"ims-rtp-daemon ims_rtp_qmi_handler_thread_func waiting on select thread>"
02-28 02:38:41.641 19928 20037 W OPLUS_LOG_LOAD: ==LOGS PROG INFO, prog(com.oplus.camera) ==
02-28 02:38:41.641 19928 20037 I APS_ALOG: flushRoutine g_immediateFlush=0 g_pendingCount=0 g_oobCount=0 asan-debug7
02-28 02:38:41.656  3665  4315 D ActivityManager: Async freezing 13753 com.android.vending
02-28 02:38:41.657  3665  4315 D ActivityManager: Async freezing 27667 com.google.android.gms.unstable
02-28 02:38:41.657 13753 13753 I Finsky  : [2] Memory trim requested to level 40
02-28 02:38:41.657 13753 13753 I Finsky  : [2] Flushing in-memory image cache
02-28 02:38:41.657  3665  4315 D ActivityManager: Async freezing 1466 com.google.android.gms
02-28 02:38:41.661  5173  5208 E Tethering: [api31.BpfCoordinatorShimImpl] ERROR Could not insert entry (iif: 45, dstMac: 0a:61:08:9a:95:54, l4proto: 6, src4: /10.33.198.227, dst4: /35.223.238.178, srcPort: 56186, dstPort: 443, oif: 20, ethDstMac: 00:00:00:00:00:00, ethSrcMac: 00:00:00:00:00:00, ethProto: 2048, pmtu: 1400, src46: /192.0.0.2, dst46: /35.223.238.178, srcPort: 56186, dstPort: 443, lastUsed: 0): android.system.ErrnoException: nativeWriteToMapEntry failed: E2BIG (Argument list too long)
02-28 02:38:41.662  5173  5208 E Tethering: [api31.BpfCoordinatorShimImpl] ERROR Could not insert entry (iif: 20, dstMac: 00:00:00:00:00:00, l4proto: 6, src4: /35.223.238.178, dst4: /192.0.0.2, srcPort: 443, dstPort: 56186, oif: 45, ethDstMac: 98:bd:80:20:ad:41, ethSrcMac: 0a:61:08:9a:95:54, ethProto: 2048, pmtu: 1400, src46: /35.223.238.178, dst46: /10.33.198.227, srcPort: 443, dstPort: 56186, lastUsed: 0): android.system.ErrnoException: nativeWriteToMapEntry failed: E2BIG (Argument list too long)
02-28 02:38:41.691  1231 22565 I android.system.suspend-service: First holding wakelock name = PowerManagerService.WakeLocks
02-28 02:38:41.697  2178  2219 E TetherController: property_get sys.radio.data.modem_share_flag return 0, 1!
02-28 02:38:41.711  1231 22565 I android.system.suspend-service: Last release wakelock name = PowerManagerService.WakeLocks
02-28 02:38:41.711  1231 22565 I android.system.suspend-service: mAutosuspendEnabled=1
02-28 02:38:41.720  3665  4600 V NetworkPolicy: updateNetworkEnabledNL() return
02-28 02:38:41.720  3665  4600 V NetworkPolicy: updateNotificationsNL not process
02-28 02:38:41.722  3665  4711 D OplusTetheringStatistician: get tethering traffic from mobile data, slotIndex: 0; entry: 0; rx bytes: 9421007552; tx bytes: 3332150019
02-28 02:38:41.722  3665  4711 D OplusTetheringStatistician: get tethering traffic from mobile data, slotIndex: 0; entry: 0; rx bytes: 3498; tx bytes: 0
02-28 02:38:41.723  5294  5843 V MonthTrafficAlert: getWarningNotification subId:1 numWarningNotificaion:0
02-28 02:38:41.724  3665  4711 E OplusTetheringNotification: Screen is off, no notification
02-28 02:38:41.761  5173  5208 E Tethering: [api31.BpfCoordinatorShimImpl] ERROR Could not insert entry (iif: 45, dstMac: 0a:61:08:9a:95:54, l4proto: 6, src4: /10.33.198.227, dst4: /35.223.238.178, srcPort: 56186, dstPort: 443, oif: 20, ethDstMac: 00:00:00:00:00:00, ethSrcMac: 00:00:00:00:00:00, ethProto: 2048, pmtu: 1400, src46: /192.0.0.2, dst46: /35.223.238.178, srcPort: 56186, dstPort: 443, lastUsed: 0): android.system.ErrnoException: nativeWriteToMapEntry failed: E2BIG (Argument list too long)
02-28 02:38:41.762  5173  5208 E Tethering: [api31.BpfCoordinatorShimImpl] ERROR Could not insert entry (iif: 20, dstMac: 00:00:00:00:00:00, l4proto: 6, src4: /35.223.238.178, dst4: /192.0.0.2, srcPort: 443, dstPort: 56186, oif: 45, ethDstMac: 98:bd:80:20:ad:41, ethSrcMac: 0a:61:08:9a:95:54, ethProto: 2048, pmtu: 1400, src46: /35.223.238.178, dst46: /10.33.198.227, srcPort: 443, dstPort: 56186, lastUsed: 0): android.system.ErrnoException: nativeWriteToMapEntry failed: E2BIG (Argument list too long)
02-28 02:38:41.764  5173  5208 E Tethering: [api31.BpfCoordinatorShimImpl] ERROR Could not insert entry (iif: 45, dstMac: 0a:61:08:9a:95:54, l4proto: 6, src4: /10.33.198.227, dst4: /35.223.238.178, srcPort: 56186, dstPort: 443, oif: 20, ethDstMac: 00:00:00:00:00:00, ethSrcMac: 00:00:00:00:00:00, ethProto: 2048, pmtu: 1400, src46: /192.0.0.2, dst46: /35.223.238.178, srcPort: 56186, dstPort: 443, lastUsed: 0): android.system.ErrnoException: nativeWriteToMapEntry failed: E2BIG (Argument list too long)
02-28 02:38:41.766  5173  5208 E Tethering: [api31.BpfCoordinatorShimImpl] ERROR Could not insert entry (iif: 20, dstMac: 00:00:00:00:00:00, l4proto: 6, src4: /35.223.238.178, dst4: /192.0.0.2, srcPort: 443, dstPort: 56186, oif: 45, ethDstMac: 98:bd:80:20:ad:41, ethSrcMac: 0a:61:08:9a:95:54, ethProto: 2048, pmtu: 1400, src46: /35.223.238.178, dst46: /10.33.198.227, srcPort: 443, dstPort: 56186, lastUsed: 0): android.system.ErrnoException: nativeWriteToMapEntry failed: E2BIG (Argument list too long)
02-28 02:38:42.037  5173  5208 E Tethering: [api31.BpfCoordinatorShimImpl] ERROR Could not insert entry (iif: 45, dstMac: 0a:61:08:9a:95:54, l4proto: 6, src4: /10.33.198.227, dst4: /35.223.238.178, srcPort: 56186, dstPort: 443, oif: 20, ethDstMac: 00:00:00:00:00:00, ethSrcMac: 00:00:00:00:00:00, ethProto: 2048, pmtu: 1400, src46: /192.0.0.2, dst46: /35.223.238.178, srcPort: 56186, dstPort: 443, lastUsed: 0): android.system.ErrnoException: nativeWriteToMapEntry failed: E2BIG (Argument list too long)
02-28 02:38:42.038  5173  5208 E Tethering: [api31.BpfCoordinatorShimImpl] ERROR Could not insert entry (iif: 20, dstMac: 00:00:00:00:00:00, l4proto: 6, src4: /35.223.238.178, dst4: /192.0.0.2, srcPort: 443, dstPort: 56186, oif: 45, ethDstMac: 98:bd:80:20:ad:41, ethSrcMac: 0a:61:08:9a:95:54, ethProto: 2048, pmtu: 1400, src46: /35.223.238.178, dst46: /10.33.198.227, srcPort: 443, dstPort: 56186, lastUsed: 0): android.system.ErrnoException: nativeWriteToMapEntry failed: E2BIG (Argument list too long)
02-28 02:38:42.043  9330 16238 D ShellSubscriberWorkerThread: the first 8 bytes empty, and RestData length > 8 
02-28 02:38:42.122  4238  4246 E Diag_Lib: [IMS_AP]"ims-rtp-daemon ims_rtp_qmi_handler_thread_func waiting on select thread>"
02-28 02:38:42.129  4238  4246 E Diag_Lib: [IMS_AP]"ims-rtp-daemon ims_rtp_qmi_handler_thread_func waiting on select thread>"
02-28 02:38:42.134  4238  4246 E Diag_Lib: [IMS_AP]"ims-rtp-daemon ims_rtp_qmi_handler_thread_func waiting on select thread>"
02-28 02:38:42.138  4238  4246 E Diag_Lib: [IMS_AP]"ims-rtp-daemon ims_rtp_qmi_handler_thread_func waiting on select thread>"
02-28 02:38:42.157  2475  2511 D vendor.oplus.hardware.charger-V9-service: s_chg_user_mode: 3
02-28 02:38:42.158  2475  2511 D vendor.oplus.hardware.charger-V9-service: scale_chg Start!!!
02-28 02:38:42.158  2475  2511 D vendor.oplus.hardware.charger-V9-service: [0, 0, 3]
02-28 02:38:42.158  2475  2511 D vendor.oplus.hardware.charger-V9-service: [0, 2, 15]
02-28 02:38:42.159  2475  2511 D vendor.oplus.hardware.charger-V9-service: [0, 1, 4]
02-28 02:38:42.159  2475  2511 D vendor.oplus.hardware.charger-V9-service: [0, 3, 3]
02-28 02:38:42.159  2475  2511 D vendor.oplus.hardware.charger-V9-service: [0, 4, 3]
02-28 02:38:42.159  2475  2511 D vendor.oplus.hardware.charger-V9-service: [0, 5, 3]
02-28 02:38:42.159  2475  2511 D vendor.oplus.hardware.charger-V9-service: [0, 6, 15]
02-28 02:38:42.160  2475  2511 D vendor.oplus.hardware.charger-V9-service: scale_chg Start!!!
02-28 02:38:42.160  2475  2511 D vendor.oplus.hardware.charger-V9-service: [0, 0, 3]
02-28 02:38:42.160  2475  2511 D vendor.oplus.hardware.charger-V9-service: [0, 2, 12]
02-28 02:38:42.160  2475  2511 D vendor.oplus.hardware.charger-V9-service: [0, 1, 4]
02-28 02:38:42.160  2475  2511 D vendor.oplus.hardware.charger-V9-service: [0, 3, 3]
02-28 02:38:42.160  2475  2511 D vendor.oplus.hardware.charger-V9-service: [0, 4, 3]
02-28 02:38:42.161  2475  2511 D vendor.oplus.hardware.charger-V9-service: [0, 5, 3]
02-28 02:38:42.161  2475  2511 D vendor.oplus.hardware.charger-V9-service: [0, 6, 12]
02-28 02:38:42.282 27719 27719 E qsap_location: QESDK service init
02-28 02:38:42.283 27719 27719 E qsap_location: Failed to connect to QESDK Manager (connection failed No such file or directory)
02-28 02:38:42.283 27719 27719 E LOC_QESDK: connectQesd:133] fail to init qesd svc, error = -1
02-28 02:38:42.291  4862  9509 W OPLUS_LOG_LOAD: ==LOGS PROG INFO, prog(com.android.systemui) ==
02-28 02:38:42.291  4862  9509 I PluginSeedling--Origin: OSenseManager-->isMEMHighPressure oldState:false newState: false isMEMHighPressure:false
02-28 02:38:42.294 27590 27615 I RcsAvailabilityCache: Cached availability not found for simId: redacted-pii:sim_id[chars:20,last3:203]
02-28 02:38:42.303 25848 25848 D BoundBrokerSvc: onRebind: Intent { act=com.google.android.gms.time.trustedtime.service.START dat=chimera-action:/... xflg=0x4 cmp=com.google.android.gms/.chimera.PersistentApiService mCallingUid=10126 }
02-28 02:38:42.319 27590 27601 V ClearcutMetricXmitter: Transmission is done.
02-28 02:38:42.322 25848 25848 D BoundBrokerSvc: onBind: Intent { act=com.google.android.gms.time.trustedtime.singleuserapi.service.START dat=chimera-action:/... xflg=0x4 cmp=com.google.android.gms/.chimera.PersistentSingleUserInternalApiService mCallingUid=10126 }
02-28 02:38:42.322 25848 25848 D BoundBrokerSvc: Loading bound service for intent: Intent { act=com.google.android.gms.time.trustedtime.singleuserapi.service.START dat=chimera-action:/... xflg=0x4 cmp=com.google.android.gms/.chimera.PersistentSingleUserInternalApiService mCallingUid=10126 }
02-28 02:38:42.336 25848 25848 D BoundBrokerSvc: onRebind: Intent { act=com.google.android.gms.common.telemetry.service.START dat=chimera-action:/... xflg=0x4 cmp=com.google.android.gms/.chimera.PersistentApiService mCallingUid=10126 }
02-28 02:38:42.358  2475  2521 D vendor.oplus.hardware.charger-V9-service: ret_value:124, read content:,380,402,3881,3881,-1311,33,33,1,3,0,1397,4681,33,0,4470,1600,1500,0,0,-22,0,0,1,0,2,0,0,0,1,0,100,0,2196,6950,0,0,0,0,0,75
02-28 02:38:42.358  2475  2521 D vendor.oplus.hardware.charger-V9-service: gmtime: 2026-02-28-02-38-42
02-28 02:38:42.358  2475  2521 D vendor.oplus.hardware.charger-V9-service: usb_online:1, ac_online:-2147483648, wireless_online:-2147483648
02-28 02:38:42.386 27590 27601 V ClearcutMetricXmitter: Transmission is done.
02-28 02:38:42.524  2475  2475 D vendor.oplus.hardware.charger-V9-service: getChargerControl:
02-28 02:38:42.820  4238  4246 E Diag_Lib: [IMS_AP]"ims-rtp-daemon ims_rtp_qmi_handler_thread_func waiting on select thread>"
02-28 02:38:42.825  4238  4246 E Diag_Lib: [IMS_AP]"ims-rtp-daemon ims_rtp_qmi_handler_thread_func waiting on select thread>"
02-28 02:38:42.829  4238  4246 E Diag_Lib: [IMS_AP]"ims-rtp-daemon ims_rtp_qmi_handler_thread_func waiting on select thread>"
02-28 02:38:42.832  4238  4246 E Diag_Lib: [IMS_AP]"ims-rtp-daemon ims_rtp_qmi_handler_thread_func waiting on select thread>"
02-28 02:38:42.835  4238  4246 E Diag_Lib: [IMS_AP]"ims-rtp-daemon ims_rtp_qmi_handler_thread_func waiting on select thread>"
02-28 02:38:42.838  4238  4246 E Diag_Lib: [IMS_AP]"ims-rtp-daemon ims_rtp_qmi_handler_thread_func waiting on select thread>"
02-28 02:38:43.001  5173  5208 I Tethering: [BpfCoordinator] onAlertReached
02-28 02:38:43.221  4238  4246 E Diag_Lib: [IMS_AP]"ims-rtp-daemon ims_rtp_qmi_handler_thread_func waiting on select thread>"
02-28 02:38:43.229  4238  4246 E Diag_Lib: [IMS_AP]"ims-rtp-daemon ims_rtp_qmi_handler_thread_func waiting on select thread>"
02-28 02:38:43.235  4238  4246 E Diag_Lib: [IMS_AP]"ims-rtp-daemon ims_rtp_qmi_handler_thread_func waiting on select thread>"
02-28 02:38:43.239  4238  4246 E Diag_Lib: [IMS_AP]"ims-rtp-daemon ims_rtp_qmi_handler_thread_func waiting on select thread>"
02-28 02:38:43.261  2333 28452 E sensors-hal: handle_sns_std_sensor_event:151, oplus_wise_light: lux 132, data_c = 861, period 100 ms, brightness:0, data_cnt:57596
02-28 02:38:43.283 27719 27719 E qsap_location: QESDK service init
02-28 02:38:43.284 27719 27719 E qsap_location: Failed to connect to QESDK Manager (connection failed No such file or directory)
02-28 02:38:43.284 27719 27719 E LOC_QESDK: connectQesd:133] fail to init qesd svc, error = -1
02-28 02:38:43.506  1231 22341 I android.system.suspend-service: First holding wakelock name = qms_event_Handler_wakeLock_
02-28 02:38:43.511  1231 22341 I android.system.suspend-service: Last release wakelock name = qms_event_Handler_wakeLock_
02-28 02:38:43.511  1231 22341 I android.system.suspend-service: mAutosuspendEnabled=1
02-28 02:38:43.514  1231 22341 I android.system.suspend-service: First holding wakelock name = qms_event_Handler_wakeLock_
02-28 02:38:43.515  1231 22341 I android.system.suspend-service: Last release wakelock name = qms_event_Handler_wakeLock_
02-28 02:38:43.515  1231 22341 I android.system.suspend-service: mAutosuspendEnabled=1
02-28 02:38:44.005  1231 22341 I android.system.suspend-service: First holding wakelock name = PowerManagerService.WakeLocks
02-28 02:38:44.014  2178  2219 E TetherController: property_get sys.radio.data.modem_share_flag return 0, 1!
02-28 02:38:44.045  1231 22341 I android.system.suspend-service: Last release wakelock name = PowerManagerService.WakeLocks
02-28 02:38:44.046  1231 22341 I android.system.suspend-service: mAutosuspendEnabled=1
02-28 02:38:44.053  5294  5843 V MonthTrafficAlert: getWarningNotification subId:1 numWarningNotificaion:0
02-28 02:38:44.285 27719 27719 E qsap_location: QESDK service init
02-28 02:38:44.286 27719 27719 E qsap_location: Failed to connect to QESDK Manager (connection failed No such file or directory)
02-28 02:38:44.286 27719 27719 E LOC_QESDK: connectQesd:133] fail to init qesd svc, error = -1
02-28 02:38:44.321  4238  4246 E Diag_Lib: [IMS_AP]"ims-rtp-daemon ims_rtp_qmi_handler_thread_func waiting on select thread>"
02-28 02:38:44.326  4238  4246 E Diag_Lib: [IMS_AP]"ims-rtp-daemon ims_rtp_qmi_handler_thread_func waiting on select thread>"
02-28 02:38:44.326  6524 23072 E oiface  : sched_setaffinity failed
02-28 02:38:44.330  4238  4246 E Diag_Lib: [IMS_AP]"ims-rtp-daemon ims_rtp_qmi_handler_thread_func waiting on select thread>"
02-28 02:38:44.331  5173  5208 E Tethering: [api31.BpfCoordinatorShimImpl] ERROR Could not insert entry (iif: 45, dstMac: 0a:61:08:9a:95:54, l4proto: 6, src4: /10.33.198.227, dst4: /52.123.253.136, srcPort: 49405, dstPort: 443, oif: 20, ethDstMac: 00:00:00:00:00:00, ethSrcMac: 00:00:00:00:00:00, ethProto: 2048, pmtu: 1400, src46: /192.0.0.2, dst46: /52.123.253.136, srcPort: 49405, dstPort: 443, lastUsed: 0): android.system.ErrnoException: nativeWriteToMapEntry failed: E2BIG (Argument list too long)
02-28 02:38:44.332  5173  5208 E Tethering: [api31.BpfCoordinatorShimImpl] ERROR Could not insert entry (iif: 20, dstMac: 00:00:00:00:00:00, l4proto: 6, src4: /52.123.253.136, dst4: /192.0.0.2, srcPort: 443, dstPort: 49405, oif: 45, ethDstMac: 98:bd:80:20:ad:41, ethSrcMac: 0a:61:08:9a:95:54, ethProto: 2048, pmtu: 1400, src46: /52.123.253.136, dst46: /10.33.198.227, srcPort: 443, dstPort: 49405, lastUsed: 0): android.system.ErrnoException: nativeWriteToMapEntry failed: E2BIG (Argument list too long)
02-28 02:38:44.333  4238  4246 E Diag_Lib: [IMS_AP]"ims-rtp-daemon ims_rtp_qmi_handler_thread_func waiting on select thread>"
02-28 02:38:44.459  2447  2447 E PerformanceService: storage_feature: open /sys/devices/platform/soc/112b0000.ufshci//virtualtlcbuff fail
02-28 02:38:44.730  1231 22565 I android.system.suspend-service: First holding wakelock name = PowerManagerService.WakeLocks
02-28 02:38:44.755  1231 22565 I android.system.suspend-service: Last release wakelock name = PowerManagerService.WakeLocks
02-28 02:38:44.756  1231 22565 I android.system.suspend-service: mAutosuspendEnabled=1
02-28 02:38:44.768  3665  4600 V NetworkPolicy: updateNetworkEnabledNL() return
02-28 02:38:44.768  3665  4600 V NetworkPolicy: updateNotificationsNL not process
02-28 02:38:44.769  3665  4711 D OplusTetheringStatistician: get tethering traffic from mobile data, slotIndex: 0; entry: 0; rx bytes: 9421358930; tx bytes: 3332623741
02-28 02:38:44.769  3665  4711 D OplusTetheringStatistician: get tethering traffic from mobile data, slotIndex: 0; entry: 0; rx bytes: 3498; tx bytes: 0
02-28 02:38:44.770  3665  4711 E OplusTetheringNotification: Screen is off, no notification
02-28 02:38:44.852 12040 12062 I AiAiStatsd: No op: the most recent atoms from the date 2026-02-26 have been uploaded.
02-28 02:38:45.058  5294  5843 V MonthTrafficAlert: getWarningNotification subId:1 numWarningNotificaion:0
02-28 02:38:45.225  5173  5208 E Tethering: [api31.BpfCoordinatorShimImpl] ERROR Could not insert entry (iif: 45, dstMac: 0a:61:08:9a:95:54, l4proto: 17, src4: /10.33.198.227, dst4: /104.18.95.41, srcPort: 60348, dstPort: 443, oif: 20, ethDstMac: 00:00:00:00:00:00, ethSrcMac: 00:00:00:00:00:00, ethProto: 2048, pmtu: 1400, src46: /192.0.0.2, dst46: /104.18.95.41, srcPort: 60348, dstPort: 443, lastUsed: 0): android.system.ErrnoException: nativeWriteToMapEntry failed: E2BIG (Argument list too long)
02-28 02:38:45.228  5173  5208 E Tethering: [api31.BpfCoordinatorShimImpl] ERROR Could not insert entry (iif: 20, dstMac: 00:00:00:00:00:00, l4proto: 17, src4: /104.18.95.41, dst4: /192.0.0.2, srcPort: 443, dstPort: 60348, oif: 45, ethDstMac: 98:bd:80:20:ad:41, ethSrcMac: 0a:61:08:9a:95:54, ethProto: 2048, pmtu: 1400, src46: /104.18.95.41, dst46: /10.33.198.227, srcPort: 443, dstPort: 60348, lastUsed: 0): android.system.ErrnoException: nativeWriteToMapEntry failed: E2BIG (Argument list too long)
02-28 02:38:45.261  2333 28452 E sensors-hal: handle_sns_std_sensor_event:151, oplus_wise_light: lux 133, data_c = 860, period 100 ms, brightness:0, data_cnt:57606
02-28 02:38:45.286 27719 27719 E qsap_location: QESDK service init
02-28 02:38:45.287 27719 27719 E qsap_location: Failed to connect to QESDK Manager (connection failed No such file or directory)
02-28 02:38:45.287 27719 27719 E LOC_QESDK: connectQesd:133] fail to init qesd svc, error = -1
02-28 02:38:45.297  1231 27631 I android.system.suspend-service: First holding wakelock name = qms_event_Handler_wakeLock_
02-28 02:38:45.300  1231 27631 I android.system.suspend-service: Last release wakelock name = qms_event_Handler_wakeLock_
02-28 02:38:45.300  1231 27631 I android.system.suspend-service: mAutosuspendEnabled=1
02-28 02:38:45.424  4238  4246 E Diag_Lib: [IMS_AP]"ims-rtp-daemon ims_rtp_qmi_handler_thread_func waiting on select thread>"
02-28 02:38:45.430  4238  4246 E Diag_Lib: [IMS_AP]"ims-rtp-daemon ims_rtp_qmi_handler_thread_func waiting on select thread>"
02-28 02:38:45.436  4238  4246 E Diag_Lib: [IMS_AP]"ims-rtp-daemon ims_rtp_qmi_handler_thread_func waiting on select thread>"
02-28 02:38:45.439  4238  4246 E Diag_Lib: [IMS_AP]"ims-rtp-daemon ims_rtp_qmi_handler_thread_func waiting on select thread>"
02-28 02:38:46.287 27719 27719 E qsap_location: QESDK service init
02-28 02:38:46.288 27719 27719 E qsap_location: Failed to connect to QESDK Manager (connection failed No such file or directory)
02-28 02:38:46.288 27719 27719 E LOC_QESDK: connectQesd:133] fail to init qesd svc, error = -1
02-28 02:38:46.521  4238  4246 E Diag_Lib: [IMS_AP]"ims-rtp-daemon ims_rtp_qmi_handler_thread_func waiting on select thread>"
02-28 02:38:46.525  4238  4246 E Diag_Lib: [IMS_AP]"ims-rtp-daemon ims_rtp_qmi_handler_thread_func waiting on select thread>"
02-28 02:38:46.530  4238  4246 E Diag_Lib: [IMS_AP]"ims-rtp-daemon ims_rtp_qmi_handler_thread_func waiting on select thread>"
02-28 02:38:46.534  4238  4246 E Diag_Lib: [IMS_AP]"ims-rtp-daemon ims_rtp_qmi_handler_thread_func waiting on select thread>"
02-28 02:38:46.587  2402  2402 I [UAH_CLIENT]: UahPlatformResAcquire
02-28 02:38:46.588  2402  2402 I [UAH_CLIENT]: UahEventAcquire, cmdid:-3, pkg:2943 2991, identity:qcom-perfd
02-28 02:38:46.591  2402  2483 E ANDR-PERF-RESOURCEQS: ANDR-PERF-RESOURCEQS: AddAndApply() 125: Resource with major=16, minor=0 not supported
02-28 02:38:46.631 27667 27667 V SystemSensorManagerExtImpl: unRegisterListener by com.google.ccc.abuse.droidguard.events.b@5053f92
02-28 02:38:46.632 27667 27667 V SystemSensorManagerExtImpl: unRegisterListener by com.google.ccc.abuse.droidguard.events.b@986bd63
02-28 02:38:46.643 19928 20037 I APS_ALOG: flushRoutine g_immediateFlush=0 g_pendingCount=0 g_oobCount=0 asan-debug7
02-28 02:38:46.792  2402 27752 I [UAH_CLIENT]: UahRelease, handle:619559
02-28 02:38:47.161  2475  2511 D vendor.oplus.hardware.charger-V9-service: s_chg_user_mode: 3
02-28 02:38:47.161  2475  2511 D vendor.oplus.hardware.charger-V9-service: scale_chg Start!!!
02-28 02:38:47.162  2475  2511 D vendor.oplus.hardware.charger-V9-service: [0, 0, 3]
02-28 02:38:47.162  2475  2511 D vendor.oplus.hardware.charger-V9-service: [0, 2, 15]
02-28 02:38:47.162  2475  2511 D vendor.oplus.hardware.charger-V9-service: [0, 1, 4]
02-28 02:38:47.162  2475  2511 D vendor.oplus.hardware.charger-V9-service: [0, 3, 3]
02-28 02:38:47.163  2475  2511 D vendor.oplus.hardware.charger-V9-service: [0, 4, 3]
02-28 02:38:47.163  2475  2511 D vendor.oplus.hardware.charger-V9-service: [0, 5, 3]
02-28 02:38:47.163  2475  2511 D vendor.oplus.hardware.charger-V9-service: [0, 6, 15]
02-28 02:38:47.163  2475  2511 D vendor.oplus.hardware.charger-V9-service: scale_chg Start!!!
02-28 02:38:47.163  2475  2511 D vendor.oplus.hardware.charger-V9-service: [0, 0, 3]
02-28 02:38:47.164  2475  2511 D vendor.oplus.hardware.charger-V9-service: [0, 2, 12]
02-28 02:38:47.164  2475  2511 D vendor.oplus.hardware.charger-V9-service: [0, 1, 4]
02-28 02:38:47.164  2475  2511 D vendor.oplus.hardware.charger-V9-service: [0, 3, 3]
02-28 02:38:47.164  2475  2511 D vendor.oplus.hardware.charger-V9-service: [0, 4, 3]
02-28 02:38:47.164  2475  2511 D vendor.oplus.hardware.charger-V9-service: [0, 5, 3]
02-28 02:38:47.164  2475  2511 D vendor.oplus.hardware.charger-V9-service: [0, 6, 12]
02-28 02:38:47.261  2333 28452 E sensors-hal: handle_sns_std_sensor_event:151, oplus_wise_light: lux 134, data_c = 861, period 100 ms, brightness:0, data_cnt:57616
02-28 02:38:47.289 27719 27719 E qsap_location: QESDK service init
02-28 02:38:47.289 27719 27719 E qsap_location: Failed to connect to QESDK Manager (connection failed No such file or directory)
02-28 02:38:47.289 27719 27719 E LOC_QESDK: connectQesd:133] fail to init qesd svc, error = -1
02-28 02:38:47.346  1231 27631 I android.system.suspend-service: First holding wakelock name = qms_event_Handler_wakeLock_
02-28 02:38:47.352  1231 27631 I android.system.suspend-service: Last release wakelock name = qms_event_Handler_wakeLock_
02-28 02:38:47.352  1231 27631 I android.system.suspend-service: mAutosuspendEnabled=1
02-28 02:38:47.353 25848 25848 D BoundBrokerSvc: onUnbind: Intent { act=com.google.android.gms.common.telemetry.service.START dat=chimera-action:/... xflg=0x4 cmp=com.google.android.gms/.chimera.PersistentApiService mCallingUid=10126 }
02-28 02:38:47.359  2475  2521 D vendor.oplus.hardware.charger-V9-service: ret_value:124, read content:,380,403,3881,3881,-1313,33,33,1,3,0,1397,4676,33,0,4470,1600,1500,0,0,-22,0,0,1,0,2,0,0,0,1,0,100,0,2199,6950,0,0,0,0,0,75
02-28 02:38:47.359  2475  2521 D vendor.oplus.hardware.charger-V9-service: gmtime: 2026-02-28-02-38-47
02-28 02:38:47.359  2475  2521 D vendor.oplus.hardware.charger-V9-service: usb_online:1, ac_online:-2147483648, wireless_online:-2147483648
02-28 02:38:47.526  2475  2475 D vendor.oplus.hardware.charger-V9-service: getChargerControl:
02-28 02:38:47.620  4238  4246 E Diag_Lib: [IMS_AP]"ims-rtp-daemon ims_rtp_qmi_handler_thread_func waiting on select thread>"
02-28 02:38:47.626  4238  4246 E Diag_Lib: [IMS_AP]"ims-rtp-daemon ims_rtp_qmi_handler_thread_func waiting on select thread>"
02-28 02:38:47.632  4238  4246 E Diag_Lib: [IMS_AP]"ims-rtp-daemon ims_rtp_qmi_handler_thread_func waiting on select thread>"
02-28 02:38:47.636  4238  4246 E Diag_Lib: [IMS_AP]"ims-rtp-daemon ims_rtp_qmi_handler_thread_func waiting on select thread>"
02-28 02:38:47.697  7950 27908 D gaia-GaiaConnectChecker: start connect check++
02-28 02:38:47.775  1231 22341 I android.system.suspend-service: First holding wakelock name = PowerManagerService.WakeLocks
02-28 02:38:47.786  2178  2219 E TetherController: property_get sys.radio.data.modem_share_flag return 0, 1!
02-28 02:38:47.812  1231 22341 I android.system.suspend-service: Last release wakelock name = PowerManagerService.WakeLocks
02-28 02:38:47.813  1231 22341 I android.system.suspend-service: mAutosuspendEnabled=1
02-28 02:38:47.815  3665  4711 W OPLUS_LOG_LOAD: ==LOGS PROG INFO, prog(system_server) ==
02-28 02:38:47.815  3665  4711 D OplusTetheringStatistician: get tethering traffic from mobile data, slotIndex: 0; entry: 0; rx bytes: 9421368534; tx bytes: 3332628309
02-28 02:38:47.815  3665  4711 D OplusTetheringStatistician: get tethering traffic from mobile data, slotIndex: 0; entry: 0; rx bytes: 3498; tx bytes: 0
02-28 02:38:47.817  3665  4711 E OplusTetheringNotification: Screen is off, no notification
02-28 02:38:47.822  5294  5843 V MonthTrafficAlert: getWarningNotification subId:1 numWarningNotificaion:0
02-28 02:38:48.289 27719 27719 E qsap_location: QESDK service init
02-28 02:38:48.290 27719 27719 E qsap_location: Failed to connect to QESDK Manager (connection failed No such file or directory)
02-28 02:38:48.290 27719 27719 E LOC_QESDK: connectQesd:133] fail to init qesd svc, error = -1
02-28 02:38:48.421  4238  4246 E Diag_Lib: [IMS_AP]"ims-rtp-daemon ims_rtp_qmi_handler_thread_func waiting on select thread>"
02-28 02:38:48.556  2402  2402 I [UAH_CLIENT]: UahPlatformResAcquire
02-28 02:38:48.556  2402  2402 I [UAH_CLIENT]: UahEventAcquire, cmdid:-3, pkg:2943 2991, identity:qcom-perfd
02-28 02:38:48.559  2402  2483 E ANDR-PERF-RESOURCEQS: ANDR-PERF-RESOURCEQS: AddAndApply() 125: Resource with major=16, minor=0 not supported
02-28 02:38:48.712  1049  1049 E lowmemorykiller: device memory 443854 free 70674 file 391366
02-28 02:38:48.712  3665  4949 I Osense-PsiDetector: 1734,278,1478,5631,74,390,340,1399,1602,498,1029,0,8,9463
02-28 02:38:48.712  1049  1049 E lowmemorykiller: device memory 444042 free 70800 file 391302
02-28 02:38:48.712  3665  4934 I Osense-BaseDecisionMaker: notifySceneToAthenaPolicy: SCENE_RES_MEM_PSI_NORMAL, bundle: Bundle[{memLevel=3}]
02-28 02:38:48.713  4238  4246 E Diag_Lib: [IMS_AP]"ims-rtp-daemon ims_rtp_qmi_handler_thread_func waiting on select thread>"
02-28 02:38:48.714  4238  4246 E Diag_Lib: [IMS_AP]"ims-rtp-daemon ims_rtp_qmi_handler_thread_func waiting on select thread>"
02-28 02:38:48.715 10324 19469 I metis_v2_OsenseCallBack: memLevel: 3 [Metis|com.oplus.metis|2.0.20-aa39d14]
02-28 02:38:48.716  4238  4246 E Diag_Lib: [IMS_AP]"ims-rtp-daemon ims_rtp_qmi_handler_thread_func waiting on select thread>"
02-28 02:38:48.718  4238  4246 E Diag_Lib: [IMS_AP]"ims-rtp-daemon ims_rtp_qmi_handler_thread_func waiting on select thread>"
02-28 02:38:48.760  2402 27755 I [UAH_CLIENT]: UahRelease, handle:619560
02-28 02:38:48.814  1049  1049 E lowmemorykiller: device memory 444923 free 75277 file 387711
02-28 02:38:48.883  1231 27631 I android.system.suspend-service: First holding wakelock name = qms_event_Handler_wakeLock_
02-28 02:38:48.886  1231 27631 I android.system.suspend-service: Last release wakelock name = qms_event_Handler_wakeLock_
02-28 02:38:48.886  1231 27631 I android.system.suspend-service: mAutosuspendEnabled=1
02-28 02:38:48.916  1049  1049 E lowmemorykiller: device memory 444923 free 75277 file 387711
02-28 02:38:49.261  2333 28452 E sensors-hal: handle_sns_std_sensor_event:151, oplus_wise_light: lux 132, data_c = 861, period 100 ms, brightness:0, data_cnt:57626
02-28 02:38:49.290 27719 27719 E qsap_location: QESDK service init
02-28 02:38:49.291 27719 27719 E qsap_location: Failed to connect to QESDK Manager (connection failed No such file or directory)
02-28 02:38:49.291 27719 27719 E LOC_QESDK: connectQesd:133] fail to init qesd svc, error = -1
02-28 02:38:49.326  6524 23072 E oiface  : sched_setaffinity failed
02-28 02:38:49.458  2447  2447 E PerformanceService: storage_feature: open /sys/devices/platform/soc/112b0000.ufshci//virtualtlcbuff fail
02-28 02:38:49.649  1231 22341 I android.system.suspend-service: First holding wakelock name = qms_event_Handler_wakeLock_
02-28 02:38:49.652  1231 22341 I android.system.suspend-service: Last release wakelock name = qms_event_Handler_wakeLock_
02-28 02:38:49.652  1231 22341 I android.system.suspend-service: mAutosuspendEnabled=1
02-28 02:38:49.653  1231 27631 I android.system.suspend-service: First holding wakelock name = qms_event_Handler_wakeLock_
02-28 02:38:49.656  1231 27631 I android.system.suspend-service: Last release wakelock name = qms_event_Handler_wakeLock_
02-28 02:38:49.656  1231 27631 I android.system.suspend-service: mAutosuspendEnabled=1
02-28 02:38:49.716 10324 19469 I metis_v2_OsenseCallBack: memLevel: 0 [Metis|com.oplus.metis|2.0.20-aa39d14]
02-28 02:38:49.754  3665  4949 I Osense-PsiDetector: 1736,295,1474,5631,74,390,340,1395,1588,494,1019,0,8,9461
02-28 02:38:49.755  3665  4934 I Osense-BaseDecisionMaker: notifySceneToAthenaPolicy: SCENE_RES_MEM_PSI_NORMAL, bundle: Bundle[{memLevel=3}]
02-28 02:38:49.756 10324 19469 I metis_v2_OsenseCallBack: memLevel: 3
02-28 02:38:49.816  4238  4246 E Diag_Lib: [IMS_AP]"ims-rtp-daemon ims_rtp_qmi_handler_thread_func waiting on select thread>"
02-28 02:38:49.818  4238  4246 E Diag_Lib: [IMS_AP]"ims-rtp-daemon ims_rtp_qmi_handler_thread_func waiting on select thread>"
02-28 02:38:49.822  4238  4246 E Diag_Lib: [IMS_AP]"ims-rtp-daemon ims_rtp_qmi_handler_thread_func waiting on select thread>"
02-28 02:38:49.825  4238  4246 E Diag_Lib: [IMS_AP]"ims-rtp-daemon ims_rtp_qmi_handler_thread_func waiting on select thread>"
02-28 02:38:49.828  4238  4246 E Diag_Lib: [IMS_AP]"ims-rtp-daemon ims_rtp_qmi_handler_thread_func waiting on select thread>"
02-28 02:38:49.830  4238  4246 E Diag_Lib: [IMS_AP]"ims-rtp-daemon ims_rtp_qmi_handler_thread_func waiting on select thread>"
02-28 02:38:49.838  4238  4246 E Diag_Lib: [IMS_AP]"ims-rtp-daemon ims_rtp_qmi_handler_thread_func waiting on select thread>"
02-28 02:38:49.841  4238  4246 E Diag_Lib: [IMS_AP]"ims-rtp-daemon ims_rtp_qmi_handler_thread_func waiting on select thread>"
02-28 02:38:49.845  4238  4246 E Diag_Lib: [IMS_AP]"ims-rtp-daemon ims_rtp_qmi_handler_thread_func waiting on select thread>"
02-28 02:38:49.847  4238  4246 E Diag_Lib: [IMS_AP]"ims-rtp-daemon ims_rtp_qmi_handler_thread_func waiting on select thread>"
02-28 02:38:50.291 27719 27719 E qsap_location: QESDK service init
02-28 02:38:50.292 27719 27719 E qsap_location: Failed to connect to QESDK Manager (connection failed No such file or directory)
02-28 02:38:50.292 27719 27719 E LOC_QESDK: connectQesd:133] fail to init qesd svc, error = -1
02-28 02:38:50.322 27590 27628 I Bugle   : BugleStartup: Registering SIM change receiver...
02-28 02:38:50.323 27590 27628 I Bugle   : BugleStartup: Updating app config...
02-28 02:38:50.326  3665  4315 W PackageManager: package com.google.android.apps.messaging uid 10125 pid 27590 call SetEnabledSetting(com.google.android.apps.messaging component = com.google.android.apps.messaging.shared.receiver.SmsReceiver, 2, 0)
02-28 02:38:50.327  3665  4315 W PackageManager: package com.google.android.apps.messaging uid 10125 pid 27590 call SetEnabledSetting(com.google.android.apps.messaging component = com.google.android.apps.messaging.shared.receiver.TelephonyChangeReceiver, 1, 0)
02-28 02:38:50.328  3665  4315 W PackageManager: package com.google.android.apps.messaging uid 10125 pid 27590 call SetEnabledSetting(com.google.android.apps.messaging component = com.google.android.apps.messaging.shared.receiver.DefaultSmsPackageChangedReceiver, 1, 0)
02-28 02:38:50.329  3665  4315 W PackageManager: package com.google.android.apps.messaging uid 10125 pid 27590 call SetEnabledSetting(com.google.android.apps.messaging component = com.google.android.apps.messaging.shared.receiver.RestoreReceiver, 1, 0)
02-28 02:38:50.330  3665  4315 W PackageManager: package com.google.android.apps.messaging uid 10125 pid 27590 call SetEnabledSetting(com.google.android.apps.messaging component = com.google.android.apps.messaging.shared.receiver.SmsRejectedReceiver, 2, 0)
02-28 02:38:50.331  3665  4315 W PackageManager: package com.google.android.apps.messaging uid 10125 pid 27590 call SetEnabledSetting(com.google.android.apps.messaging component = com.google.android.apps.messaging.ui.conversationlist.VideoShareIntentActivity, 1, 0)
02-28 02:38:50.332 27590 27628 I Bugle   : BugleStartup: Done with SIM change receiver & app config.
02-28 02:38:50.333 27590 27628 I Bugle   : BugleStartup: Handling shared prefs upgrade & Load MMS Configuration...
02-28 02:38:50.340  1049  1049 E lowmemorykiller: device memory 444345 free 75007 file 387826
02-28 02:38:50.340 27590 27628 I BugleDataModel: Scheduling country code detector action, because a subscription changed its state.
02-28 02:38:50.345 27590 27623 I BugleRcsEngine: Unexpected action: android.intent.action.SIM_STATE_CHANGED [CONTEXT log_prefix="(Sim)" thread_id=2745 ]
02-28 02:38:50.347 27590 27633 I Bugle   : BugleStartup: Initializing RCS availability...
02-28 02:38:50.350 27590 27644 I RcsProvisioningFlow: Beginning update task for phone SIMs state scheduledAt: 2026-02-27T21:08:50.350Z
02-28 02:38:50.352 27590 27761 I BugleRcsEngine: do not delay first event [CONTEXT thread_id=2784 ]
02-28 02:38:50.355 27590 27628 I BugleDataModel: Scheduling self participants refresh action, because a subscription changed its state.
02-28 02:38:50.356 27590 27633 I Bugle   : BugleStartup: Done with RCS availability.
02-28 02:38:50.356 27590 27633 I Bugle   : BugleStartup: Done initializing with enabled individual init failures.
02-28 02:38:50.357 27590 27632 I RcsProvisioningFlow: Received intent action: android.intent.action.SIM_STATE_CHANGED with extra SIM_STATE: ABSENT
02-28 02:38:50.357 27590 27632 I RcsProvisioningFlow: Sending sim removal verification work request to scheduler due to ABSENT.
02-28 02:38:50.358 27590 27644 I RcsProvisioningFlow: Lock acquired for updatng phone SIMs state with update trigger: 1.
02-28 02:38:50.359 27590 27621 I .apps.messaging: AssetManager2(0xb400007a37b1bc28) locale list changing from [] to [en-GB]
02-28 02:38:50.359 27590 27644 I BugleSimStateTracker: default call SIM: redacted-pii:sim_id[chars:20,last3:203], default sms SIM redacted-pii:sim_id[chars:20,last3:203]. default data SIM redacted-pii:sim_id[chars:20,last3:203].
02-28 02:38:50.361 27590 27632 I RcsProvisioningFlow: Scheduling 2 using PWQ with updateTrigger: 7, scheduledAt: 2026-02-27T21:08:50.360Z, initialDelaySeconds: 90.
02-28 02:38:50.362 27590 27621 W Bugle   : BuglePhoneNumberUtils: canonicalizeMccMnc: invalid mccmnc. mcc: null, mnc: null
02-28 02:38:50.370 27590 27632 I Bugle   : BroadcastReceiverAsyncWorkTracker: Acknowledging broadcast of cwmz@8ec3eca
02-28 02:38:50.375 27590 27644 I BugleSimStateTracker: Is carrier config for identified carrier: true
02-28 02:38:50.381 27590 27761 I BugleRcsEngine: Processing an intent [CONTEXT log_prefix="(Sim)" thread_id=2784 ]
02-28 02:38:50.383 27590 27761 I BugleRcsEngine: SIM state LOADED [CONTEXT log_prefix="(Sim)" thread_id=2784 ]
02-28 02:38:50.394 27590 27761 I BugleRcsEngine: SIM changed: false. current id: redacted-pii:sim_id[chars:20,last3:203]; stored id: redacted-pii:sim_id[chars:20,last3:203]; isFiDevice: false; subId: 1; slotIndex: 0 [CONTEXT log_prefix="(Sim)" thread_id=2784 ]
02-28 02:38:50.404 27590 27644 I BugleSimStateTracker: Looking up Fi through package names.
02-28 02:38:50.404 27590 27632 D WM-GreedyScheduler: Ignoring {WorkSpec: 4ed2f077-0416-477b-8a84-47ae6ef4f4b3}. Requires device idle.
02-28 02:38:50.404 27590 27632 D WM-GreedyScheduler: Ignoring {WorkSpec: ffac81cd-b52f-4981-ad59-9d72d0dfc8d0}. Requires device idle.
02-28 02:38:50.405 27590 27632 D WM-GreedyScheduler: Ignoring {WorkSpec: 143f76d4-2fb8-4702-b3f9-814d00d8368a}. Requires device idle.
02-28 02:38:50.406 27590 27632 D WM-GreedyScheduler: Ignoring {WorkSpec: 44a59678-7a7e-4fe9-8955-cee024053b1d}. Requires device idle.
02-28 02:38:50.407 27590 27632 D WM-GreedyScheduler: Ignoring {WorkSpec: bf11979a-2400-4b31-93ca-0ad397604a69}. Requires device idle.
02-28 02:38:50.407 27590 27632 D WM-GreedyScheduler: Ignoring {WorkSpec: f48a4210-e0e3-47c2-bcf0-f9064ba81db7}. Requires device idle.
02-28 02:38:50.407 27590 27632 D WM-GreedyScheduler: Ignoring {WorkSpec: 9d925d66-2e09-4405-95a5-bc805e1daaa1}. Requires device idle.
02-28 02:38:50.407 27590 27632 D WM-GreedyScheduler: Ignoring {WorkSpec: 2239e7f2-8f37-418b-81f2-53d1abf3c62d}. Requires device idle.
02-28 02:38:50.407 27590 27632 D WM-GreedyScheduler: Ignoring {WorkSpec: 8ff213c8-f80d-4f42-9754-801a4c21fd62}. Requires device idle.
02-28 02:38:50.407 27590 27632 D WM-GreedyScheduler: Ignoring {WorkSpec: 608a0295-6e1b-4235-974a-b4233fe5ec19}. Requires device idle.
02-28 02:38:50.408 27590 27632 D WM-GreedyScheduler: Ignoring {WorkSpec: 41ba4155-eb93-4df9-94b1-514d7ab39a9f}. Requires device idle.
02-28 02:38:50.408 27590 27632 D WM-GreedyScheduler: Ignoring {WorkSpec: 2da54d14-ee6a-4dc7-a0ba-ca7970eefc70}. Requires device idle.
02-28 02:38:50.408 27590 27632 D WM-GreedyScheduler: Ignoring {WorkSpec: 3c2169c6-6eb5-4305-bf1f-2e89b803ecb8}. Requires device idle.
02-28 02:38:50.408 27590 27632 D WM-GreedyScheduler: Ignoring {WorkSpec: 99326141-adfb-4c0d-93a3-6d54eab0b773}. Requires device idle.
02-28 02:38:50.408 27590 27632 D WM-GreedyScheduler: Ignoring {WorkSpec: fdee9323-8c43-430f-a8aa-430fddbcbb17}. Requires device idle.
02-28 02:38:50.408 27590 27632 D WM-GreedyScheduler: Ignoring {WorkSpec: fb11c53a-123a-4bae-8523-03c4d1ea8316}. Requires device idle.
02-28 02:38:50.408 27590 27615 I BugleConnectivity: isOnSatellite(1): false [CONTEXT ratelimit_period="1 SECONDS" ]
02-28 02:38:50.409 27590 27615 I BugleConnectivity: 1 is not on satellite and no other subscriptions are on satellite [CONTEXT ratelimit_period="1 SECONDS" ]
02-28 02:38:50.410 27590 27632 D WM-GreedyScheduler: Ignoring {WorkSpec: cd9e26a6-9acc-4320-ad29-234e9bdd5082}. Requires ContentUri triggers.
02-28 02:38:50.410 27590 27632 D WM-GreedyScheduler: Ignoring {WorkSpec: da61a56b-dee7-49a1-bd51-282f086e3caa}. Requires device idle.
02-28 02:38:50.410 27590 27632 D WM-GreedyScheduler: Ignoring {WorkSpec: 12a39898-e276-4f4a-8ada-46c276546714}. Requires ContentUri triggers.
02-28 02:38:50.410 27590 27632 D WM-GreedyScheduler: Starting tracking for 9bbac23b-467c-42a6-9ca2-998aaa4a609c,66db8739-614d-4276-9c0d-29d7921c35ed
02-28 02:38:50.412 27590 27644 I Bugle   : CountryCodeDetector: updateSmsNetworkCountry from default subscription network country. detected country: in
02-28 02:38:50.416 27590 27621 I TableContentChangeObser: Starts to observe table change.
02-28 02:38:50.428 27590 27644 I RcsProvisioningFlow: All newly built SimSubscriptionInfos: [(simId: redacted-pii:sim_id[chars:20,last3:203],
02-28 02:38:50.428 27590 27644 I RcsProvisioningFlow: subId: 1,
02-28 02:38:50.428 27590 27644 I RcsProvisioningFlow: simSlot: 0,
02-28 02:38:50.428 27590 27644 I RcsProvisioningFlow: imsi: redacted-pii:imsi[chars:15],
02-28 02:38:50.428 27590 27644 I RcsProvisioningFlow: phoneNumber: redacted-pii:phone_number[chars:12,last2:12],
02-28 02:38:50.428 27590 27644 I RcsProvisioningFlow: countryCode: IN,
02-28 02:38:50.428 27590 27644 I RcsProvisioningFlow: networkOperatorName: Jio True5G,
02-28 02:38:50.428 27590 27644 I RcsProvisioningFlow: subscriptionGroupUuid: ,
02-28 02:38:50.428 27590 27644 I RcsProvisioningFlow: mcc: 405,
02-28 02:38:50.428 27590 27644 I RcsProvisioningFlow: mnc: 864,
02-28 02:38:50.428 27590 27644 I RcsProvisioningFlow: simCarrierId: 2018,
02-28 02:38:50.428 27590 27644 I RcsProvisioningFlow: iccid: redacted-pii:sim_iccid[chars:20],
02-28 02:38:50.428 27590 27644 I RcsProvisioningFlow: isFi: false,
02-28 02:38:50.428 27590 27644 I RcsProvisioningFlow: loggableGuid: 1db16b1d-cf6d-4f26-93dc-fadf7e4ddf1c,
02-28 02:38:50.428 27590 27644 I RcsProvisioningFlow: formattedMsisdn: redacted-pii:phone_number[chars:13,last2:12],
02-28 02:38:50.428 27590 27644 I RcsProvisioningFlow: simOperatorName: Jio,
02-28 02:38:50.428 27590 27644 I RcsProvisioningFlow: simOperator: 405864,
02-28 02:38:50.428 27590 27644 I RcsProvisioningFlow: groupIdLevel1: FFFFFFFFFFFFFFFFFFFF,
02-28 02:38:50.428 27590 27644 I RcsProvisioningFlow: preferredSubscriptionName: SIM1)]
02-28 02:38:50.432  3665  5275 D ActivityManager: Cancel freezing 13753 com.android.vending
02-28 02:38:50.433  3665  5275 D ActivityManager: Cancel freezing 1466 com.google.android.gms
02-28 02:38:50.440  1466  1466 D BoundBrokerSvc: onRebind: Intent { act=com.google.android.gms.notifications.capping.api.NotificationsCappingApiService.START dat=chimera-action:/... xflg=0x4 cmp=com.google.android.gms/.chimera.GmsApiService mCallingUid=10125 }
02-28 02:38:50.442  1049  1049 E lowmemorykiller: device memory 443329 free 73113 file 388826
02-28 02:38:50.447 27590 27761 I BugleRcsEngine: Skipping writing subId because this is main bugle process. [CONTEXT log_prefix="(Sim)" thread_id=2784 ]
02-28 02:38:50.449 27590 27644 D WM-GreedyScheduler: Ignoring {WorkSpec: 4ed2f077-0416-477b-8a84-47ae6ef4f4b3}. Requires device idle.
02-28 02:38:50.449 27590 27644 D WM-GreedyScheduler: Ignoring {WorkSpec: ffac81cd-b52f-4981-ad59-9d72d0dfc8d0}. Requires device idle.
02-28 02:38:50.450 27590 27644 D WM-GreedyScheduler: Ignoring {WorkSpec: 143f76d4-2fb8-4702-b3f9-814d00d8368a}. Requires device idle.
02-28 02:38:50.450 27590 27644 D WM-GreedyScheduler: Ignoring {WorkSpec: 44a59678-7a7e-4fe9-8955-cee024053b1d}. Requires device idle.
02-28 02:38:50.450 27590 27644 D WM-GreedyScheduler: Ignoring {WorkSpec: bf11979a-2400-4b31-93ca-0ad397604a69}. Requires device idle.
02-28 02:38:50.450 27590 27644 D WM-GreedyScheduler: Ignoring {WorkSpec: f48a4210-e0e3-47c2-bcf0-f9064ba81db7}. Requires device idle.
02-28 02:38:50.450 27590 27644 D WM-GreedyScheduler: Ignoring {WorkSpec: 9d925d66-2e09-4405-95a5-bc805e1daaa1}. Requires device idle.
02-28 02:38:50.450 27590 27644 D WM-GreedyScheduler: Ignoring {WorkSpec: 2239e7f2-8f37-418b-81f2-53d1abf3c62d}. Requires device idle.
02-28 02:38:50.450 27590 27644 D WM-GreedyScheduler: Ignoring {WorkSpec: 8ff213c8-f80d-4f42-9754-801a4c21fd62}. Requires device idle.
02-28 02:38:50.450 27590 27644 D WM-GreedyScheduler: Ignoring {WorkSpec: 608a0295-6e1b-4235-974a-b4233fe5ec19}. Requires device idle.
02-28 02:38:50.450 27590 27644 D WM-GreedyScheduler: Ignoring {WorkSpec: 41ba4155-eb93-4df9-94b1-514d7ab39a9f}. Requires device idle.
02-28 02:38:50.450 27590 27644 D WM-GreedyScheduler: Ignoring {WorkSpec: 2da54d14-ee6a-4dc7-a0ba-ca7970eefc70}. Requires device idle.
02-28 02:38:50.451 27590 27644 D WM-GreedyScheduler: Ignoring {WorkSpec: 3c2169c6-6eb5-4305-bf1f-2e89b803ecb8}. Requires device idle.
02-28 02:38:50.451 27590 27644 D WM-GreedyScheduler: Ignoring {WorkSpec: 99326141-adfb-4c0d-93a3-6d54eab0b773}. Requires device idle.
02-28 02:38:50.451 27590 27644 D WM-GreedyScheduler: Ignoring {WorkSpec: fdee9323-8c43-430f-a8aa-430fddbcbb17}. Requires device idle.
02-28 02:38:50.451 27590 27644 D WM-GreedyScheduler: Ignoring {WorkSpec: fb11c53a-123a-4bae-8523-03c4d1ea8316}. Requires device idle.
02-28 02:38:50.451 27590 27644 D WM-GreedyScheduler: Ignoring {WorkSpec: cd9e26a6-9acc-4320-ad29-234e9bdd5082}. Requires ContentUri triggers.
02-28 02:38:50.452 27590 27644 D WM-GreedyScheduler: Ignoring {WorkSpec: da61a56b-dee7-49a1-bd51-282f086e3caa}. Requires device idle.
02-28 02:38:50.452 27590 27644 D WM-GreedyScheduler: Ignoring {WorkSpec: 12a39898-e276-4f4a-8ada-46c276546714}. Requires ContentUri triggers.
02-28 02:38:50.452 27590 27761 I BugleRcsEngine: Updated SIM info: currentSimId: redacted-pii:sim_id[chars:20,last3:203]; imsi: redacted-pii:imsi[chars:15]; rawMsisdn: redacted-pii:phone_number[chars:12,last2:12]; formattedMsisdn: redacted-pii:phone_number[chars:13,last2:12]; mccmnc: redacted-pii:sim_operator[chars:6]; gid1: redacted-pii:sim_gid[chars:20]; isFiDevice: false; subId: 1; slotIndex: 0 [CONTEXT log_prefix="(Sim)" thread_id=2784 ]
02-28 02:38:50.452 27590 27764 I RcsProvisioningFlow: Storing updated SimSubscriptionInfo list: [(redacted-pii:sim_id[chars:20,last3:203], 1db16b1d-cf6d-4f26-93dc-fadf7e4ddf1c)]
02-28 02:38:50.454 27590 27644 D WM-GreedyScheduler: Starting tracking for 9bbac23b-467c-42a6-9ca2-998aaa4a609c,66db8739-614d-4276-9c0d-29d7921c35ed
02-28 02:38:50.459 27590 27648 I Forking : Starting analysis.
02-28 02:38:50.461 27590 27648 I Misthreading: Starting analysis.
02-28 02:38:50.462 27590 27761 I BugleRcsEngine: Handling SIM_LOADED in PhoneSimsStateUpdater. [CONTEXT log_prefix="(Sim)" thread_id=2784 ]
02-28 02:38:50.465 27590 27764 I RcsProvisioningFlow: Handling SIM loaded event for all SIMs on first update: [(redacted-pii[20-chars], 1db16b1d-cf6d-4f26-93dc-fadf7e4ddf1c)]
