02-28 02:38:17.287  3665  4711 D OplusTetheringStatistician: get tethering traffic from mobile data, slotIndex: 0; entry: 0; rx bytes: 9420120376; tx bytes: 3328837082
02-28 02:38:17.287  3665  4711 D OplusTetheringStatistician: get tethering traffic from mobile data, slotIndex: 0; entry: 0; rx bytes: 3498; tx bytes: 0
02-28 02:38:17.289  3665  4711 E OplusTetheringNotification: Screen is off, no notification
02-28 02:38:17.290  5294  5843 V MonthTrafficAlert: getWarningNotification subId:1 numWarningNotificaion:0
02-28 02:38:17.338  5173  5208 E Tethering: [api31.BpfCoordinatorShimImpl] ERROR Could not insert entry (iif: 45, dstMac: 0a:61:08:9a:95:54, l4proto: 6, src4: /10.33.198.227, dst4: /216.239.32.223, srcPort: 59005, dstPort: 443, oif: 20, ethDstMac: 00:00:00:00:00:00, ethSrcMac: 00:00:00:00:00:00, ethProto: 2048, pmtu: 1400, src46: /192.0.0.2, dst46: /216.239.32.223, srcPort: 59005, dstPort: 443, lastUsed: 0): android.system.ErrnoException: nativeWriteToMapEntry failed: E2BIG (Argument list too long)
02-28 02:38:17.340  5173  5208 E Tethering: [api31.BpfCoordinatorShimImpl] ERROR Could not insert entry (iif: 20, dstMac: 00:00:00:00:00:00, l4proto: 6, src4: /216.239.32.223, dst4: /192.0.0.2, srcPort: 443, dstPort: 59005, oif: 45, ethDstMac: 98:bd:80:20:ad:41, ethSrcMac: 0a:61:08:9a:95:54, ethProto: 2048, pmtu: 1400, src46: /216.239.32.223, dst46: /10.33.198.227, srcPort: 443, dstPort: 59005, lastUsed: 0): android.system.ErrnoException: nativeWriteToMapEntry failed: E2BIG (Argument list too long)
02-28 02:38:17.342  5173  5208 E Tethering: [api31.BpfCoordinatorShimImpl] ERROR Could not insert entry (iif: 45, dstMac: 0a:61:08:9a:95:54, l4proto: 6, src4: /10.33.198.227, dst4: /216.239.32.223, srcPort: 59004, dstPort: 443, oif: 20, ethDstMac: 00:00:00:00:00:00, ethSrcMac: 00:00:00:00:00:00, ethProto: 2048, pmtu: 1400, src46: /192.0.0.2, dst46: /216.239.32.223, srcPort: 59004, dstPort: 443, lastUsed: 0): android.system.ErrnoException: nativeWriteToMapEntry failed: E2BIG (Argument list too long)
02-28 02:38:17.344  5173  5208 E Tethering: [api31.BpfCoordinatorShimImpl] ERROR Could not insert entry (iif: 20, dstMac: 00:00:00:00:00:00, l4proto: 6, src4: /216.239.32.223, dst4: /192.0.0.2, srcPort: 443, dstPort: 59004, oif: 45, ethDstMac: 98:bd:80:20:ad:41, ethSrcMac: 0a:61:08:9a:95:54, ethProto: 2048, pmtu: 1400, src46: /216.239.32.223, dst46: /10.33.198.227, srcPort: 443, dstPort: 59004, lastUsed: 0): android.system.ErrnoException: nativeWriteToMapEntry failed: E2BIG (Argument list too long)
02-28 02:38:17.348  2475  2521 D vendor.oplus.hardware.charger-V9-service: ret_value:124, read content:,380,400,3888,3888,-1307,33,33,1,3,0,1397,4681,33,0,4470,1600,1500,0,0,-22,0,0,1,0,2,0,0,0,1,0,100,0,2187,6950,0,0,0,0,0,75
02-28 02:38:17.348  2475  2521 D vendor.oplus.hardware.charger-V9-service: gmtime: 2026-02-28-02-38-17
02-28 02:38:17.349  2475  2521 D vendor.oplus.hardware.charger-V9-service: usb_online:1, ac_online:-2147483648, wireless_online:-2147483648
02-28 02:38:17.512  2475  2475 D vendor.oplus.hardware.charger-V9-service: getChargerControl:
02-28 02:38:17.629  3665  5289 I OplusHansManager : uid=10585, pkg=com.fairpay.app F enter(), M stay=5
02-28 02:38:17.636  3665  5289 I OplusHansManager : freeze uid: 10585 com.fairpay.app pids: [11057, 11282] IsolatedUid: [99810] scene: LcdOff
02-28 02:38:17.637  3665  6503 I OStatsManager_OplusBatteryStatsManager: updateStateTime: PkgName = com.fairpay.app, uid = 10585, state to em, mForegroundCnt = 0, isFg = false
02-28 02:38:17.638  3665  5293 I OplusHansManager : p_BC uid=10585 pkg=com.fairpay.app
02-28 02:38:17.638  3665  5293 I OplusCameraManagerGlobal: reportAppFreeze E
02-28 02:38:17.638  2178  2219 E         : destroyAllSocketForUid:10585
02-28 02:38:17.639  3665  5293 I OplusBinderProxy: proxyBinder uid: 10585 pkg: com.fairpay.app proxy: true calling: OFreezer
02-28 02:38:17.639  3665  5293 I LocationFreezeProc: will freezeLocationProcess for com.fairpay.app, 10585, true, false
02-28 02:38:17.639  3665  5293 W LocationFreezeProc: Do nothing for the app is not record!
02-28 02:38:17.640  3665  5293 I OplusHansManager : p_gps: uid 10585 result false
02-28 02:38:17.640  3665  5293 W OplusHansManager : Failed to notify phone app uid : not register
02-28 02:38:17.640  2178  2219 E OplusNetd: DestroyAllSocket 1 sockets for uids{ 10585 } skip={0} in 2310us
02-28 02:38:17.641  3665  4780 D OAppNetControlService: Close socket:[10585] cause:App bg(IMMEDIATELY) success!
02-28 02:38:17.641  3665  4780 D OAppNetControlService: Hans update:[10585=true][0|0] blackList:[10334, 10393, 10414, 10558, 10332, 10340, 10370, 10580, 10367, 10575, 10350, 10442, 10430, 10488, 10585]
02-28 02:38:17.695  7950 27908 D gaia-GaiaConnectChecker: start connect check++
02-28 02:38:17.885  4238  4246 E Diag_Lib: [IMS_AP]"ims-rtp-daemon ims_rtp_qmi_handler_thread_func waiting on select thread>"
02-28 02:38:17.892  4238  4246 E Diag_Lib: [IMS_AP]"ims-rtp-daemon ims_rtp_qmi_handler_thread_func waiting on select thread>"
02-28 02:38:17.897  4238  4246 E Diag_Lib: [IMS_AP]"ims-rtp-daemon ims_rtp_qmi_handler_thread_func waiting on select thread>"
02-28 02:38:17.900  4238  4246 E Diag_Lib: [IMS_AP]"ims-rtp-daemon ims_rtp_qmi_handler_thread_func waiting on select thread>"
02-28 02:38:17.905  1231 27631 I android.system.suspend-service: First holding wakelock name = qms_event_Handler_wakeLock_
02-28 02:38:17.907  1231 27631 I android.system.suspend-service: Last release wakelock name = qms_event_Handler_wakeLock_
02-28 02:38:17.907  1231 27631 I android.system.suspend-service: mAutosuspendEnabled=1
02-28 02:38:18.148 26189 26189 E qsap_location: QESDK service init
02-28 02:38:18.149 26189 26189 E qsap_location: Failed to connect to QESDK Manager (connection failed No such file or directory)
02-28 02:38:18.149 26189 26189 E LOC_QESDK: connectQesd:133] fail to init qesd svc, error = -1
02-28 02:38:18.161  1231 30682 I android.system.suspend-service: First holding wakelock name = qms_event_Handler_wakeLock_
02-28 02:38:18.164  1231 30682 I android.system.suspend-service: Last release wakelock name = qms_event_Handler_wakeLock_
02-28 02:38:18.164  1231 30682 I android.system.suspend-service: mAutosuspendEnabled=1
02-28 02:38:18.331  2402  2402 I [UAH_CLIENT]: UahPlatformResAcquire
02-28 02:38:18.331  2402  2402 I [UAH_CLIENT]: UahEventAcquire, cmdid:-3, pkg:2943 2991, identity:qcom-perfd
02-28 02:38:18.334  2402  2483 E ANDR-PERF-RESOURCEQS: ANDR-PERF-RESOURCEQS: AddAndApply() 125: Resource with major=16, minor=0 not supported
02-28 02:38:18.417  1231 27631 I android.system.suspend-service: First holding wakelock name = qms_event_Handler_wakeLock_
02-28 02:38:18.418  1231 27631 I android.system.suspend-service: Last release wakelock name = qms_event_Handler_wakeLock_
02-28 02:38:18.418  1231 27631 I android.system.suspend-service: mAutosuspendEnabled=1
02-28 02:38:18.534  2402 27538 I [UAH_CLIENT]: UahRelease, handle:619550
02-28 02:38:18.640 14620 13488 D IHansComunication: HANS sendMessageToKernel: threadId = 496367864896, netLinkSetup = 1, type = FROZEN_TRANS, targetUid = 10585, pkgCmd = PKG_CMD_MAX
02-28 02:38:18.931  1231 30682 I android.system.suspend-service: First holding wakelock name = qms_event_Handler_wakeLock_
02-28 02:38:18.934  1231 30682 I android.system.suspend-service: Last release wakelock name = qms_event_Handler_wakeLock_
02-28 02:38:18.934  1231 30682 I android.system.suspend-service: mAutosuspendEnabled=1
02-28 02:38:18.934  1231 27631 I android.system.suspend-service: First holding wakelock name = qms_event_Handler_wakeLock_
02-28 02:38:18.937  1231 27631 I android.system.suspend-service: Last release wakelock name = qms_event_Handler_wakeLock_
02-28 02:38:18.937  1231 27631 I android.system.suspend-service: mAutosuspendEnabled=1
02-28 02:38:18.938  1231 27631 I android.system.suspend-service: First holding wakelock name = qms_event_Handler_wakeLock_
02-28 02:38:18.940  1231 27631 I android.system.suspend-service: Last release wakelock name = qms_event_Handler_wakeLock_
02-28 02:38:18.940  1231 27631 I android.system.suspend-service: mAutosuspendEnabled=1
02-28 02:38:18.986  4238  4246 E Diag_Lib: [IMS_AP]"ims-rtp-daemon ims_rtp_qmi_handler_thread_func waiting on select thread>"
02-28 02:38:18.991  4238  4246 E Diag_Lib: [IMS_AP]"ims-rtp-daemon ims_rtp_qmi_handler_thread_func waiting on select thread>"
02-28 02:38:18.995  4238  4246 E Diag_Lib: [IMS_AP]"ims-rtp-daemon ims_rtp_qmi_handler_thread_func waiting on select thread>"
02-28 02:38:18.998  4238  4246 E Diag_Lib: [IMS_AP]"ims-rtp-daemon ims_rtp_qmi_handler_thread_func waiting on select thread>"
02-28 02:38:19.129  5420 15408 D RadioProxyJ[0]: startChannelMonitoring update mLatestRequestId:-1
02-28 02:38:19.149 26189 26189 E qsap_location: QESDK service init
02-28 02:38:19.150 26189 26189 E qsap_location: Failed to connect to QESDK Manager (connection failed No such file or directory)
02-28 02:38:19.150 26189 26189 E LOC_QESDK: connectQesd:133] fail to init qesd svc, error = -1
02-28 02:38:19.165  5420 15409 D RadioProxyJ[1]: startChannelMonitoring update mLatestRequestId:-1
02-28 02:38:19.261  2333 28452 E sensors-hal: handle_sns_std_sensor_event:151, oplus_wise_light: lux 131, data_c = 860, period 100 ms, brightness:0, data_cnt:57476
02-28 02:38:19.327  6524 23072 E oiface  : sched_setaffinity failed
02-28 02:38:19.366  5173  5208 E Tethering: [api31.BpfCoordinatorShimImpl] ERROR Could not insert entry (iif: 45, dstMac: 0a:61:08:9a:95:54, l4proto: 17, src4: /10.33.198.227, dst4: /8.8.8.8, srcPort: 61507, dstPort: 53, oif: 20, ethDstMac: 00:00:00:00:00:00, ethSrcMac: 00:00:00:00:00:00, ethProto: 2048, pmtu: 1400, src46: /192.0.0.2, dst46: /8.8.8.8, srcPort: 61507, dstPort: 53, lastUsed: 0): android.system.ErrnoException: nativeWriteToMapEntry failed: E2BIG (Argument list too long)
02-28 02:38:19.368  5173  5208 E Tethering: [api31.BpfCoordinatorShimImpl] ERROR Could not insert entry (iif: 20, dstMac: 00:00:00:00:00:00, l4proto: 17, src4: /8.8.8.8, dst4: /192.0.0.2, srcPort: 53, dstPort: 61507, oif: 45, ethDstMac: 98:bd:80:20:ad:41, ethSrcMac: 0a:61:08:9a:95:54, ethProto: 2048, pmtu: 1400, src46: /8.8.8.8, dst46: /10.33.198.227, srcPort: 53, dstPort: 61507, lastUsed: 0): android.system.ErrnoException: nativeWriteToMapEntry failed: E2BIG (Argument list too long)
02-28 02:38:19.441  1231 22565 I android.system.suspend-service: First holding wakelock name = qms_event_Handler_wakeLock_
02-28 02:38:19.444  1231 22565 I android.system.suspend-service: Last release wakelock name = qms_event_Handler_wakeLock_
02-28 02:38:19.444  1231 22565 I android.system.suspend-service: mAutosuspendEnabled=1
02-28 02:38:19.449  5173  5208 E Tethering: [api31.BpfCoordinatorShimImpl] ERROR Could not insert entry (iif: 45, dstMac: 0a:61:08:9a:95:54, l4proto: 6, src4: /10.33.198.227, dst4: /216.239.38.223, srcPort: 50265, dstPort: 443, oif: 20, ethDstMac: 00:00:00:00:00:00, ethSrcMac: 00:00:00:00:00:00, ethProto: 2048, pmtu: 1400, src46: /192.0.0.2, dst46: /216.239.38.223, srcPort: 50265, dstPort: 443, lastUsed: 0): android.system.ErrnoException: nativeWriteToMapEntry failed: E2BIG (Argument list too long)
02-28 02:38:19.451  5173  5208 E Tethering: [api31.BpfCoordinatorShimImpl] ERROR Could not insert entry (iif: 20, dstMac: 00:00:00:00:00:00, l4proto: 6, src4: /216.239.38.223, dst4: /192.0.0.2, srcPort: 443, dstPort: 50265, oif: 45, ethDstMac: 98:bd:80:20:ad:41, ethSrcMac: 0a:61:08:9a:95:54, ethProto: 2048, pmtu: 1400, src46: /216.239.38.223, dst46: /10.33.198.227, srcPort: 443, dstPort: 50265, lastUsed: 0): android.system.ErrnoException: nativeWriteToMapEntry failed: E2BIG (Argument list too long)
02-28 02:38:19.456  2447  2447 E PerformanceService: storage_feature: open /sys/devices/platform/soc/112b0000.ufshci//virtualtlcbuff fail
02-28 02:38:20.087  4238  4246 E Diag_Lib: [IMS_AP]"ims-rtp-daemon ims_rtp_qmi_handler_thread_func waiting on select thread>"
02-28 02:38:20.089  4238  4246 E Diag_Lib: [IMS_AP]"ims-rtp-daemon ims_rtp_qmi_handler_thread_func waiting on select thread>"
02-28 02:38:20.092  4238  4246 E Diag_Lib: [IMS_AP]"ims-rtp-daemon ims_rtp_qmi_handler_thread_func waiting on select thread>"
02-28 02:38:20.096  4238  4246 E Diag_Lib: [IMS_AP]"ims-rtp-daemon ims_rtp_qmi_handler_thread_func waiting on select thread>"
02-28 02:38:20.150 26189 26189 E qsap_location: QESDK service init
02-28 02:38:20.150 26189 26189 E qsap_location: Failed to connect to QESDK Manager (connection failed No such file or directory)
02-28 02:38:20.151 26189 26189 E LOC_QESDK: connectQesd:133] fail to init qesd svc, error = -1
02-28 02:38:20.292  1231 30682 I android.system.suspend-service: First holding wakelock name = PowerManagerService.WakeLocks
02-28 02:38:20.310  2178  2219 E TetherController: property_get sys.radio.data.modem_share_flag return 0, 1!
02-28 02:38:20.335  2402  2402 I [UAH_CLIENT]: UahPlatformResAcquire
02-28 02:38:20.335  2402  2402 I [UAH_CLIENT]: UahEventAcquire, cmdid:-3, pkg:2943 2991, identity:qcom-perfd
02-28 02:38:20.338  2402  2483 E ANDR-PERF-RESOURCEQS: ANDR-PERF-RESOURCEQS: AddAndApply() 125: Resource with major=16, minor=0 not supported
02-28 02:38:20.347  1231 30682 I android.system.suspend-service: Last release wakelock name = PowerManagerService.WakeLocks
02-28 02:38:20.347  1231 30682 I android.system.suspend-service: mAutosuspendEnabled=1
02-28 02:38:20.354  3665  4600 V NetworkPolicy: updateNetworkEnabledNL() return
02-28 02:38:20.354  3665  4600 V NetworkPolicy: updateNotificationsNL not process
02-28 02:38:20.354  3665  4711 D OplusTetheringStatistician: get tethering traffic from mobile data, slotIndex: 0; entry: 0; rx bytes: 9420266342; tx bytes: 3329153997
02-28 02:38:20.354  3665  4711 D OplusTetheringStatistician: get tethering traffic from mobile data, slotIndex: 0; entry: 0; rx bytes: 3498; tx bytes: 0
02-28 02:38:20.356  3665  4711 E OplusTetheringNotification: Screen is off, no notification
02-28 02:38:20.357  5294  5843 V MonthTrafficAlert: getWarningNotification subId:1 numWarningNotificaion:0
02-28 02:38:20.478  3665  3687 I system_server: Background young concurrent mark compact GC freed 40MB AllocSpace bytes, 168(3808KB) LOS objects, 24% free, 136MB/180MB, paused 7.809ms,7.875ms total 142.754ms
02-28 02:38:20.539  2402 27545 I [UAH_CLIENT]: UahRelease, handle:619551
02-28 02:38:20.927  7950  8990 D gaia-GaiaConnectChecker: start connect check++
02-28 02:38:21.151 26189 26189 E qsap_location: QESDK service init
02-28 02:38:21.152 26189 26189 E qsap_location: Failed to connect to QESDK Manager (connection failed No such file or directory)
02-28 02:38:21.152 26189 26189 E LOC_QESDK: connectQesd:133] fail to init qesd svc, error = -1
02-28 02:38:21.186  4238  4246 E Diag_Lib: [IMS_AP]"ims-rtp-daemon ims_rtp_qmi_handler_thread_func waiting on select thread>"
02-28 02:38:21.188  4238  4246 E Diag_Lib: [IMS_AP]"ims-rtp-daemon ims_rtp_qmi_handler_thread_func waiting on select thread>"
02-28 02:38:21.191  4238  4246 E Diag_Lib: [IMS_AP]"ims-rtp-daemon ims_rtp_qmi_handler_thread_func waiting on select thread>"
02-28 02:38:21.193  4238  4246 E Diag_Lib: [IMS_AP]"ims-rtp-daemon ims_rtp_qmi_handler_thread_func waiting on select thread>"
02-28 02:38:21.261  2333 28452 E sensors-hal: handle_sns_std_sensor_event:151, oplus_wise_light: lux 132, data_c = 860, period 100 ms, brightness:0, data_cnt:57486
02-28 02:38:21.638 19928 20037 W OPLUS_LOG_LOAD: ==LOGS PROG INFO, prog(com.oplus.camera) ==
02-28 02:38:21.638 19928 20037 I APS_ALOG: flushRoutine g_immediateFlush=0 g_pendingCount=0 g_oobCount=0 asan-debug7
02-28 02:38:22.003  1231 22565 I android.system.suspend-service: First holding wakelock name = qms_event_Handler_wakeLock_
02-28 02:38:22.006  1231 22565 I android.system.suspend-service: Last release wakelock name = qms_event_Handler_wakeLock_
02-28 02:38:22.006  1231 22565 I android.system.suspend-service: mAutosuspendEnabled=1
02-28 02:38:22.141  2475  2511 D vendor.oplus.hardware.charger-V9-service: s_chg_user_mode: 3
02-28 02:38:22.142  2475  2511 D vendor.oplus.hardware.charger-V9-service: scale_chg Start!!!
02-28 02:38:22.143  2475  2511 D vendor.oplus.hardware.charger-V9-service: [0, 0, 3]
02-28 02:38:22.143  2475  2511 D vendor.oplus.hardware.charger-V9-service: [0, 2, 15]
02-28 02:38:22.143  2475  2511 D vendor.oplus.hardware.charger-V9-service: [0, 1, 4]
02-28 02:38:22.144  2475  2511 D vendor.oplus.hardware.charger-V9-service: [0, 3, 3]
02-28 02:38:22.144  2475  2511 D vendor.oplus.hardware.charger-V9-service: [0, 4, 3]
02-28 02:38:22.144  3665  3821 D KernelCpuUidUserSysTimeReader: Removing uids 99805-99805
02-28 02:38:22.144  2475  2511 D vendor.oplus.hardware.charger-V9-service: [0, 5, 3]
02-28 02:38:22.144  2475  2511 D vendor.oplus.hardware.charger-V9-service: [0, 6, 15]
02-28 02:38:22.144  2475  2511 D vendor.oplus.hardware.charger-V9-service: scale_chg Start!!!
02-28 02:38:22.145  2475  2511 D vendor.oplus.hardware.charger-V9-service: [0, 0, 3]
02-28 02:38:22.145  2475  2511 D vendor.oplus.hardware.charger-V9-service: [0, 2, 12]
02-28 02:38:22.145  2475  2511 D vendor.oplus.hardware.charger-V9-service: [0, 1, 4]
02-28 02:38:22.145  2475  2511 D vendor.oplus.hardware.charger-V9-service: [0, 3, 3]
02-28 02:38:22.145  2475  2511 D vendor.oplus.hardware.charger-V9-service: [0, 4, 3]
02-28 02:38:22.146  2475  2511 D vendor.oplus.hardware.charger-V9-service: [0, 5, 3]
02-28 02:38:22.146  2475  2511 D vendor.oplus.hardware.charger-V9-service: [0, 6, 12]
02-28 02:38:22.152 26189 26189 E qsap_location: QESDK service init
02-28 02:38:22.152 26189 26189 E qsap_location: Failed to connect to QESDK Manager (connection failed No such file or directory)
02-28 02:38:22.152 26189 26189 E LOC_QESDK: connectQesd:133] fail to init qesd svc, error = -1
02-28 02:38:22.283  4238  4246 E Diag_Lib: [IMS_AP]"ims-rtp-daemon ims_rtp_qmi_handler_thread_func waiting on select thread>"
02-28 02:38:22.286  4238  4246 E Diag_Lib: [IMS_AP]"ims-rtp-daemon ims_rtp_qmi_handler_thread_func waiting on select thread>"
02-28 02:38:22.287  4238  4246 E Diag_Lib: [IMS_AP]"ims-rtp-daemon ims_rtp_qmi_handler_thread_func waiting on select thread>"
02-28 02:38:22.292  4238  4246 E Diag_Lib: [IMS_AP]"ims-rtp-daemon ims_rtp_qmi_handler_thread_func waiting on select thread>"
02-28 02:38:22.351  2475  2521 D vendor.oplus.hardware.charger-V9-service: ret_value:124, read content:,380,400,3890,3890,-1336,33,33,1,3,0,1397,4681,33,0,4470,1600,1500,0,0,-22,0,0,1,0,2,0,0,0,1,0,100,0,2191,6950,0,0,0,0,0,75
02-28 02:38:22.351  2475  2521 D vendor.oplus.hardware.charger-V9-service: gmtime: 2026-02-28-02-38-22
02-28 02:38:22.352  2475  2521 D vendor.oplus.hardware.charger-V9-service: usb_online:1, ac_online:-2147483648, wireless_online:-2147483648
02-28 02:38:22.516  2475  2475 D vendor.oplus.hardware.charger-V9-service: getChargerControl:
02-28 02:38:23.153 26189 26189 E qsap_location: QESDK service init
02-28 02:38:23.153 26189 26189 E qsap_location: Failed to connect to QESDK Manager (connection failed No such file or directory)
02-28 02:38:23.153 26189 26189 E LOC_QESDK: connectQesd:133] fail to init qesd svc, error = -1
02-28 02:38:23.261  2333 28452 E sensors-hal: handle_sns_std_sensor_event:151, oplus_wise_light: lux 131, data_c = 858, period 100 ms, brightness:0, data_cnt:57496
02-28 02:38:23.361  1231 30682 I android.system.suspend-service: First holding wakelock name = PowerManagerService.WakeLocks
02-28 02:38:23.369  2178  2219 E TetherController: property_get sys.radio.data.modem_share_flag return 0, 1!
02-28 02:38:23.383  1231 30682 I android.system.suspend-service: Last release wakelock name = PowerManagerService.WakeLocks
02-28 02:38:23.383  1231 30682 I android.system.suspend-service: mAutosuspendEnabled=1
02-28 02:38:23.392  4238  4246 E Diag_Lib: [IMS_AP]"ims-rtp-daemon ims_rtp_qmi_handler_thread_func waiting on select thread>"
02-28 02:38:23.393  5294  5843 V MonthTrafficAlert: getWarningNotification subId:1 numWarningNotificaion:0
02-28 02:38:23.393  4238  4246 E Diag_Lib: [IMS_AP]"ims-rtp-daemon ims_rtp_qmi_handler_thread_func waiting on select thread>"
02-28 02:38:23.394  4238  4246 E Diag_Lib: [IMS_AP]"ims-rtp-daemon ims_rtp_qmi_handler_thread_func waiting on select thread>"
02-28 02:38:23.396  4238  4246 E Diag_Lib: [IMS_AP]"ims-rtp-daemon ims_rtp_qmi_handler_thread_func waiting on select thread>"
02-28 02:38:23.483  3665  4711 D OplusTetheringStatistician: get tethering traffic from mobile data, slotIndex: 0; entry: 0; rx bytes: 9420331616; tx bytes: 3329835813
02-28 02:38:23.483  3665  4711 D OplusTetheringStatistician: get tethering traffic from mobile data, slotIndex: 0; entry: 0; rx bytes: 3498; tx bytes: 0
02-28 02:38:23.484  3665  4711 E OplusTetheringNotification: Screen is off, no notification
02-28 02:38:23.577  2324  2324 D healthd : system healthd: battery l=33 v=3888 t=38.0 h=2 st=2 c=-1211 fc=7000000 cc=145 chg=u
02-28 02:38:23.586  2475  2475 D ChargerInfo: getInfo: type: 0x1, update: 1
02-28 02:38:23.586  2475  2507 D ChargerInfo: chargerInfoUpdateThread: update start
02-28 02:38:23.588  2475  2507 D ChargerInfo: enableTx: path(/proc/wireless/enable_tx): not exist
02-28 02:38:23.588  2475  2507 D ChargerInfo: wlsAdapterPower: path(/sys/class/oplus_chg/wireless/max_w_power): not exist
02-28 02:38:23.588  2475  2507 D ChargerInfo: unknown: path(/sys/class/oplus_chg/ac/online) and backupPath(/sys/class/power_supply/ac/online) not exist
02-28 02:38:23.588  2475  2507 D ChargerInfo: unknown: path(/sys/class/oplus_chg/ac/online) and backupPath(/sys/class/power_supply/ac/online) not exist
02-28 02:38:23.588  2475  2507 D ChargerInfo: get_ui_charge_icon_type: 0 0 0 0
02-28 02:38:23.589  2475  2507 D ChargerInfo: unknown: path(/sys/class/oplus_chg/ac/online) and backupPath(/sys/class/power_supply/ac/online) not exist
02-28 02:38:23.589  2475  2507 D ChargerInfo: unknown: path(/sys/class/oplus_chg/ac/online) and backupPath(/sys/class/power_supply/ac/online) not exist
02-28 02:38:23.589  2475  2507 E ChargerInfo: SingleHyperPath not found
02-28 02:38:23.589  2475  2507 D ChargerInfo: chargerInfoUpdateThread: update end
02-28 02:38:23.589  2475  2507 D ChargerInfo: chargerInfoUpdateThread: update wait
02-28 02:38:23.589  2475  2475 D ChargerInfo: enableTx: path(/proc/wireless/enable_tx): not exist
02-28 02:38:23.589  2475  2475 D ChargerInfo: wlsAdapterPower: path(/sys/class/oplus_chg/wireless/max_w_power): not exist
02-28 02:38:23.589  2475  2475 D ChargerInfo: getInfo: {"Update":{"batteryFcc":6950,"batteryRm":2191,"bddLeakCurr":0,"bmsStatus":0,"bypassChgStatus":0,"chargeTimeRemaining":0,"cpaPower":7,"enableTx":true,"fastCharge":0,"isSupportSpeedCharge":0,"notifyCode":0,"otgOnline":1,"ppsChargePower":0,"ppsCharging":0,"shortCHwStatus":0,"shortIcOtpStatus":0,"uiIconType":0,"uiPower":0,"usbStatus":0,"wlsAdapterPower":0}}
02-28 02:38:23.591  3665  3821 D BatteryStatsImplExtImpl: mActiveProcesses size = 67
02-28 02:38:23.591  3665  3821 D BatteryStatsImplExtImpl: rpmhStats is null or interval time is too short.
02-28 02:38:23.815 27349 27353 W metadataservice: userfaultfd: MOVE ioctl seems unsupported: Connection timed out
02-28 02:38:24.051  1231 30682 I android.system.suspend-service: First holding wakelock name = qms_event_Handler_wakeLock_
02-28 02:38:24.053  1231 30682 I android.system.suspend-service: Last release wakelock name = qms_event_Handler_wakeLock_
02-28 02:38:24.053  1231 30682 I android.system.suspend-service: mAutosuspendEnabled=1
02-28 02:38:24.153 26189 26189 E qsap_location: QESDK service init
02-28 02:38:24.154 26189 26189 E qsap_location: Failed to connect to QESDK Manager (connection failed No such file or directory)
02-28 02:38:24.154 26189 26189 E LOC_QESDK: connectQesd:133] fail to init qesd svc, error = -1
02-28 02:38:24.309  1231 27631 I android.system.suspend-service: First holding wakelock name = qms_event_Handler_wakeLock_
02-28 02:38:24.311  1231 27631 I android.system.suspend-service: Last release wakelock name = qms_event_Handler_wakeLock_
02-28 02:38:24.311  1231 27631 I android.system.suspend-service: mAutosuspendEnabled=1
02-28 02:38:24.325  6524 23072 E oiface  : sched_setaffinity failed
02-28 02:38:24.381  1231 30682 I android.system.suspend-service: First holding wakelock name = qms_event_Handler_wakeLock_
02-28 02:38:24.383  1231 30682 I android.system.suspend-service: Last release wakelock name = qms_event_Handler_wakeLock_
02-28 02:38:24.383  1231 30682 I android.system.suspend-service: mAutosuspendEnabled=1
02-28 02:38:24.456  2447  2447 E PerformanceService: storage_feature: open /sys/devices/platform/soc/112b0000.ufshci//virtualtlcbuff fail
02-28 02:38:24.493  4238  4246 E Diag_Lib: [IMS_AP]"ims-rtp-daemon ims_rtp_qmi_handler_thread_func waiting on select thread>"
02-28 02:38:24.494  4238  4246 E Diag_Lib: [IMS_AP]"ims-rtp-daemon ims_rtp_qmi_handler_thread_func waiting on select thread>"
02-28 02:38:24.496  4238  4246 E Diag_Lib: [IMS_AP]"ims-rtp-daemon ims_rtp_qmi_handler_thread_func waiting on select thread>"
02-28 02:38:24.498  4238  4246 E Diag_Lib: [IMS_AP]"ims-rtp-daemon ims_rtp_qmi_handler_thread_func waiting on select thread>"
02-28 02:38:24.670  5173  5208 E Tethering: [api31.BpfCoordinatorShimImpl] ERROR Could not insert entry (iif: 45, dstMac: 0a:61:08:9a:95:54, l4proto: 6, src4: /10.33.198.227, dst4: /216.239.38.223, srcPort: 50265, dstPort: 443, oif: 20, ethDstMac: 00:00:00:00:00:00, ethSrcMac: 00:00:00:00:00:00, ethProto: 2048, pmtu: 1400, src46: /192.0.0.2, dst46: /216.239.38.223, srcPort: 50265, dstPort: 443, lastUsed: 0): android.system.ErrnoException: nativeWriteToMapEntry failed: E2BIG (Argument list too long)
02-28 02:38:24.672  5173  5208 E Tethering: [api31.BpfCoordinatorShimImpl] ERROR Could not insert entry (iif: 20, dstMac: 00:00:00:00:00:00, l4proto: 6, src4: /216.239.38.223, dst4: /192.0.0.2, srcPort: 443, dstPort: 50265, oif: 45, ethDstMac: 98:bd:80:20:ad:41, ethSrcMac: 0a:61:08:9a:95:54, ethProto: 2048, pmtu: 1400, src46: /216.239.38.223, dst46: /10.33.198.227, srcPort: 443, dstPort: 50265, lastUsed: 0): android.system.ErrnoException: nativeWriteToMapEntry failed: E2BIG (Argument list too long)
02-28 02:38:24.674  5173  5208 E Tethering: [api31.BpfCoordinatorShimImpl] ERROR Could not insert entry (iif: 45, dstMac: 0a:61:08:9a:95:54, l4proto: 6, src4: /10.33.198.227, dst4: /216.239.32.223, srcPort: 59005, dstPort: 443, oif: 20, ethDstMac: 00:00:00:00:00:00, ethSrcMac: 00:00:00:00:00:00, ethProto: 2048, pmtu: 1400, src46: /192.0.0.2, dst46: /216.239.32.223, srcPort: 59005, dstPort: 443, lastUsed: 0): android.system.ErrnoException: nativeWriteToMapEntry failed: E2BIG (Argument list too long)
02-28 02:38:24.676  5173  5208 E Tethering: [api31.BpfCoordinatorShimImpl] ERROR Could not insert entry (iif: 20, dstMac: 00:00:00:00:00:00, l4proto: 6, src4: /216.239.32.223, dst4: /192.0.0.2, srcPort: 443, dstPort: 59005, oif: 45, ethDstMac: 98:bd:80:20:ad:41, ethSrcMac: 0a:61:08:9a:95:54, ethProto: 2048, pmtu: 1400, src46: /216.239.32.223, dst46: /10.33.198.227, srcPort: 443, dstPort: 59005, lastUsed: 0): android.system.ErrnoException: nativeWriteToMapEntry failed: E2BIG (Argument list too long)
02-28 02:38:24.694  5173  5208 E Tethering: [api31.BpfCoordinatorShimImpl] ERROR Could not insert entry (iif: 45, dstMac: 0a:61:08:9a:95:54, l4proto: 6, src4: /10.33.198.227, dst4: /216.239.32.223, srcPort: 59005, dstPort: 443, oif: 20, ethDstMac: 00:00:00:00:00:00, ethSrcMac: 00:00:00:00:00:00, ethProto: 2048, pmtu: 1400, src46: /192.0.0.2, dst46: /216.239.32.223, srcPort: 59005, dstPort: 443, lastUsed: 0): android.system.ErrnoException: nativeWriteToMapEntry failed: E2BIG (Argument list too long)
02-28 02:38:24.696  5173  5208 E Tethering: [api31.BpfCoordinatorShimImpl] ERROR Could not insert entry (iif: 20, dstMac: 00:00:00:00:00:00, l4proto: 6, src4: /216.239.32.223, dst4: /192.0.0.2, srcPort: 443, dstPort: 59005, oif: 45, ethDstMac: 98:bd:80:20:ad:41, ethSrcMac: 0a:61:08:9a:95:54, ethProto: 2048, pmtu: 1400, src46: /216.239.32.223, dst46: /10.33.198.227, srcPort: 443, dstPort: 59005, lastUsed: 0): android.system.ErrnoException: nativeWriteToMapEntry failed: E2BIG (Argument list too long)
02-28 02:38:24.698  5173  5208 E Tethering: [api31.BpfCoordinatorShimImpl] ERROR Could not insert entry (iif: 45, dstMac: 0a:61:08:9a:95:54, l4proto: 6, src4: /10.33.198.227, dst4: /216.239.38.223, srcPort: 50265, dstPort: 443, oif: 20, ethDstMac: 00:00:00:00:00:00, ethSrcMac: 00:00:00:00:00:00, ethProto: 2048, pmtu: 1400, src46: /192.0.0.2, dst46: /216.239.38.223, srcPort: 50265, dstPort: 443, lastUsed: 0): android.system.ErrnoException: nativeWriteToMapEntry failed: E2BIG (Argument list too long)
02-28 02:38:24.700  5173  5208 E Tethering: [api31.BpfCoordinatorShimImpl] ERROR Could not insert entry (iif: 20, dstMac: 00:00:00:00:00:00, l4proto: 6, src4: /216.239.38.223, dst4: /192.0.0.2, srcPort: 443, dstPort: 50265, oif: 45, ethDstMac: 98:bd:80:20:ad:41, ethSrcMac: 0a:61:08:9a:95:54, ethProto: 2048, pmtu: 1400, src46: /216.239.38.223, dst46: /10.33.198.227, srcPort: 443, dstPort: 50265, lastUsed: 0): android.system.ErrnoException: nativeWriteToMapEntry failed: E2BIG (Argument list too long)
02-28 02:38:24.701  5173  5208 E Tethering: [api31.BpfCoordinatorShimImpl] ERROR Could not insert entry (iif: 45, dstMac: 0a:61:08:9a:95:54, l4proto: 6, src4: /10.33.198.227, dst4: /216.239.32.223, srcPort: 59005, dstPort: 443, oif: 20, ethDstMac: 00:00:00:00:00:00, ethSrcMac: 00:00:00:00:00:00, ethProto: 2048, pmtu: 1400, src46: /192.0.0.2, dst46: /216.239.32.223, srcPort: 59005, dstPort: 443, lastUsed: 0): android.system.ErrnoException: nativeWriteToMapEntry failed: E2BIG (Argument list too long)
02-28 02:38:24.702  5173  5208 E Tethering: [api31.BpfCoordinatorShimImpl] ERROR Could not insert entry (iif: 20, dstMac: 00:00:00:00:00:00, l4proto: 6, src4: /216.239.32.223, dst4: /192.0.0.2, srcPort: 443, dstPort: 59005, oif: 45, ethDstMac: 98:bd:80:20:ad:41, ethSrcMac: 0a:61:08:9a:95:54, ethProto: 2048, pmtu: 1400, src46: /216.239.32.223, dst46: /10.33.198.227, srcPort: 443, dstPort: 59005, lastUsed: 0): android.system.ErrnoException: nativeWriteToMapEntry failed: E2BIG (Argument list too long)
02-28 02:38:24.703  5173  5208 E Tethering: [api31.BpfCoordinatorShimImpl] ERROR Could not insert entry (iif: 45, dstMac: 0a:61:08:9a:95:54, l4proto: 6, src4: /10.33.198.227, dst4: /216.239.38.223, srcPort: 50265, dstPort: 443, oif: 20, ethDstMac: 00:00:00:00:00:00, ethSrcMac: 00:00:00:00:00:00, ethProto: 2048, pmtu: 1400, src46: /192.0.0.2, dst46: /216.239.38.223, srcPort: 50265, dstPort: 443, lastUsed: 0): android.system.ErrnoException: nativeWriteToMapEntry failed: E2BIG (Argument list too long)
02-28 02:38:24.704  5173  5208 E Tethering: [api31.BpfCoordinatorShimImpl] ERROR Could not insert entry (iif: 20, dstMac: 00:00:00:00:00:00, l4proto: 6, src4: /216.239.38.223, dst4: /192.0.0.2, srcPort: 443, dstPort: 50265, oif: 45, ethDstMac: 98:bd:80:20:ad:41, ethSrcMac: 0a:61:08:9a:95:54, ethProto: 2048, pmtu: 1400, src46: /216.239.38.223, dst46: /10.33.198.227, srcPort: 443, dstPort: 50265, lastUsed: 0): android.system.ErrnoException: nativeWriteToMapEntry failed: E2BIG (Argument list too long)
02-28 02:38:25.154 26189 26189 E qsap_location: QESDK service init
02-28 02:38:25.156 26189 26189 E qsap_location: Failed to connect to QESDK Manager (connection failed No such file or directory)
02-28 02:38:25.156 26189 26189 E LOC_QESDK: connectQesd:133] fail to init qesd svc, error = -1
02-28 02:38:25.237  3665  4437 W OPLUS_LOG_LOAD: ==LOGS PROG INFO, prog(system_server) ==
02-28 02:38:25.237  3665  4437 V AlarmManager: sending alarm Alarm{79f2eb2 type 3 origWhen 1293500087 whenElapsed 1293500087 android} uid 1000 whenElapsed 1293500087 windowLength 0 maxWhenElapsed 1293500087 repeatInterval 0 action null component null tag TIME_TICK flags 0x9 procName system_server
02-28 02:38:25.239  1231 27631 I android.system.suspend-service: First holding wakelock name = PowerManagerService.WakeLocks
02-28 02:38:25.240  3665  4437 V AlarmManager: sending alarm Alarm{dc4e3b9 type 1 origWhen 1772226475609 whenElapsed 1293495696 android} uid 1000 whenElapsed 1293495696 windowLength 0 maxWhenElapsed 1293495696 repeatInterval 0 action null component null tag StorgaeBandInfoAlarmTag flags 0x9 procName system_server
02-28 02:38:25.240  3665  4437 V AlarmManager: sending alarm Alarm{44d83fe type 3 origWhen 1293515087 whenElapsed 1293515087 android} uid 1000 whenElapsed 1293515087 windowLength 22494 maxWhenElapsed 1293537581 repeatInterval 0 action null component null tag *job.delay* flags 0x0 procName system_server
02-28 02:38:25.241  3665  4437 V AlarmManager: sending alarm Alarm{7acc75f type 3 origWhen 1293518000 whenElapsed 1293518000 android} uid 1000 whenElapsed 1293518000 windowLength 0 maxWhenElapsed 1293518000 repeatInterval 0 action null component null tag StatsCompanionService.periodic flags 0x9 procName system_server
02-28 02:38:25.241  3665  4437 V AlarmManager: sending alarm Alarm{bca05ac type 2 origWhen 1293515322 whenElapsed 1293515322 com.heytap.mcs} uid 1000 whenElapsed 1293515322 windowLength 10000 maxWhenElapsed 1293525322 repeatInterval 0 action com.heytap.mcs.action component null flags 0x8 procName com.heytap.mcs
02-28 02:38:25.241  5420  5420 D SubsysBroadcastManager: onReceive action:android.intent.action.TIME_TICK
02-28 02:38:25.243  5294  5865 D AMC     : [TriggerSystem] handleLoopTick trigger:vowifihandover phoneId:0 voWifiHandoverCount:0
02-28 02:38:25.243  5294  5865 D AMC     : [TriggerSystem] handleLoopTick trigger:vowifihandover phoneId:1 voWifiHandoverCount:0
02-28 02:38:25.246  5197  3938 D PhoneUsageTime: lastChargeFullTime=1772226465010 LastChargeFullDurationTime=82989079
02-28 02:38:25.251  3665  4437 V AlarmManager: sending alarm Alarm{6955e44 type 3 origWhen 1293505009 whenElapsed 1293505009 com.oplus.metis} uid 10339 whenElapsed 1293505009 windowLength 225000 maxWhenElapsed 1293730009 repeatInterval 300000 action oplus.intent.action.SORT_ALARM_ACTION component null flags 0x8 procName com.oplus.metis
02-28 02:38:25.251  3665  4437 V AlarmManager: sending alarm Alarm{cea0b2d type 1 origWhen 1772226489749 whenElapsed 1293514837 com.oplus.metis} uid 10339 whenElapsed 1293514837 windowLength 135000 maxWhenElapsed 1293649837 repeatInterval 180000 action com.oplus.action.RETRY_REGISTER_TIMER component null flags 0x8 procName com.oplus.metis
02-28 02:38:25.253  2180 16314 I statsd  : Fate decided that an alarm will trigger subscribers.
02-28 02:38:25.255  3665 14964 E OplusStorageUFSBandwidth: storage_io_metrics_path is /proc/oplus_storage/io_metrics/forever/
02-28 02:38:25.259  9330 16336 I OplusObrain: OplusObrainClientInvoke.nativeGetTelephonyInfo
02-28 02:38:25.259  9330 16336 I OplusObrain: OplusObrainClientInvoke.nativeGetTrafficTypeInfoForNetworkType networkType 1
02-28 02:38:25.260  2434  2434 E android.hardware.power.stats-impl.oplus: HandleFactory::read open charger_input_current_now(/proc/charger/input_current_now) failed! fd: -1 errno: 2
02-28 02:38:25.260  2434  2434 W android.hardware.power.stats-impl.oplus: PruneException: Unknown binder exception (2) pruned into EX_TRANSACTION_FAILED
02-28 02:38:25.260  6516 16254 W midasd  : handleFactory read failed.
02-28 02:38:25.261  2333 28452 E sensors-hal: handle_sns_std_sensor_event:151, oplus_wise_light: lux 132, data_c = 856, period 100 ms, brightness:0, data_cnt:57506
02-28 02:38:25.261 10324 11180 I DeepThinkerSDK: [APP] ClientConnection: getDeepThinkerBridge start
02-28 02:38:25.261 10324 11180 I DeepThinkerSDK: [APP] ClientConnection: getDeepThinkerBridge end
02-28 02:38:25.263  3665  3915 D OplusDisplayBrightnessBroadcastReceiver: onReceive action = android.intent.action.TIME_TICK , listeners = [com.android.server.display.feature.marvels.module.ORBrightnessMarvelsDataCollector$ScreenStateReceiver@1ee2041, com.android.server.display.color.eyeprotect.manager.AiCurveManager$RhythmBroadcastReceiverWithUpgradeUI@b0eb149, com.android.server.display.feature.ambience.events.event.TimeEvent$TimeChangeReceiver@dfd98bb]
02-28 02:38:25.263  3665 14964 E OplusStorageUFSBandwidth: Bandwidth - Read: 11.72 MB/s, Write: 0.13 MB/s
02-28 02:38:25.263  3665  5552 D KernelStatsHelper: getKernelStats start!
02-28 02:38:25.264  3665  5911 I OplusHansManager : unfreeze uid: 10370 com.google.android.keep pids: [24099] reason: updateWakeLockWorkSourceInternal mTag is empty/WorkSource{ chains=WorkChain{(10370), (1000, JobScheduler)}} scene: LcdOff
02-28 02:38:25.264  3665  3665 D LightsServiceExtImpl: currentTime is not belong to 700 - 2330
02-28 02:38:25.264  3665  6503 I OStatsManager_OplusBatteryStatsManager: updateStateTime: PkgName = com.google.android.keep, uid = 10370, state to bg, mForegroundCnt = 0, isFg = false
02-28 02:38:25.265  3665  5289 I OplusHansManager : uid=10370, pkg=com.google.android.keep F exit(), F stay=48, reason=updateWakeLockWorkSourceInternal mTag is empty/WorkSource{ chains=WorkChain{(10370), (1000, JobScheduler)}}, FrozenActionKeepProxy=false
02-28 02:38:25.265  3665  4686 D OplusNetlinkSocket: handleNetlinkRecvKernelMessage:nlmsghdr:StructNlMsgHdr{ nlmsg_len{3004}, nlmsg_type{47()}, nlmsg_flags{0()}, nlmsg_seq{0}, nlmsg_pid{240194126} }
02-28 02:38:25.265  3665  4686 D KernelStatsHelper: get magic :[-1, -1, -1, 77, 65, 71, 73, 67]
02-28 02:38:25.265  3665  4686 D KernelStatsHelper: magic matched count:549 data_len:28548
02-28 02:38:25.265  3665  4686 D OplusNetlinkSocket: handleNetlinkRecvKernelMessage:nlmsghdr:StructNlMsgHdr{ nlmsg_len{2988}, nlmsg_type{47()}, nlmsg_flags{0()}, nlmsg_seq{0}, nlmsg_pid{240194126} }
02-28 02:38:25.265  3665  4686 D OplusNetlinkSocket: handleNetlinkRecvKernelMessage:nlmsghdr:StructNlMsgHdr{ nlmsg_len{2988}, nlmsg_type{47()}, nlmsg_flags{0()}, nlmsg_seq{0}, nlmsg_pid{240194126} }
02-28 02:38:25.265  3665  4686 D OplusNetlinkSocket: handleNetlinkRecvKernelMessage:nlmsghdr:StructNlMsgHdr{ nlmsg_len{2988}, nlmsg_type{47()}, nlmsg_flags{0()}, nlmsg_seq{0}, nlmsg_pid{240194126} }
02-28 02:38:25.265  3665  4686 D OplusNetlinkSocket: handleNetlinkRecvKernelMessage:nlmsghdr:StructNlMsgHdr{ nlmsg_len{2988}, nlmsg_type{47()}, nlmsg_flags{0()}, nlmsg_seq{0}, nlmsg_pid{240194126} }
02-28 02:38:25.266  3665  4686 D OplusNetlinkSocket: handleNetlinkRecvKernelMessage:nlmsghdr:StructNlMsgHdr{ nlmsg_len{2988}, nlmsg_type{47()}, nlmsg_flags{0()}, nlmsg_seq{0}, nlmsg_pid{240194126} }
02-28 02:38:25.266  3665  4686 D OplusNetlinkSocket: handleNetlinkRecvKernelMessage:nlmsghdr:StructNlMsgHdr{ nlmsg_len{2988}, nlmsg_type{47()}, nlmsg_flags{0()}, nlmsg_seq{0}, nlmsg_pid{240194126} }
02-28 02:38:25.266  3665  4686 D OplusNetlinkSocket: handleNetlinkRecvKernelMessage:nlmsghdr:StructNlMsgHdr{ nlmsg_len{2988}, nlmsg_type{47()}, nlmsg_flags{0()}, nlmsg_seq{0}, nlmsg_pid{240194126} }
02-28 02:38:25.266  3665  4686 D OplusNetlinkSocket: handleNetlinkRecvKernelMessage:nlmsghdr:StructNlMsgHdr{ nlmsg_len{2988}, nlmsg_type{47()}, nlmsg_flags{0()}, nlmsg_seq{0}, nlmsg_pid{240194126} }
02-28 02:38:25.266  3665  4686 D OplusNetlinkSocket: handleNetlinkRecvKernelMessage:nlmsghdr:StructNlMsgHdr{ nlmsg_len{1896}, nlmsg_type{47()}, nlmsg_flags{0()}, nlmsg_seq{0}, nlmsg_pid{240194126} }
02-28 02:38:25.266  3665  4686 D KernelStatsHelper: data over! check: true
02-28 02:38:25.267  3665  4780 D OAppNetControlService: Hans update:[10370=false][0|0] blackList:[10334, 10393, 10414, 10558, 10332, 10340, 10580, 10367, 10575, 10350, 10442, 10430, 10488, 10585]
02-28 02:38:25.269  3665  5293 I OplusHansManager : up_BC uid=10370 pkg=com.google.android.keep
02-28 02:38:25.269  3665  5293 I OplusBinderProxy: proxyBinder uid: 10370 pkg: com.google.android.keep proxy: false calling: OFreezer
02-28 02:38:25.269  3665 14964 E OplusStorageUFSBandwidth: Task time: 14ms
02-28 02:38:25.271  9330 16336 I OplusObrain: OplusObrainClientInvoke.nativeGetTrafficTypeInfoForNetworkType networkType 0
02-28 02:38:25.274  3665 14964 E OplusStorageUFSBandwidth: Alarm set to trigger in 10 seconds
02-28 02:38:25.278  4862  4862 W OPLUS_LOG_LOAD: ==LOGS PROG INFO, prog(com.android.systemui) ==
02-28 02:38:25.278  4862  4862 I SystemUi--Notification: MediaSeedlingControlExImpl-->MEDIA_SEEDLING-->hasSeedlingCard: false, allowMediaPlayerOnLockScreen: true
02-28 02:38:25.281  1231 27631 I android.system.suspend-service: Last release wakelock name = PowerManagerService.WakeLocks
02-28 02:38:25.281  1231 27631 I android.system.suspend-service: mAutosuspendEnabled=1
02-28 02:38:25.286  5173  5208 E Tethering: [api31.BpfCoordinatorShimImpl] ERROR Could not insert entry (iif: 45, dstMac: 0a:61:08:9a:95:54, l4proto: 6, src4: /10.33.198.227, dst4: /34.54.84.110, srcPort: 58502, dstPort: 443, oif: 20, ethDstMac: 00:00:00:00:00:00, ethSrcMac: 00:00:00:00:00:00, ethProto: 2048, pmtu: 1400, src46: /192.0.0.2, dst46: /34.54.84.110, srcPort: 58502, dstPort: 443, lastUsed: 0): android.system.ErrnoException: nativeWriteToMapEntry failed: E2BIG (Argument list too long)
02-28 02:38:25.287  5173  5208 E Tethering: [api31.BpfCoordinatorShimImpl] ERROR Could not insert entry (iif: 20, dstMac: 00:00:00:00:00:00, l4proto: 6, src4: /34.54.84.110, dst4: /192.0.0.2, srcPort: 443, dstPort: 58502, oif: 45, ethDstMac: 98:bd:80:20:ad:41, ethSrcMac: 0a:61:08:9a:95:54, ethProto: 2048, pmtu: 1400, src46: /34.54.84.110, dst46: /10.33.198.227, srcPort: 443, dstPort: 58502, lastUsed: 0): android.system.ErrnoException: nativeWriteToMapEntry failed: E2BIG (Argument list too long)
02-28 02:38:25.297  5173  5208 E Tethering: [api31.BpfCoordinatorShimImpl] ERROR Could not insert entry (iif: 45, dstMac: 0a:61:08:9a:95:54, l4proto: 6, src4: /10.33.198.227, dst4: /34.54.84.110, srcPort: 58502, dstPort: 443, oif: 20, ethDstMac: 00:00:00:00:00:00, ethSrcMac: 00:00:00:00:00:00, ethProto: 2048, pmtu: 1400, src46: /192.0.0.2, dst46: /34.54.84.110, srcPort: 58502, dstPort: 443, lastUsed: 0): android.system.ErrnoException: nativeWriteToMapEntry failed: E2BIG (Argument list too long)
02-28 02:38:25.298  5173  5208 E Tethering: [api31.BpfCoordinatorShimImpl] ERROR Could not insert entry (iif: 20, dstMac: 00:00:00:00:00:00, l4proto: 6, src4: /34.54.84.110, dst4: /192.0.0.2, srcPort: 443, dstPort: 58502, oif: 45, ethDstMac: 98:bd:80:20:ad:41, ethSrcMac: 0a:61:08:9a:95:54, ethProto: 2048, pmtu: 1400, src46: /34.54.84.110, dst46: /10.33.198.227, srcPort: 443, dstPort: 58502, lastUsed: 0): android.system.ErrnoException: nativeWriteToMapEntry failed: E2BIG (Argument list too long)
02-28 02:38:25.301  5173  5208 E Tethering: [api31.BpfCoordinatorShimImpl] ERROR Could not insert entry (iif: 45, dstMac: 0a:61:08:9a:95:54, l4proto: 6, src4: /10.33.198.227, dst4: /34.54.84.110, srcPort: 58502, dstPort: 443, oif: 20, ethDstMac: 00:00:00:00:00:00, ethSrcMac: 00:00:00:00:00:00, ethProto: 2048, pmtu: 1400, src46: /192.0.0.2, dst46: /34.54.84.110, srcPort: 58502, dstPort: 443, lastUsed: 0): android.system.ErrnoException: nativeWriteToMapEntry failed: E2BIG (Argument list too long)
02-28 02:38:25.301  5173  5208 E Tethering: [api31.BpfCoordinatorShimImpl] ERROR Could not insert entry (iif: 20, dstMac: 00:00:00:00:00:00, l4proto: 6, src4: /34.54.84.110, dst4: /192.0.0.2, srcPort: 443, dstPort: 58502, oif: 45, ethDstMac: 98:bd:80:20:ad:41, ethSrcMac: 0a:61:08:9a:95:54, ethProto: 2048, pmtu: 1400, src46: /34.54.84.110, dst46: /10.33.198.227, srcPort: 443, dstPort: 58502, lastUsed: 0): android.system.ErrnoException: nativeWriteToMapEntry failed: E2BIG (Argument list too long)
02-28 02:38:25.314  5173  5208 E Tethering: [api31.BpfCoordinatorShimImpl] ERROR Could not insert entry (iif: 45, dstMac: 0a:61:08:9a:95:54, l4proto: 6, src4: /10.33.198.227, dst4: /34.54.84.110, srcPort: 58502, dstPort: 443, oif: 20, ethDstMac: 00:00:00:00:00:00, ethSrcMac: 00:00:00:00:00:00, ethProto: 2048, pmtu: 1400, src46: /192.0.0.2, dst46: /34.54.84.110, srcPort: 58502, dstPort: 443, lastUsed: 0): android.system.ErrnoException: nativeWriteToMapEntry failed: E2BIG (Argument list too long)
02-28 02:38:25.315  5173  5208 E Tethering: [api31.BpfCoordinatorShimImpl] ERROR Could not insert entry (iif: 20, dstMac: 00:00:00:00:00:00, l4proto: 6, src4: /34.54.84.110, dst4: /192.0.0.2, srcPort: 443, dstPort: 58502, oif: 45, ethDstMac: 98:bd:80:20:ad:41, ethSrcMac: 0a:61:08:9a:95:54, ethProto: 2048, pmtu: 1400, src46: /34.54.84.110, dst46: /10.33.198.227, srcPort: 443, dstPort: 58502, lastUsed: 0): android.system.ErrnoException: nativeWriteToMapEntry failed: E2BIG (Argument list too long)
02-28 02:38:25.468  1049  1049 E lowmemorykiller: device memory 452085 free 71538 file 398712
02-28 02:38:25.468  3665  4949 I Osense-PsiDetector: 1765,279,1563,5631,73,390,340,1416,1630,555,1001,0,8,9442
02-28 02:38:25.469 10324 19469 I metis_v2_OsenseCallBack: memLevel: 3 [Metis|com.oplus.metis|2.0.20-aa39d14]
02-28 02:38:25.470  1049  1049 E lowmemorykiller: device memory 452147 free 71664 file 398648
02-28 02:38:25.470  3665  4934 I Osense-BaseDecisionMaker: notifySceneToAthenaPolicy: SCENE_RES_MEM_PSI_NORMAL, bundle: Bundle[{memLevel=3}]
02-28 02:38:25.571  1049  1049 E lowmemorykiller: device memory 454488 free 81426 file 391269
02-28 02:38:25.572  3665  4949 I Osense-PsiDetector: 1775,318,1563,5631,73,390,340,1402,1601,547,980,0,8,9442
02-28 02:38:25.573  3665  4934 I Osense-BaseDecisionMaker: notifySceneToAthenaPolicy: SCENE_RES_MEM_PSI_NORMAL, bundle: Bundle[{memLevel=4}]
02-28 02:38:25.575  3665  4934 I Osense-BaseDecisionMaker: notifySceneToAthenaPolicy: SCENE_RES_MEM_PSI_LEAK, bundle: Bundle[{memLevel=4}]
02-28 02:38:25.588  1231 30682 I android.system.suspend-service: First holding wakelock name = qms_event_Handler_wakeLock_
02-28 02:38:25.590  1231 30682 I android.system.suspend-service: Last release wakelock name = qms_event_Handler_wakeLock_
02-28 02:38:25.590  1231 30682 I android.system.suspend-service: mAutosuspendEnabled=1
02-28 02:38:25.594  4238  4246 E Diag_Lib: [IMS_AP]"ims-rtp-daemon ims_rtp_qmi_handler_thread_func waiting on select thread>"
02-28 02:38:25.595  4238  4246 E Diag_Lib: [IMS_AP]"ims-rtp-daemon ims_rtp_qmi_handler_thread_func waiting on select thread>"
02-28 02:38:25.597  4238  4246 E Diag_Lib: [IMS_AP]"ims-rtp-daemon ims_rtp_qmi_handler_thread_func waiting on select thread>"
02-28 02:38:25.599  4238  4246 E Diag_Lib: [IMS_AP]"ims-rtp-daemon ims_rtp_qmi_handler_thread_func waiting on select thread>"
02-28 02:38:25.673  1049  1049 E lowmemorykiller: device memory 453795 free 80737 file 391275
02-28 02:38:25.756  3665  3915 D OplusBrightnessSceneAdapter: Arc scene change!!! NormalScene -> StableScene [erraticScore:-1, stableScore:5467] isLuxRefresh:true
02-28 02:38:25.899  5173  5208 E Tethering: [api31.BpfCoordinatorShimImpl] ERROR Could not insert entry (iif: 45, dstMac: 0a:61:08:9a:95:54, l4proto: 6, src4: /10.33.198.227, dst4: /216.239.32.223, srcPort: 59004, dstPort: 443, oif: 20, ethDstMac: 00:00:00:00:00:00, ethSrcMac: 00:00:00:00:00:00, ethProto: 2048, pmtu: 1400, src46: /192.0.0.2, dst46: /216.239.32.223, srcPort: 59004, dstPort: 443, lastUsed: 0): android.system.ErrnoException: nativeWriteToMapEntry failed: E2BIG (Argument list too long)
02-28 02:38:25.901  5173  5208 E Tethering: [api31.BpfCoordinatorShimImpl] ERROR Could not insert entry (iif: 20, dstMac: 00:00:00:00:00:00, l4proto: 6, src4: /216.239.32.223, dst4: /192.0.0.2, srcPort: 443, dstPort: 59004, oif: 45, ethDstMac: 98:bd:80:20:ad:41, ethSrcMac: 0a:61:08:9a:95:54, ethProto: 2048, pmtu: 1400, src46: /216.239.32.223, dst46: /10.33.198.227, srcPort: 443, dstPort: 59004, lastUsed: 0): android.system.ErrnoException: nativeWriteToMapEntry failed: E2BIG (Argument list too long)
02-28 02:38:25.926  5173  5208 E Tethering: [api31.BpfCoordinatorShimImpl] ERROR Could not insert entry (iif: 45, dstMac: 0a:61:08:9a:95:54, l4proto: 6, src4: /10.33.198.227, dst4: /216.239.32.223, srcPort: 59004, dstPort: 443, oif: 20, ethDstMac: 00:00:00:00:00:00, ethSrcMac: 00:00:00:00:00:00, ethProto: 2048, pmtu: 1400, src46: /192.0.0.2, dst46: /216.239.32.223, srcPort: 59004, dstPort: 443, lastUsed: 0): android.system.ErrnoException: nativeWriteToMapEntry failed: E2BIG (Argument list too long)
02-28 02:38:25.928  5173  5208 E Tethering: [api31.BpfCoordinatorShimImpl] ERROR Could not insert entry (iif: 20, dstMac: 00:00:00:00:00:00, l4proto: 6, src4: /216.239.32.223, dst4: /192.0.0.2, srcPort: 443, dstPort: 59004, oif: 45, ethDstMac: 98:bd:80:20:ad:41, ethSrcMac: 0a:61:08:9a:95:54, ethProto: 2048, pmtu: 1400, src46: /216.239.32.223, dst46: /10.33.198.227, srcPort: 443, dstPort: 59004, lastUsed: 0): android.system.ErrnoException: nativeWriteToMapEntry failed: E2BIG (Argument list too long)
02-28 02:38:26.004  5173  5208 E Tethering: [api31.BpfCoordinatorShimImpl] ERROR Could not insert entry (iif: 45, dstMac: 0a:61:08:9a:95:54, l4proto: 6, src4: /10.33.198.227, dst4: /216.239.32.223, srcPort: 59004, dstPort: 443, oif: 20, ethDstMac: 00:00:00:00:00:00, ethSrcMac: 00:00:00:00:00:00, ethProto: 2048, pmtu: 1400, src46: /192.0.0.2, dst46: /216.239.32.223, srcPort: 59004, dstPort: 443, lastUsed: 0): android.system.ErrnoException: nativeWriteToMapEntry failed: E2BIG (Argument list too long)
02-28 02:38:26.006  5173  5208 E Tethering: [api31.BpfCoordinatorShimImpl] ERROR Could not insert entry (iif: 20, dstMac: 00:00:00:00:00:00, l4proto: 6, src4: /216.239.32.223, dst4: /192.0.0.2, srcPort: 443, dstPort: 59004, oif: 45, ethDstMac: 98:bd:80:20:ad:41, ethSrcMac: 0a:61:08:9a:95:54, ethProto: 2048, pmtu: 1400, src46: /216.239.32.223, dst46: /10.33.198.227, srcPort: 443, dstPort: 59004, lastUsed: 0): android.system.ErrnoException: nativeWriteToMapEntry failed: E2BIG (Argument list too long)
02-28 02:38:26.078  1049  1049 E lowmemorykiller: device memory 453565 free 80486 file 391297
02-28 02:38:26.097  1231 27631 I android.system.suspend-service: First holding wakelock name = qms_event_Handler_wakeLock_
02-28 02:38:26.104  1231 27631 I android.system.suspend-service: Last release wakelock name = qms_event_Handler_wakeLock_
