02-28 02:38:36.110 27667 27667 V GraphicsEnvironment: com.google.android.gms is not listed in per-application setting
02-28 02:38:36.110 27667 27667 V GraphicsEnvironment: ANGLE allowlist from config: 
02-28 02:38:36.110 27667 27667 V GraphicsEnvironment: com.google.android.gms is not listed in ANGLE allowlist or settings, returning default
02-28 02:38:36.110 27667 27667 V GraphicsEnvironment: Neither updatable production driver nor prerelease driver is supported.
02-28 02:38:36.113 27667 27667 D ResourcesManagerExtImpl: applyConfigurationToAppResourcesLocked app.getDisplayId() return callback.displayId:-1
02-28 02:38:36.167 26189 26189 E qsap_location: QESDK service init
02-28 02:38:36.167 26189 26189 E qsap_location: Failed to connect to QESDK Manager (connection failed No such file or directory)
02-28 02:38:36.167 26189 26189 E LOC_QESDK: connectQesd:133] fail to init qesd svc, error = -1
02-28 02:38:36.197  1049  1049 E lowmemorykiller: device memory 450751 free 72986 file 396250
02-28 02:38:36.198  1049  1049 E lowmemorykiller: device memory 450865 free 72986 file 396364
02-28 02:38:36.199  3665  4949 I Osense-PsiDetector: 1761,285,1481,5631,74,390,340,1387,1621,506,1042,0,8,9466
02-28 02:38:36.204 27667 27667 W ProviderHelper: Unknown dynamite feature providerinstaller.dynamite
02-28 02:38:36.205  3665  4934 I Osense-BaseDecisionMaker: notifySceneToAthenaPolicy: SCENE_RES_MEM_PSI_NORMAL, bundle: Bundle[{memLevel=3}]
02-28 02:38:36.205 27667 27667 I DynamiteModule: Considering local module com.google.android.gms.providerinstaller.dynamite:1 and remote module com.google.android.gms.providerinstaller.dynamite:0
02-28 02:38:36.205 27667 27667 I DynamiteModule: Selected local version of com.google.android.gms.providerinstaller.dynamite
02-28 02:38:36.205 10324 19469 I metis_v2_OsenseCallBack: memLevel: 3 [Metis|com.oplus.metis|2.0.20-aa39d14]
02-28 02:38:36.213 27667 27667 D nativeloader: Load /data/app/~~gBXX89cR8U8NbRwA5hubtg==/com.google.android.gms-ktcpBtl_0-S4fO1yo5dygQ==/base.apk!/lib/arm64-v8a/libconscrypt_gmscore_jni.so using class loader ns clns-9 (caller=/data/app/~~gBXX89cR8U8NbRwA5hubtg==/com.google.android.gms-ktcpBtl_0-S4fO1yo5dygQ==/base.apk): ok
02-28 02:38:36.213 27667 27667 V NativeCrypto: Registering com/google/android/gms/org/conscrypt/NativeCrypto's 334 native methods...
02-28 02:38:36.226 27667 27667 I ProviderInstaller: Installed default security provider GmsCore_OpenSSL
02-28 02:38:36.234  3665  5552 I ActivityManager: Flag disabled. Ignoring finishAttachApplication from uid: 10126. pid: 27667
02-28 02:38:36.238 27667 27667 E ANDR-PERF-CLIENT-SYS: death recipent object is fine
02-28 02:38:36.238 27667 27667 W id.gms.unstable: AIBinder_linkToDeath is being called with a non-null cookie and no onUnlink callback set. This might not be intended. AIBinder_DeathRecipient_setOnUnlinked should be called first.
02-28 02:38:36.239 27667 27667 D OplusActivityManager: get AMS extension: android.os.BinderProxy@61bec4b
02-28 02:38:36.241 27667 27693 I GMS_MM_Logger: (REDACTED) Start time: %s
02-28 02:38:36.241 27667 27693 I GMS_MM_Logger: Started.
02-28 02:38:36.243 27667 27693 I Watchcat: Started
02-28 02:38:36.266 27667 27682 I gaqu    : (REDACTED) Shared storage file not found for %s
02-28 02:38:36.272  1049  1049 E lowmemorykiller: device memory 449913 free 69480 file 398942
02-28 02:38:36.273 27667 27676 I DynamiteModule: Considering local module com.google.android.gms.googlecertificates:7 and remote module com.google.android.gms.googlecertificates:0
02-28 02:38:36.273 27667 27676 I DynamiteModule: Selected local version of com.google.android.gms.googlecertificates
02-28 02:38:36.280 14620 13488 D IHansComunication: HANS sendMessageToKernel: threadId = 496367864896, netLinkSetup = 1, type = FROZEN_TRANS, targetUid = 10370, pkgCmd = PKG_CMD_MAX
02-28 02:38:36.283 27667 27676 W GoogleCertificates: GoogleCertificates has been initialized already
02-28 02:38:36.305 10324 19469 I metis_v2_OsenseCallBack: memLevel: 0 [Metis|com.oplus.metis|2.0.20-aa39d14]
02-28 02:38:36.305  3665  4936 I Osense-BaseDecisionMaker: notifySceneToAthenaPolicy: SCENE_RES_IO_PSI, bundle: Bundle[{ioLevel=3}]
02-28 02:38:36.305  3665  4936 I Osense-BaseDecisionMaker: OSense not supported scene! SCENE_RES_IO_PSI
02-28 02:38:36.312 27667 27676 E ashmem  : Pinning is deprecated since Android Q. Please use trim or other methods.
02-28 02:38:36.372 27667 27703 W TracingHelper: No RequestContext found in the trace or trace not available. [CONTEXT service_id=259 ratelimit_count=1410065408 ]
02-28 02:38:36.373  1049  1049 E lowmemorykiller: device memory 448786 free 65374 file 401910
02-28 02:38:36.384  2402  2402 I [UAH_CLIENT]: UahPlatformResAcquire
02-28 02:38:36.385  2402  2402 I [UAH_CLIENT]: UahEventAcquire, cmdid:-3, pkg:2943 2991, identity:qcom-perfd
02-28 02:38:36.388  2402  2483 E ANDR-PERF-RESOURCEQS: ANDR-PERF-RESOURCEQS: AddAndApply() 125: Resource with major=16, minor=0 not supported
02-28 02:38:36.398 27667 27703 D nativeloader: Configuring clns-10 for other apk . target_sdk_version=36, uses_libraries=ALL, library_path=, permitted_path=/data:/mnt/expand
02-28 02:38:36.398 27667 27703 D nativeloader: Extending system_exposed_libraries: libbinauralrenderer_wrapper.qti.so:libhoaeffects.qti.so:libsuperNight.oplus.so:libAPSClient-cmd-jni-extension.oplus.so:libsatellite_audio_jni.oplus.so:libortc_so.oplus.so:libsoundtouch.oplus.so:libsoundtouch_jni.oplus.so:libOplusStringJNI-extension.oplus.so:libsatellite_ostx_jni.oplus.so:libapssuspend-jni.oplus.so:libupdateprof.qti.so:libthermalclient.qti.so:libqape.qti.so:libqesdk_ndk_platform.qti.so:liblistenjni.qti.so
02-28 02:38:36.400 27667 27703 D nativeloader: Load /data/user/0/com.google.android.gms/app_dg_cache/5F3BE511026BE02395273329794ABD31B995290B/the.apk!/libdDAB42373EE8F.so using isolated ns clns-10 (caller=/data/user/0/com.google.android.gms/app_dg_cache/5F3BE511026BE02395273329794ABD31B995290B/the.apk): ok
02-28 02:38:36.418  3665  5552 D SensorServiceExtImpl: isAllowOplusAMD opPackageName = com.google.android.gms
02-28 02:38:36.419 27667 27703 D ExtensionsLoader: createInstance(64bit) : createExtendedFactory
02-28 02:38:36.422 27667 27703 D ExtensionsLoader: Opened libsensorextimpl.so
02-28 02:38:36.429 27667 27703 V SystemSensorManagerExtImpl: RegisterListener linear_acceleration type:10 delay:20000us by com.google.ccc.abuse.droidguard.events.b@5053f92 from com.google.android.gms
02-28 02:38:36.429  3665  5552 D SensorService: createSensorEventConnection packageName = com.google.ccc.abuse.droidguard.events.b, opPackageName = com.google.android.gms, mCurrentOperatingMode = 0, requestedMode = 0
02-28 02:38:36.431  3665  5552 D SensorService: SensorEventConnection type = 3, client = com.google.android.gms, listener = com.google.ccc.abuse.droidguard.events.b
02-28 02:38:36.432  3665  5552 W SensorService: SensorEventConnection sensor handle=101, package = com.google.ccc.abuse.droidguard.events.b enable
02-28 02:38:36.432  3665  5552 E SensorService: Required app com.google.ccc.abuse.droidguard.events.b, uid 10126, pid 27667
02-28 02:38:36.434  3665  5552 D SensorService: Calling batch handle==101 flags=0rate=20000000 timeout== 0
02-28 02:38:36.434  3665  5552 D SensorService: SensorDevice::batch: ident=0xb4000078c3b91200, handle=0x00000065, flags=0, period_ns=20000000 timeout=0
02-28 02:38:36.434  3665  5552 D SensorService: 	>>> actuating h/w BATCH 0x00000065 20000000 0
02-28 02:38:36.441  2333  2333 I sensors-hal: batch:166, android.sensor.linear_acceleration/101, period=20000000, max_latency=0
02-28 02:38:36.443  2333  2333 I sensors-hal: send_sync_sensor_request:445, send sync request
02-28 02:38:36.444  2333  2333 I sensors-hal: send_sync_sensor_request:455, send_sync_sensor_request before send_request for gravity with SUID low=12052644982307943726 high=14255117871604606629
02-28 02:38:36.445  2333  2333 I sensors-hal: send_sync_sensor_request:475, wait for notification of response
02-28 02:38:36.445  2333 20993 I sensors-hal: qsh_conn_resp_cb:799, resp_value = 0 for gravity 
02-28 02:38:36.445  2333  2333 I sensors-hal: send_sync_sensor_request:481, takes 0 ms to receive the response with 0
02-28 02:38:36.445  2333  2333 I sensors-hal: batch:188, android.sensor.linear_acceleration/101, period=20000000, max_latency=0 request completed
02-28 02:38:36.447  3665  5552 D SensorService: 	>>> actuating h/w flush 101
02-28 02:38:36.447  2333  2333 I sensors-hal: flush:208, android.sensor.linear_acceleration/101
02-28 02:38:36.447  2333  2333 I sensors-hal: flush:671, dt=gravity, sending SNS_STD_MSGID_SNS_STD_FLUSH_REQ, _pending_flush_requests=1, _wakeup_type=0
02-28 02:38:36.447  2333  2333 I sensors-hal: send_sync_sensor_request:445, send sync request
02-28 02:38:36.447  2333  2333 I sensors-hal: send_sync_sensor_request:455, send_sync_sensor_request before send_request for gravity with SUID low=12052644982307943726 high=14255117871604606629
02-28 02:38:36.447  2333  2333 I sensors-hal: send_sync_sensor_request:475, wait for notification of response
02-28 02:38:36.448  2333 20993 I sensors-hal: qsh_conn_resp_cb:799, resp_value = 0 for gravity 
02-28 02:38:36.448  2333  2333 I sensors-hal: send_sync_sensor_request:481, takes 0 ms to receive the response with 0
02-28 02:38:36.448  2333  2333 I sensors-hal: flush:214, android.sensor.linear_acceleration/101 completed
02-28 02:38:36.448  3665  5552 D SensorService: Calling activate on 101
02-28 02:38:36.448  3665  5552 D SensorService: SensorDevice::activate: ident=0xb4000078c3b91200, handle=0x00000065, enabled=1, count=2
02-28 02:38:36.448  3665  5552 D SensorService: enable index=1
02-28 02:38:36.448  3665  5552 D SensorService: info.numActiveClients() = 2, info.isActive = 1
02-28 02:38:36.448  3665  5552 D SensorService: activateHardware = 0
02-28 02:38:36.449 27667 27703 V SystemSensorManagerExtImpl: RegisterListener Rotation Vector  Non-wakeup type:11 delay:20000us by com.google.ccc.abuse.droidguard.events.b@986bd63 from com.google.android.gms
02-28 02:38:36.449  3665  5552 D SensorService: createSensorEventConnection packageName = com.google.ccc.abuse.droidguard.events.b, opPackageName = com.google.android.gms, mCurrentOperatingMode = 0, requestedMode = 0
02-28 02:38:36.449  3665  5552 D SensorService: SensorEventConnection type = 3, client = com.google.android.gms, listener = com.google.ccc.abuse.droidguard.events.b
02-28 02:38:36.450  3665  5552 W SensorService: SensorEventConnection sensor handle=111, package = com.google.ccc.abuse.droidguard.events.b enable
02-28 02:38:36.450  3665  5552 E SensorService: Required app com.google.ccc.abuse.droidguard.events.b, uid 10126, pid 27667
02-28 02:38:36.450  3665  5552 D SensorService: Calling batch handle==111 flags=0rate=20000000 timeout== 0
02-28 02:38:36.450  3665  5552 D SensorService: SensorDevice::batch: ident=0xb40000791ac54600, handle=0x0000006f, flags=0, period_ns=20000000 timeout=0
02-28 02:38:36.450  3665  5552 D SensorService: 	>>> actuating h/w BATCH 0x0000006f 20000000 0
02-28 02:38:36.451  2333  2333 I sensors-hal: batch:166, android.sensor.rotation_vector/111, period=20000000, max_latency=0
02-28 02:38:36.451  2333  2333 I sensors-hal: batch:188, android.sensor.rotation_vector/111, period=20000000, max_latency=0 request completed
02-28 02:38:36.451  3665  5552 D SensorService: Calling activate on 111
02-28 02:38:36.451  3665  5552 D SensorService: SensorDevice::activate: ident=0xb40000791ac54600, handle=0x0000006f, enabled=1, count=1
02-28 02:38:36.451  3665  5552 D SensorService: enable index=0
02-28 02:38:36.451  3665  5552 D SensorService: info.numActiveClients() = 1, info.isActive = 0
02-28 02:38:36.451  3665  5552 D SensorService: activateHardware = 1
02-28 02:38:36.451  3665  5552 D SensorService: 	>>> actuating h/w activate handle=111 enabled=1
02-28 02:38:36.451  2333  2333 I sensors-hal: activate:116, android.sensor.rotation_vector/111 en=1
02-28 02:38:36.451  2333  2333 I sensors-hal: acquire_qsh_interface:126, acquire_qsh_interface with sensor_id 4 , conn_type 2 
02-28 02:38:36.454  4238  4246 E Diag_Lib: [IMS_AP]"ims-rtp-daemon ims_rtp_qmi_handler_thread_func waiting on select thread>"
02-28 02:38:36.454  2333  2333 I sensors-hal: qsh_qmi:35, qsh_qmi
02-28 02:38:36.455  2333  2333 I sensors-hal: register_cb:314, suid(low=16650227176490521676,high=11591090518199008144) is new. register callbacks
02-28 02:38:36.455  2333  2333 I sensors-hal: send_sync_sensor_request:445, send sync request
02-28 02:38:36.455  2333  2333 I sensors-hal: send_sync_sensor_request:455, send_sync_sensor_request before send_request for rotv with SUID low=16650227176490521676 high=11591090518199008144
02-28 02:38:36.455  2333  2333 I sensors-hal: send_sync_sensor_request:475, wait for notification of response
02-28 02:38:36.455  4238  4246 E Diag_Lib: [IMS_AP]"ims-rtp-daemon ims_rtp_qmi_handler_thread_func waiting on select thread>"
02-28 02:38:36.455  4238  4246 E Diag_Lib: [IMS_AP]"ims-rtp-daemon ims_rtp_qmi_handler_thread_func waiting on select thread>"
02-28 02:38:36.455  2333 27707 I sensors-hal: qsh_conn_resp_cb:799, resp_value = 0 for rotv 
02-28 02:38:36.455  2333  2333 I sensors-hal: send_sync_sensor_request:481, takes 0 ms to receive the response with 0
02-28 02:38:36.456  2333  2333 I sensors-hal: activate:139, android.sensor.rotation_vector/111 en=1 completed
02-28 02:38:36.462  2333 20993 I sensors-hal: handle_sns_std_flush_event:700, dt=gravity, META_DATA_FLUSH_COMPLETE, _pending_flush_requests=1, _wakeup_type=0
02-28 02:38:36.462  3665  4430 D SensorService: First flush event for sensor==101 
02-28 02:38:36.474  1049  1049 E lowmemorykiller: device memory 447941 free 62420 file 404026
02-28 02:38:36.476 27667 27703 W libc    : Access denied finding property "persist.adb.tls_server.enable"
02-28 02:38:36.476 27667 27703 W libc    : Access denied finding property "service.adb.tls.port"
02-28 02:38:36.490  2333 27707 I sensors-hal: qsh_conn_event_cb:726, SCHED_FIFO(10) for qmi_cbk
02-28 02:38:36.520  3665  5552 D ActivityManager: Cancel freezing 13753 com.android.vending
02-28 02:38:36.521  3665  5552 D ActivityManager: Cancel freezing 1466 com.google.android.gms
02-28 02:38:36.521 13753 15575 D SurfaceSyncGroup: preCreateSurfaceSyncGroupTimerThread
02-28 02:38:36.524  1466  8667 W OplusExSystemServiceHelper: checkOplusExSystemService intent getComponent is null
02-28 02:38:36.533  1466  1466 D BoundBrokerSvc: onBind: Intent { act=com.google.android.gms.checkin.START xflg=0x4 pkg=com.google.android.gms mCallingUid=10126 }
02-28 02:38:36.533  1466  1466 D BoundBrokerSvc: Loading bound service for intent: Intent { act=com.google.android.gms.checkin.START xflg=0x4 pkg=com.google.android.gms mCallingUid=10126 }
02-28 02:38:36.534  1466  1631 I Checkin : [CheckinApiChimeraService] onGetService
02-28 02:38:36.575  1049  1049 E lowmemorykiller: device memory 447533 free 61335 file 404689
02-28 02:38:36.588  2402 27705 I [UAH_CLIENT]: UahRelease, handle:619556
02-28 02:38:36.604  5294  5843 D DnsDomainBlock: onDnsEvent: latencyMs=0, returnCode=0, uid=10126
02-28 02:38:36.610  4238  4246 E Diag_Lib: [IMS_AP]"ims-rtp-daemon ims_rtp_qmi_handler_thread_func waiting on select thread>"
02-28 02:38:36.612  4238  4246 E Diag_Lib: [IMS_AP]"ims-rtp-daemon ims_rtp_qmi_handler_thread_func waiting on select thread>"
02-28 02:38:36.613  4238  4246 E Diag_Lib: [IMS_AP]"ims-rtp-daemon ims_rtp_qmi_handler_thread_func waiting on select thread>"
02-28 02:38:36.615  4238  4246 E Diag_Lib: [IMS_AP]"ims-rtp-daemon ims_rtp_qmi_handler_thread_func waiting on select thread>"
02-28 02:38:36.616  4238  4246 E Diag_Lib: [IMS_AP]"ims-rtp-daemon ims_rtp_qmi_handler_thread_func waiting on select thread>"
02-28 02:38:36.618  4238  4246 E Diag_Lib: [IMS_AP]"ims-rtp-daemon ims_rtp_qmi_handler_thread_func waiting on select thread>"
02-28 02:38:36.620  4238  4246 E Diag_Lib: [IMS_AP]"ims-rtp-daemon ims_rtp_qmi_handler_thread_func waiting on select thread>"
02-28 02:38:36.622  4238  4246 E Diag_Lib: [IMS_AP]"ims-rtp-daemon ims_rtp_qmi_handler_thread_func waiting on select thread>"
02-28 02:38:36.624  4238  4246 E Diag_Lib: [IMS_AP]"ims-rtp-daemon ims_rtp_qmi_handler_thread_func waiting on select thread>"
02-28 02:38:36.625  4238  4246 E Diag_Lib: [IMS_AP]"ims-rtp-daemon ims_rtp_qmi_handler_thread_func waiting on select thread>"
02-28 02:38:36.625 27590 27666 D DGInternalHandle: maybeAddInteractionEvents(): The EventCollector is not initialized. This means that the client hasn't intended to collect any interaction events so far.
02-28 02:38:36.641 27667 27703 V SystemSensorManagerExtImpl: unRegisterListener by com.google.ccc.abuse.droidguard.events.b@986bd63
02-28 02:38:36.641 19928 20037 I APS_ALOG: flushRoutine g_immediateFlush=0 g_pendingCount=0 g_oobCount=0 asan-debug7
02-28 02:38:36.641  3665  5552 W SensorService: SensorEventConnection sensor handle=111, package = com.google.ccc.abuse.droidguard.events.b disable
02-28 02:38:36.642  3665  5552 D SensorService: SensorDevice::activate: ident=0xb40000791ac54600, handle=0x0000006f, enabled=0, count=1
02-28 02:38:36.643  3665  5552 D SensorService: disable index=0
02-28 02:38:36.643  3665  5552 D SensorService: activateHardware = 1
02-28 02:38:36.643  3665  5552 D SensorService: 	>>> actuating h/w activate handle=111 enabled=0
02-28 02:38:36.643  2333  2333 I sensors-hal: activate:116, android.sensor.rotation_vector/111 en=0
02-28 02:38:36.643  2333  2333 I sensors-hal: send_sync_sensor_request:445, send sync request
02-28 02:38:36.643  2333  2333 I sensors-hal: send_sync_sensor_request:455, send_sync_sensor_request before send_request for rotv with SUID low=16650227176490521676 high=11591090518199008144
02-28 02:38:36.643  2333  2333 I sensors-hal: send_sync_sensor_request:475, wait for notification of response
02-28 02:38:36.644  2333 27707 I sensors-hal: qsh_conn_resp_cb:799, resp_value = 0 for rotv 
02-28 02:38:36.644  2333  2333 I sensors-hal: send_sync_sensor_request:481, takes 0 ms to receive the response with 0
02-28 02:38:36.645  2333  2333 I sensors-hal: ~qsh_qmi:62, ~qsh_qmi
02-28 02:38:36.645  2333  2333 I sensors-hal: activate:139, android.sensor.rotation_vector/111 en=0 completed
02-28 02:38:36.645  3665  5552 D SensorServiceExtImpl: setLastEventStateForDisable reset the mRecentEvent handle = 111
02-28 02:38:36.645  3665  5552 D SensorServiceExtImpl: disable reset the lastEvent handle = 111 in disable
02-28 02:38:36.646  3665  5552 D SensorService: 11 active sensors
02-28 02:38:36.646 27667 27703 V SystemSensorManagerExtImpl: unRegisterListener by com.google.ccc.abuse.droidguard.events.b@5053f92
02-28 02:38:36.646  3665  5552 D SensorService: ~SensorEventConnection(0xb40000791ac54600)
02-28 02:38:36.646  3665  5275 W SensorService: SensorEventConnection sensor handle=101, package = com.google.ccc.abuse.droidguard.events.b disable
02-28 02:38:36.646  3665  5275 D SensorService: SensorDevice::activate: ident=0xb4000078c3b91200, handle=0x00000065, enabled=0, count=2
02-28 02:38:36.647  3665  5275 D SensorService: disable index=1
02-28 02:38:36.647  3665  5275 D SensorService: 	>>> actuating h/w batch 0x00000065 200000000 0
02-28 02:38:36.647  2333  2333 I sensors-hal: batch:166, android.sensor.linear_acceleration/101, period=200000000, max_latency=0
02-28 02:38:36.647  2333  2333 I sensors-hal: send_sync_sensor_request:445, send sync request
02-28 02:38:36.647  2333  2333 I sensors-hal: send_sync_sensor_request:455, send_sync_sensor_request before send_request for gravity with SUID low=12052644982307943726 high=14255117871604606629
02-28 02:38:36.647  2333  2333 I sensors-hal: send_sync_sensor_request:475, wait for notification of response
02-28 02:38:36.647  2333 20993 I sensors-hal: qsh_conn_resp_cb:799, resp_value = 0 for gravity 
02-28 02:38:36.648  2333  2333 I sensors-hal: send_sync_sensor_request:481, takes 0 ms to receive the response with 0
02-28 02:38:36.648  2333  2333 I sensors-hal: batch:188, android.sensor.linear_acceleration/101, period=200000000, max_latency=0 request completed
02-28 02:38:36.648  3665  5275 D SensorService: activateHardware = 0
02-28 02:38:36.648  3665  5275 D SensorService: 11 active sensors
02-28 02:38:36.649  4238  4246 E Diag_Lib: [IMS_AP]"ims-rtp-daemon ims_rtp_qmi_handler_thread_func waiting on select thread>"
02-28 02:38:36.650  3665  5275 D SensorService: ~SensorEventConnection(0xb4000078c3b91200)
02-28 02:38:36.677  1049  1049 E lowmemorykiller: device memory 446979 free 60223 file 405187
02-28 02:38:36.694  5420  7729 D NetworkService[0]: getIfIndexByNetid netId:443,ifName:rmnet_data2,ifIndex:20
02-28 02:38:36.696  5294  5843 D DnsDomainBlock: onDnsEvent: latencyMs=25, returnCode=0, uid=10125
02-28 02:38:36.778  1049  1049 E lowmemorykiller: device memory 446662 free 59844 file 405248
02-28 02:38:36.909 27590 27659 I cn_CronetUrlRequestContext: destroyNativeStreamLocked org.chromium.net.impl.CronetBidirectionalStream@78035dd
02-28 02:38:36.967 27590 27633 D WM-GreedyScheduler: Ignoring {WorkSpec: 4ed2f077-0416-477b-8a84-47ae6ef4f4b3}. Requires device idle.
02-28 02:38:36.967 27590 27633 D WM-GreedyScheduler: Ignoring {WorkSpec: ffac81cd-b52f-4981-ad59-9d72d0dfc8d0}. Requires device idle.
02-28 02:38:36.967 27590 27633 D WM-GreedyScheduler: Ignoring {WorkSpec: 143f76d4-2fb8-4702-b3f9-814d00d8368a}. Requires device idle.
02-28 02:38:36.967 27590 27633 D WM-GreedyScheduler: Ignoring {WorkSpec: 44a59678-7a7e-4fe9-8955-cee024053b1d}. Requires device idle.
02-28 02:38:36.967 27590 27633 D WM-GreedyScheduler: Ignoring {WorkSpec: bf11979a-2400-4b31-93ca-0ad397604a69}. Requires device idle.
02-28 02:38:36.968 27590 27633 D WM-GreedyScheduler: Ignoring {WorkSpec: f48a4210-e0e3-47c2-bcf0-f9064ba81db7}. Requires device idle.
02-28 02:38:36.968 27590 27633 D WM-GreedyScheduler: Ignoring {WorkSpec: 9d925d66-2e09-4405-95a5-bc805e1daaa1}. Requires device idle.
02-28 02:38:36.968 27590 27633 D WM-GreedyScheduler: Ignoring {WorkSpec: 2239e7f2-8f37-418b-81f2-53d1abf3c62d}. Requires device idle.
02-28 02:38:36.968 27590 27633 D WM-GreedyScheduler: Ignoring {WorkSpec: 8ff213c8-f80d-4f42-9754-801a4c21fd62}. Requires device idle.
02-28 02:38:36.968 27590 27633 D WM-GreedyScheduler: Ignoring {WorkSpec: 608a0295-6e1b-4235-974a-b4233fe5ec19}. Requires device idle.
02-28 02:38:36.968 27590 27633 D WM-GreedyScheduler: Ignoring {WorkSpec: 41ba4155-eb93-4df9-94b1-514d7ab39a9f}. Requires device idle.
02-28 02:38:36.968 27590 27633 D WM-GreedyScheduler: Ignoring {WorkSpec: 2da54d14-ee6a-4dc7-a0ba-ca7970eefc70}. Requires device idle.
02-28 02:38:36.969 27590 27633 D WM-GreedyScheduler: Ignoring {WorkSpec: 3c2169c6-6eb5-4305-bf1f-2e89b803ecb8}. Requires device idle.
02-28 02:38:36.969 27590 27633 D WM-GreedyScheduler: Ignoring {WorkSpec: 99326141-adfb-4c0d-93a3-6d54eab0b773}. Requires device idle.
02-28 02:38:36.969 27590 27633 D WM-GreedyScheduler: Ignoring {WorkSpec: fdee9323-8c43-430f-a8aa-430fddbcbb17}. Requires device idle.
02-28 02:38:36.969 27590 27633 D WM-GreedyScheduler: Ignoring {WorkSpec: fb11c53a-123a-4bae-8523-03c4d1ea8316}. Requires device idle.
02-28 02:38:36.969 27590 27633 D WM-GreedyScheduler: Ignoring {WorkSpec: cd9e26a6-9acc-4320-ad29-234e9bdd5082}. Requires ContentUri triggers.
02-28 02:38:36.969 27590 27633 D WM-GreedyScheduler: Ignoring {WorkSpec: da61a56b-dee7-49a1-bd51-282f086e3caa}. Requires device idle.
02-28 02:38:36.969 27590 27633 D WM-GreedyScheduler: Ignoring {WorkSpec: 12a39898-e276-4f4a-8ada-46c276546714}. Requires ContentUri triggers.
02-28 02:38:36.969 27590 27633 D WM-GreedyScheduler: Starting tracking for 9bbac23b-467c-42a6-9ca2-998aaa4a609c,66db8739-614d-4276-9c0d-29d7921c35ed
02-28 02:38:36.971 27590 27628 I WM-WorkerWrapper: Worker result SUCCESS for Work [ id=e10453ed-b85b-42aa-a63f-4729b4471394, tags={ com.google.android.apps.messaging.shared.datamodel.workqueue.WorkQueueWorkerShim,spam_reclassification_handler- } ]
02-28 02:38:36.974 27590 27590 D WM-Processor: shb e10453ed-b85b-42aa-a63f-4729b4471394 executed; reschedule = false
02-28 02:38:36.974 27590 27590 D WM-GreedyScheduler: Stopping tracking for WorkGenerationalId(workSpecId=e10453ed-b85b-42aa-a63f-4729b4471394, generation=0)
02-28 02:38:36.979 27590 27628 D WM-GreedyScheduler: Cancelling work ID e10453ed-b85b-42aa-a63f-4729b4471394
02-28 02:38:36.981  1049  1049 E lowmemorykiller: device memory 446909 free 60647 file 404690
02-28 02:38:36.987 27590 27628 D WM-GreedyScheduler: Ignoring {WorkSpec: 4ed2f077-0416-477b-8a84-47ae6ef4f4b3}. Requires device idle.
02-28 02:38:36.987 27590 27628 D WM-GreedyScheduler: Ignoring {WorkSpec: ffac81cd-b52f-4981-ad59-9d72d0dfc8d0}. Requires device idle.
02-28 02:38:36.987 27590 27628 D WM-GreedyScheduler: Ignoring {WorkSpec: 143f76d4-2fb8-4702-b3f9-814d00d8368a}. Requires device idle.
02-28 02:38:36.987 27590 27628 D WM-GreedyScheduler: Ignoring {WorkSpec: 44a59678-7a7e-4fe9-8955-cee024053b1d}. Requires device idle.
02-28 02:38:36.987 27590 27628 D WM-GreedyScheduler: Ignoring {WorkSpec: bf11979a-2400-4b31-93ca-0ad397604a69}. Requires device idle.
02-28 02:38:36.987 27590 27628 D WM-GreedyScheduler: Ignoring {WorkSpec: f48a4210-e0e3-47c2-bcf0-f9064ba81db7}. Requires device idle.
02-28 02:38:36.987 27590 27628 D WM-GreedyScheduler: Ignoring {WorkSpec: 9d925d66-2e09-4405-95a5-bc805e1daaa1}. Requires device idle.
02-28 02:38:36.988 27590 27628 D WM-GreedyScheduler: Ignoring {WorkSpec: 2239e7f2-8f37-418b-81f2-53d1abf3c62d}. Requires device idle.
02-28 02:38:36.988 27590 27628 D WM-GreedyScheduler: Ignoring {WorkSpec: 8ff213c8-f80d-4f42-9754-801a4c21fd62}. Requires device idle.
02-28 02:38:36.988 27590 27628 D WM-GreedyScheduler: Ignoring {WorkSpec: 608a0295-6e1b-4235-974a-b4233fe5ec19}. Requires device idle.
02-28 02:38:36.988 27590 27628 D WM-GreedyScheduler: Ignoring {WorkSpec: 41ba4155-eb93-4df9-94b1-514d7ab39a9f}. Requires device idle.
02-28 02:38:36.988 27590 27628 D WM-GreedyScheduler: Ignoring {WorkSpec: 2da54d14-ee6a-4dc7-a0ba-ca7970eefc70}. Requires device idle.
02-28 02:38:36.988 27590 27628 D WM-GreedyScheduler: Ignoring {WorkSpec: 3c2169c6-6eb5-4305-bf1f-2e89b803ecb8}. Requires device idle.
02-28 02:38:36.988 27590 27628 D WM-GreedyScheduler: Ignoring {WorkSpec: 99326141-adfb-4c0d-93a3-6d54eab0b773}. Requires device idle.
02-28 02:38:36.988 27590 27628 D WM-GreedyScheduler: Ignoring {WorkSpec: fdee9323-8c43-430f-a8aa-430fddbcbb17}. Requires device idle.
02-28 02:38:36.988 27590 27628 D WM-GreedyScheduler: Ignoring {WorkSpec: fb11c53a-123a-4bae-8523-03c4d1ea8316}. Requires device idle.
02-28 02:38:36.988 27590 27628 D WM-GreedyScheduler: Ignoring {WorkSpec: cd9e26a6-9acc-4320-ad29-234e9bdd5082}. Requires ContentUri triggers.
02-28 02:38:36.988 27590 27628 D WM-GreedyScheduler: Ignoring {WorkSpec: da61a56b-dee7-49a1-bd51-282f086e3caa}. Requires device idle.
02-28 02:38:36.989 27590 27628 D WM-GreedyScheduler: Ignoring {WorkSpec: 12a39898-e276-4f4a-8ada-46c276546714}. Requires ContentUri triggers.
02-28 02:38:36.989 27590 27628 D WM-GreedyScheduler: Starting tracking for 9bbac23b-467c-42a6-9ca2-998aaa4a609c,66db8739-614d-4276-9c0d-29d7921c35ed
02-28 02:38:37.041  9330 16238 D ShellSubscriberWorkerThread: the first 8 bytes empty, and RestData length > 8 
02-28 02:38:37.083  1049  1049 E lowmemorykiller: device memory 449611 free 71294 file 396676
02-28 02:38:37.154  2475  2511 D vendor.oplus.hardware.charger-V9-service: s_chg_user_mode: 3
02-28 02:38:37.154  2475  2511 D vendor.oplus.hardware.charger-V9-service: scale_chg Start!!!
02-28 02:38:37.155  2475  2511 D vendor.oplus.hardware.charger-V9-service: [0, 0, 3]
02-28 02:38:37.155  2475  2511 D vendor.oplus.hardware.charger-V9-service: [0, 2, 15]
02-28 02:38:37.155  2475  2511 D vendor.oplus.hardware.charger-V9-service: [0, 1, 4]
02-28 02:38:37.155  2475  2511 D vendor.oplus.hardware.charger-V9-service: [0, 3, 3]
02-28 02:38:37.155  2475  2511 D vendor.oplus.hardware.charger-V9-service: [0, 4, 3]
02-28 02:38:37.156  2475  2511 D vendor.oplus.hardware.charger-V9-service: [0, 5, 3]
02-28 02:38:37.156  2475  2511 D vendor.oplus.hardware.charger-V9-service: [0, 6, 15]
02-28 02:38:37.156  2475  2511 D vendor.oplus.hardware.charger-V9-service: scale_chg Start!!!
02-28 02:38:37.156  2475  2511 D vendor.oplus.hardware.charger-V9-service: [0, 0, 3]
02-28 02:38:37.156  2475  2511 D vendor.oplus.hardware.charger-V9-service: [0, 2, 12]
02-28 02:38:37.156  2475  2511 D vendor.oplus.hardware.charger-V9-service: [0, 1, 4]
02-28 02:38:37.157  2475  2511 D vendor.oplus.hardware.charger-V9-service: [0, 3, 3]
02-28 02:38:37.157  2475  2511 D vendor.oplus.hardware.charger-V9-service: [0, 4, 3]
02-28 02:38:37.157  2475  2511 D vendor.oplus.hardware.charger-V9-service: [0, 5, 3]
02-28 02:38:37.157  2475  2511 D vendor.oplus.hardware.charger-V9-service: [0, 6, 12]
02-28 02:38:37.172 26189 26189 E LOC_QESDK: main:288] Location QESDK cannot connect to QESD in 60s, process exit!
02-28 02:38:37.174 26189 26239 E LocSvc_MsgTask: run:165] msgTask run failed to receive msg, error code is: -4
02-28 02:38:37.184  1049  1049 E lowmemorykiller: device memory 451368 free 80366 file 389391
02-28 02:38:37.241  1049  1049 E lowmemorykiller: device memory 451255 free 79800 file 389845
02-28 02:38:37.242  1049  1049 E lowmemorykiller: device memory 451115 free 79660 file 389902
02-28 02:38:37.242  3665  4949 I Osense-PsiDetector: 1762,311,1456,5631,75,390,340,1374,1595,498,1024,0,8,9483
02-28 02:38:37.243  3665  4934 I Osense-BaseDecisionMaker: notifySceneToAthenaPolicy: SCENE_RES_MEM_PSI_NORMAL, bundle: Bundle[{memLevel=3}]
02-28 02:38:37.246 10324 19469 I metis_v2_OsenseCallBack: memLevel: 3 [Metis|com.oplus.metis|2.0.20-aa39d14]
02-28 02:38:37.261  2333 28452 E sensors-hal: handle_sns_std_sensor_event:151, oplus_wise_light: lux 135, data_c = 860, period 100 ms, brightness:0, data_cnt:57566
02-28 02:38:37.268 18616 18634 D RegulatorsMonitor: updateCountersStatsMapLocked syncToLocal:false
02-28 02:38:37.273 27719 27719 I qsap_location: cannot open file:/data/vendor/location/gps.prop
02-28 02:38:37.273 27719 27719 W qsap_location: libminijail[27719]: failed to get path of fd 3: No such file or directory
02-28 02:38:37.273 27719 27719 W qsap_location: libminijail[27719]: allowing syscall: connect
02-28 02:38:37.273 27719 27719 W qsap_location: libminijail[27719]: allowing syscall: fcntl
02-28 02:38:37.273 27719 27719 W qsap_location: libminijail[27719]: allowing syscall: sendto
02-28 02:38:37.273 27719 27719 W qsap_location: libminijail[27719]: allowing syscall: socket
02-28 02:38:37.273 27719 27719 W qsap_location: libminijail[27719]: allowing syscall: writev
02-28 02:38:37.274 27719 27719 W qsap_location: libminijail[27719]: compile_file: <fd>(84): syscall connect redefined here
02-28 02:38:37.274 27719 27719 W qsap_location: libminijail[27719]: compile_file: <fd>(38): previous definition here
02-28 02:38:37.274 27719 27719 W qsap_location: libminijail[27719]: compile_file: <fd>(101): syscall getsockname redefined here
02-28 02:38:37.274 27719 27719 W qsap_location: libminijail[27719]: compile_file: <fd>(86): previous definition here
02-28 02:38:37.274 27719 27719 W qsap_location: libminijail[27719]: compile_file: <fd>(110): nonexistent syscall 'chown'
02-28 02:38:37.274 27719 27719 W qsap_location: libminijail[27719]: compile_file: <fd>(112): nonexistent syscall 'lchown'
02-28 02:38:37.274 27719 27719 W qsap_location: libminijail[27719]: compile_file: <fd>(113): nonexistent syscall 'mmap2'
02-28 02:38:37.274 27719 27719 W qsap_location: libminijail[27719]: compile_file: <fd>(114): nonexistent syscall 'fstat64'
02-28 02:38:37.274 27719 27719 W qsap_location: libminijail[27719]: compile_file: <fd>(115): nonexistent syscall 'fstatat64'
02-28 02:38:37.274 27719 27719 W qsap_location: libminijail[27719]: compile_file: <fd>(116): nonexistent syscall '_llseek'
02-28 02:38:37.274 27719 27719 W qsap_location: libminijail[27719]: logging seccomp filter failures
02-28 02:38:37.275 27719 27719 E qsap_location: Failed to connect to QESDK Manager (connection failed No such file or directory)
02-28 02:38:37.275 27719 27719 E LOC_QESDK: connectQesd:133] fail to init qesd svc, error = -1
02-28 02:38:37.286 18616 18634 I STANDBY_NETLINK: send uint32 message to family_id=38, cmd_id=2, attribute_count=1
02-28 02:38:37.286 18616 18634 I STANDBY_NETLINK: Attribute 0: ID=2, Value=4
02-28 02:38:37.286 18616 18634 I STANDBY_NETLINK: buflen = 28
02-28 02:38:37.286 18616 18634 I STANDBY_NETLINK: attr 0: type=2, value=4, offset=20
02-28 02:38:37.286 18616 18634 I STANDBY_NETLINK: send multi uint32 message:
02-28 02:38:37.286 18616 18634 I STANDBY_NETLINK:   family_id: 38, cmd: 2, version: 1
02-28 02:38:37.286 18616 18634 I STANDBY_NETLINK:   attr count: 1
02-28 02:38:37.287 27719 27720 W libprocessgroup: Unknown profile action: SetSchedulerPolicy
02-28 02:38:37.288 18616 18634 I STANDBY_NETLINK: success send uint32.
02-28 02:38:37.288 27719 27720 W libprocessgroup: JoinCgroup: controller schedtune is not found
02-28 02:38:37.288 18616 18634 E STANDBY_NETLINK: 2216 bytes received.
02-28 02:38:37.288 18616 18634 E STANDBY_NETLINK: Message header: type=38 (0x26), len=2216
02-28 02:38:37.288 18616 18634 E STANDBY_NETLINK: parse_netlink_msg_attrs: type: 4, value: pm_v6c_s5_level
02-28 02:38:37.288 18616 18634 E STANDBY_NETLINK:   Device-Supply                    EN    Min_uV   Max_uV  load_uA
02-28 02:38:37.288 18616 18634 E STANDBY_NETLINK:   regulator.11-SUPPLY              1          0        0        0
02-28 02:38:37.288 18616 18634 E STANDBY_NETLINK: gcc_ufs_mem_phy_gdsc
02-28 02:38:37.288 18616 18634 E STANDBY_NETLINK:   Device-Supply                    EN    Min_uV   Max_uV  load_uA
02-28 02:38:37.288 18616 18634 E STANDBY_NETLINK:   1d80000.ufsphy_mem-vdd-phy-gdsc  1          0        0        0
02-28 02:38:37.288 18616 18634 E STANDBY_NETLINK: pm7550_s1
02-28 02:38:37.288 18616 18634 E STANDBY_NETLINK:   Device-Supply                    EN    Min_uV   Max_uV  load_uA
02-28 02:38:37.288 18616 18634 E STANDBY_NETLINK:   17110040.qcom,wcn6750-vdd-1.8-xo 1    1856000  2040000        0
02-28 02:38:37.288 18616 18634 E STANDBY_NETLINK:   soc:bt_wcn6750-qcom,bt-vdd-rfa1  1    1800000  2080000        0
02-28 02:38:37.288 18616 18634 E STANDBY_NETLINK: pm7550_s2
02-28 02:38:37.288 18616 18634 E STANDBY_NETLINK:   Device-Supply                    EN    Min_uV   Max_uV  load_uA
02-28 02:38:37.288 18616 18634 E STANDBY_NETLINK:   17110040.qcom,wcn6750-vdd-1.3-rfa 1    1256000  1408000        0
02-28 02:38:37.288 18616 18634 E STANDBY_NETLINK:   soc:bt_wcn6750-qcom,bt-vdd-rfa2  1    1256000  1408000        0
02-28 02:38:37.288 18616 18634 E STANDBY_NETLINK: pm7550_s3
02-28 02:38:37.288 18616 18634 E STANDBY_NETLINK:   Device-Supply                    EN    Min_uV   Max_uV  load_uA
02-28 02:38:37.288 18616 18634 E STANDBY_NETLINK:   17110040.qcom,wcn6750-vdd-cx-mx  1     880000  1040000        0
02-28 02:38:37.288 18616 18634 E STANDBY_NETLINK:   soc:bt_wcn6750-qcom,bt-vdd-aon   1     880000  1040000        0
02-28 02:38:37.288 18616 18634 E STANDBY_NETLINK:   soc:bt_wcn6750-qcom,bt-vdd-rfacmn 1     880000  104000
02-28 02:38:37.289 27719 27720 W libprocessgroup: SetAttribute: unknown attribute: CfqGroupIdle
02-28 02:38:37.289 27719 27720 W libprocessgroup: SetAttribute: unknown attribute: CfqWeight
02-28 02:38:37.289 27719 27720 W libprocessgroup: SetAttribute: unknown attribute: CfqGroupIdle
02-28 02:38:37.289 27719 27720 W libprocessgroup: SetAttribute: unknown attribute: CfqWeight
02-28 02:38:37.289 27719 27720 W libprocessgroup: SetAttribute: unknown attribute: BfqWeight
02-28 02:38:37.289 27719 27720 W libprocessgroup: SetAttribute: unknown attribute: CfqGroupIdle
02-28 02:38:37.289 27719 27720 W libprocessgroup: SetAttribute: unknown attribute: CfqWeight
02-28 02:38:37.289 27719 27720 W libprocessgroup: SetAttribute: unknown attribute: BfqWeight
02-28 02:38:37.289 27719 27720 W libprocessgroup: SetAttribute: unknown attribute: CfqGroupIdle
02-28 02:38:37.289 27719 27720 W libprocessgroup: SetAttribute: unknown attribute: CfqWeight
02-28 02:38:37.289 27719 27720 W libprocessgroup: SetAttribute: unknown attribute: BfqWeight
02-28 02:38:37.289 27719 27720 W libprocessgroup: SetAttribute: unknown attribute: CfqGroupIdle
02-28 02:38:37.289 27719 27720 W libprocessgroup: SetAttribute: unknown attribute: CfqWeight
02-28 02:38:37.289 27719 27720 W libprocessgroup: SetAttribute: unknown attribute: BfqWeight
02-28 02:38:37.289 27719 27720 W libprocessgroup: SetAttribute: unknown attribute: CfqGroupIdle
02-28 02:38:37.289 27719 27720 W libprocessgroup: SetAttribute: unknown attribute: CfqWeight
02-28 02:38:37.289 27719 27720 W libprocessgroup: SetAttribute: unknown attribute: BfqWeight
02-28 02:38:37.290 27719 27720 W libprocessgroup: SetAttribute: unknown attribute: CfqGroupIdle
02-28 02:38:37.290 27719 27720 W libprocessgroup: SetAttribute: unknown attribute: CfqWeight
02-28 02:38:37.294 18616 18634 I STANDBY_NETLINK: send uint32 message to family_id=38, cmd_id=2, attribute_count=1
02-28 02:38:37.294 18616 18634 I STANDBY_NETLINK: Attribute 0: ID=2, Value=2
02-28 02:38:37.294 18616 18634 I STANDBY_NETLINK: buflen = 28
02-28 02:38:37.294 18616 18634 I STANDBY_NETLINK: attr 0: type=2, value=2, offset=20
02-28 02:38:37.294 18616 18634 I STANDBY_NETLINK: send multi uint32 message:
02-28 02:38:37.294 18616 18634 I STANDBY_NETLINK:   family_id: 38, cmd: 2, version: 1
02-28 02:38:37.294 18616 18634 I STANDBY_NETLINK:   attr count: 1
02-28 02:38:37.294 18616 18634 I STANDBY_NETLINK: success send uint32.
02-28 02:38:37.294 18616 18634 E STANDBY_NETLINK: 32 bytes received.
02-28 02:38:37.294 18616 18634 E STANDBY_NETLINK: Message header: type=38 (0x26), len=32
02-28 02:38:37.295 18616 18634 E STANDBY_NETLINK: parse_netlink_msg_attrs: type: 2, value: Empty
02-28 02:38:37.295 18616 18634 D QcomSubSystemLpmParser: read file:/proc/subsys_sleepmon/adsp_compact
02-28 02:38:37.296 18616 18634 D QcomSubSystemLpmParser: line:sleep_mode_chosen=2|2
02-28 02:38:37.296 18616 18634 D QcomSubSystemLpmParser: line:sleep_mode_reason=LPRM_Disabled|
02-28 02:38:37.296 18616 18634 D QcomSubSystemLpmParser: line:clocks=
02-28 02:38:37.296 18616 18634 D QcomSubSystemLpmParser: line:active_thread=|
02-28 02:38:37.296 18616 18634 D QcomSubSystemLpmParser: line:latency_mode=0|2034|43|
02-28 02:38:37.296 18616 18634 D QcomSubSystemLpmParser: line:    latency_normal=-1(CuPD_PM_VOTE_TCPC0)
02-28 02:38:37.296 18616 18634 D QcomSubSystemLpmParser: line:    latency_island=5000(7)
02-28 02:38:37.296 18616 18634 D QcomSubSystemLpmParser: line:duration_mode=0|8137|86|
02-28 02:38:37.296 18616 18634 D QcomSubSystemLpmParser: line:    duration_normal=4334890(TCPC_0)
02-28 02:38:37.296 18616 18634 D QcomSubSystemLpmParser: line:    duration_island=87596(5)
02-28 02:38:37.296 18616 18634 D QcomSubSystemLpmParser: line:    duration_soft=4294967295
02-28 02:38:37.296 18616 18634 D QcomSubSystemLpmParser: line:resource=/core/cpu/tcm(ssc_tcm_4|)
02-28 02:38:37.296 18616 18634 D QcomSubSystemLpmParser: line:resource=/core/cpu/pdc(dsppmsleeprpmlpm codeccore|0x30030|)
02-28 02:38:37.296 18616 18634 D QcomSubSystemLpmParser: line:resource=/core/cpu/ss_sleep(AUD_cbd00000|)
02-28 02:38:37.296 18616 18634 D QcomSubSystemLpmParser: line:
02-28 02:38:37.297 18616 18634 D QcomSubSystemLpmParser: read file:/proc/subsys_sleepmon/cdsp_compact
02-28 02:38:37.297 18616 18634 D QcomSubSystemLpmParser: line:sleep_mode_chosen=0|3
02-28 02:38:37.297 18616 18634 D QcomSubSystemLpmParser: line:sleep_mode_reason=LPRM_Disabled|
02-28 02:38:37.297 18616 18634 D QcomSubSystemLpmParser: line:clocks=
02-28 02:38:37.297 18616 18634 D QcomSubSystemLpmParser: line:active_thread=|
02-28 02:38:37.297 18616 18634 D QcomSubSystemLpmParser: line:latency_mode=13716|0|91|0|
02-28 02:38:37.297 18616 18634 D QcomSubSystemLpmParser: line:    latency_normal=65535(DCVSClt_TARGET)
02-28 02:38:37.297 18616 18634 D QcomSubSystemLpmParser: line:    latency_island=4294967295(-1)
02-28 02:38:37.297 18616 18634 D QcomSubSystemLpmParser: line:duration_mode=749093|0|307|0|
02-28 02:38:37.297 18616 18634 D QcomSubSystemLpmParser: line:    duration_normal=3751704187003147(q6_sysmon)
02-28 02:38:37.297 18616 18634 D QcomSubSystemLpmParser: line:    duration_island=18446744073709551615(-1)
02-28 02:38:37.297 18616 18634 D QcomSubSystemLpmParser: line:    duration_soft=4294967295
02-28 02:38:37.297 18616 18634 D QcomSubSystemLpmParser: line:resource=()
02-28 02:38:37.297 18616 18634 D QcomSubSystemLpmParser: line:
02-28 02:38:37.297 18616 18634 D QcomSubSystemLpmParser: read file:/proc/subsys_sleepmon/slpi_compact
02-28 02:38:37.297 18616 18634 E QcomSubSystemLpmParser: exception:/proc/subsys_sleepmon/slpi_compact: open failed: ENOMEM (Out of memory)
02-28 02:38:37.343  1049  1049 E lowmemorykiller: device memory 450681 free 77921 file 391238
02-28 02:38:37.345  3665  4936 I Osense-BaseDecisionMaker: notifySceneToAthenaPolicy: SCENE_RES_IO_PSI, bundle: Bundle[{ioLevel=3}]
02-28 02:38:37.345  3665  4936 I Osense-BaseDecisionMaker: OSense not supported scene! SCENE_RES_IO_PSI
02-28 02:38:37.345 10324 19469 I metis_v2_OsenseCallBack: memLevel: 0 [Metis|com.oplus.metis|2.0.20-aa39d14]
02-28 02:38:37.356  2475  2521 D vendor.oplus.hardware.charger-V9-service: ret_value:124, read content:,380,402,3885,3885,-1329,33,33,1,3,0,1394,4680,33,0,4470,1600,1500,0,0,-22,0,0,1,0,2,0,0,0,1,0,100,0,2196,6950,0,0,0,0,0,75
02-28 02:38:37.357  2475  2521 D vendor.oplus.hardware.charger-V9-service: gmtime: 2026-02-28-02-38-37
02-28 02:38:37.357  2475  2521 D vendor.oplus.hardware.charger-V9-service: usb_online:1, ac_online:-2147483648, wireless_online:-2147483648
02-28 02:38:37.492 25848 20102 I NearbyDiscovery: FastPair: isDestroyable: Scanner is alive. [CONTEXT service_id=265 ]
02-28 02:38:37.492 25848 20102 I NearbyDiscovery: DiscoveryService: Skip stopSelf(), fast pair controller is not destroyable. [CONTEXT service_id=265 ]
02-28 02:38:37.522  2475  2475 D vendor.oplus.hardware.charger-V9-service: getChargerControl:
02-28 02:38:37.546  1049  1049 E lowmemorykiller: device memory 450258 free 76539 file 391989
02-28 02:38:37.696  7950 27908 D gaia-GaiaConnectChecker: start connect check++
02-28 02:38:37.717  4238  4246 E Diag_Lib: [IMS_AP]"ims-rtp-daemon ims_rtp_qmi_handler_thread_func waiting on select thread>"
02-28 02:38:37.720  4238  4246 E Diag_Lib: [IMS_AP]"ims-rtp-daemon ims_rtp_qmi_handler_thread_func waiting on select thread>"
02-28 02:38:37.721  4238  4246 E Diag_Lib: [IMS_AP]"ims-rtp-daemon ims_rtp_qmi_handler_thread_func waiting on select thread>"
02-28 02:38:37.724  4238  4246 E Diag_Lib: [IMS_AP]"ims-rtp-daemon ims_rtp_qmi_handler_thread_func waiting on select thread>"
02-28 02:38:37.785 18616 18616 W libc    : Access denied finding property "vendor.mdlogger.Running"
02-28 02:38:37.785 18616 18616 W libc    : Access denied finding property "vendor.mdlogger.Running"
02-28 02:38:37.786 18616 18616 D NetworkUtils: isModemLogOn:false
02-28 02:38:37.852  1049  1049 E lowmemorykiller: device memory 449706 free 75788 file 392173
02-28 02:38:37.953  1049  1049 E lowmemorykiller: device memory 448886 free 74715 file 392422
02-28 02:38:37.974  8157  8523 I discovery::core::moni..: DiscMonitor: [trace_id=83867182319]DiscoveryComponentStatus { adaptive_sdp_client_status: Some("{\"0\":\"0.0.0.0\",\"1\":null}"), adaptive_sdp_server_status: None, network_interface_states: Some({}) }
02-28 02:38:38.054  1049  1049 E lowmemorykiller: device memory 448035 free 73331 file 392941
02-28 02:38:38.277 27719 27719 E qsap_location: QESDK service init
02-28 02:38:38.277 27719 27719 E qsap_location: Failed to connect to QESDK Manager (connection failed No such file or directory)
02-28 02:38:38.277 27719 27719 E LOC_QESDK: connectQesd:133] fail to init qesd svc, error = -1
02-28 02:38:38.284  1049  1049 E lowmemorykiller: device memory 447853 free 73079 file 393006
02-28 02:38:38.286  3665  4949 I Osense-PsiDetector: 1749,285,1458,5631,75,390,340,1377,1607,502,1032,0,8,9480
02-28 02:38:38.286  3665  4934 I Osense-BaseDecisionMaker: notifySceneToAthenaPolicy: SCENE_RES_MEM_PSI_NORMAL, bundle: Bundle[{memLevel=3}]
02-28 02:38:38.292 10324 19469 I metis_v2_OsenseCallBack: memLevel: 3 [Metis|com.oplus.metis|2.0.20-aa39d14]
02-28 02:38:38.388  1231 22565 I android.system.suspend-service: First holding wakelock name = qms_event_Handler_wakeLock_
02-28 02:38:38.392  1231 22565 I android.system.suspend-service: Last release wakelock name = qms_event_Handler_wakeLock_
02-28 02:38:38.392  1231 22565 I android.system.suspend-service: mAutosuspendEnabled=1
02-28 02:38:38.395  2402  2402 I [UAH_CLIENT]: UahPlatformResAcquire
02-28 02:38:38.395  2402  2402 I [UAH_CLIENT]: UahEventAcquire, cmdid:-3, pkg:2943 2991, identity:qcom-perfd
02-28 02:38:38.398  2402  2483 E ANDR-PERF-RESOURCEQS: ANDR-PERF-RESOURCEQS: AddAndApply() 125: Resource with major=16, minor=0 not supported
02-28 02:38:38.484  1231 30682 I android.system.suspend-service: First holding wakelock name = qms_event_Handler_wakeLock_
02-28 02:38:38.486  1231 30682 I android.system.suspend-service: Last release wakelock name = qms_event_Handler_wakeLock_
02-28 02:38:38.486  1231 30682 I android.system.suspend-service: mAutosuspendEnabled=1
02-28 02:38:38.599  2402 27733 I [UAH_CLIENT]: UahRelease, handle:619557
02-28 02:38:38.650  1231 27631 I android.system.suspend-service: First holding wakelock name = PowerManagerService.WakeLocks
02-28 02:38:38.666  2178  2219 E TetherController: property_get sys.radio.data.modem_share_flag return 0, 1!
02-28 02:38:38.682  1231 27631 I android.system.suspend-service: Last release wakelock name = PowerManagerService.WakeLocks
02-28 02:38:38.682  1231 27631 I android.system.suspend-service: mAutosuspendEnabled=1
02-28 02:38:38.685  3665  4711 D OplusTetheringStatistician: get tethering traffic from mobile data, slotIndex: 0; entry: 0; rx bytes: 9421005275; tx bytes: 3332149341
02-28 02:38:38.685  3665  4711 D OplusTetheringStatistician: get tethering traffic from mobile data, slotIndex: 0; entry: 0; rx bytes: 3498; tx bytes: 0
02-28 02:38:38.686  3665  4711 E OplusTetheringNotification: Screen is off, no notification
02-28 02:38:38.692  5294  5843 V MonthTrafficAlert: getWarningNotification subId:1 numWarningNotificaion:0
02-28 02:38:38.818  4238  4246 E Diag_Lib: [IMS_AP]"ims-rtp-daemon ims_rtp_qmi_handler_thread_func waiting on select thread>"
02-28 02:38:38.820  4238  4246 E Diag_Lib: [IMS_AP]"ims-rtp-daemon ims_rtp_qmi_handler_thread_func waiting on select thread>"
02-28 02:38:38.822  4238  4246 E Diag_Lib: [IMS_AP]"ims-rtp-daemon ims_rtp_qmi_handler_thread_func waiting on select thread>"
02-28 02:38:38.824  4238  4246 E Diag_Lib: [IMS_AP]"ims-rtp-daemon ims_rtp_qmi_handler_thread_func waiting on select thread>"
02-28 02:38:38.898  1231 30682 I android.system.suspend-service: First holding wakelock name = qms_event_Handler_wakeLock_
02-28 02:38:38.903  1231 30682 I android.system.suspend-service: Last release wakelock name = qms_event_Handler_wakeLock_
02-28 02:38:38.903  1231 30682 I android.system.suspend-service: mAutosuspendEnabled=1
02-28 02:38:38.904  1231 22565 I android.system.suspend-service: First holding wakelock name = qms_event_Handler_wakeLock_
02-28 02:38:39.102  1231 27631 I android.system.suspend-service: Last release wakelock name = qms_event_Handler_wakeLock_
02-28 02:38:39.102  1231 27631 I android.system.suspend-service: mAutosuspendEnabled=1
02-28 02:38:39.177  1049  1049 E lowmemorykiller: device memory 447738 free 72942 file 393024
02-28 02:38:39.261  2333 28452 E sensors-hal: handle_sns_std_sensor_event:151, oplus_wise_light: lux 133, data_c = 860, period 100 ms, brightness:0, data_cnt:57576
02-28 02:38:39.278 27719 27719 E qsap_location: QESDK service init
02-28 02:38:39.278 27719 27719 E qsap_location: Failed to connect to QESDK Manager (connection failed No such file or directory)
02-28 02:38:39.279 27719 27719 E LOC_QESDK: connectQesd:133] fail to init qesd svc, error = -1
02-28 02:38:39.291 10324 19469 I metis_v2_OsenseCallBack: memLevel: 0 [Metis|com.oplus.metis|2.0.20-aa39d14]
02-28 02:38:39.327  6524 23072 E oiface  : sched_setaffinity failed
02-28 02:38:39.380  1049  1049 E lowmemorykiller: device memory 447231 free 72336 file 393136
02-28 02:38:39.458  2447  2447 E PerformanceService: storage_feature: open /sys/devices/platform/soc/112b0000.ufshci//virtualtlcbuff fail
02-28 02:38:39.665  1231 27631 I android.system.suspend-service: First holding wakelock name = qms_event_Handler_wakeLock_
02-28 02:38:39.668  1231 27631 I android.system.suspend-service: Last release wakelock name = qms_event_Handler_wakeLock_
02-28 02:38:39.668  1231 27631 I android.system.suspend-service: mAutosuspendEnabled=1
02-28 02:38:39.813 18616 18616 D MemSleepStatusChecker: mem_sleep:[s2idle] deep
02-28 02:38:39.817 18616 18616 D MemSleepStatusChecker: find:s2idle
02-28 02:38:39.817 18616 18616 D InstantStatusMonitor: check mem_sleep state:s2idle
02-28 02:38:39.818 18616 18616 D OplusPowerMonitor_Utils: deepsleep_switch_state=1
02-28 02:38:39.819  4238  4246 E Diag_Lib: [IMS_AP]"ims-rtp-daemon ims_rtp_qmi_handler_thread_func waiting on select thread>"
02-28 02:38:39.822  4238  4246 E Diag_Lib: [IMS_AP]"ims-rtp-daemon ims_rtp_qmi_handler_thread_func waiting on select thread>"
02-28 02:38:39.830 18616 18616 D InstantStatusMonitor: hasCheckTimes:1 status:{time:2026_0228_0238_39, status:gps_on/, details:{}}
02-28 02:38:39.830 18616 18616 D InstantStatusMonitor: syncToLocal
02-28 02:38:39.917  4238  4246 E Diag_Lib: [IMS_AP]"ims-rtp-daemon ims_rtp_qmi_handler_thread_func waiting on select thread>"
02-28 02:38:39.918  4238  4246 E Diag_Lib: [IMS_AP]"ims-rtp-daemon ims_rtp_qmi_handler_thread_func waiting on select thread>"
02-28 02:38:39.921  1231 22341 I android.system.suspend-service: First holding wakelock name = qms_event_Handler_wakeLock_
02-28 02:38:39.922  1231 22341 I android.system.suspend-service: Last release wakelock name = qms_event_Handler_wakeLock_
