02-28 02:38:50.475 27590 27642 I Bugle   : RcsAvailabilityUtilForProvisioningEngineV2: updateAvailabilityForAllSimsAsync, hint: NO_HINT
02-28 02:38:50.477 27590 27642 I BugleRcsProvisioning: updateAvailabilityForAllSimsAsync: scheduling updateAvailabilityForRcsProvisioningId call. Hint: NO_HINT, enableWelcomePopupWithoutGoogleTos: false, reshowSuccessPopup: false
02-28 02:38:50.478 27590 27766 I BugleRcsProvisioning: updateRcsAvailabilityForMultipleSims: hint: NO_HINT, canReshowWelcomeMessage: false
02-28 02:38:50.478 27590 27764 I BugleDataModel: SubscriptionsTracker#refreshSelfParticipantList([1])
02-28 02:38:50.485 25848 16866 W BpBinder: Large outgoing transaction of 459992 bytes, interface descriptor , code 4 was sent
02-28 02:38:50.489 27590 27766 I RcsAvailabilityCache: Cached availability not found for simId: redacted-pii:sim_id[chars:20,last3:203]
02-28 02:38:50.493 27590 27595 W .apps.messaging: userfaultfd: MOVE ioctl seems unsupported: Try again
02-28 02:38:50.513 27590 27766 I Bugle   : Has Samsung system feature: false
02-28 02:38:50.520 27590 27644 D WM-GreedyScheduler: Ignoring {WorkSpec: 4ed2f077-0416-477b-8a84-47ae6ef4f4b3}. Requires device idle.
02-28 02:38:50.520 27590 27644 D WM-GreedyScheduler: Ignoring {WorkSpec: ffac81cd-b52f-4981-ad59-9d72d0dfc8d0}. Requires device idle.
02-28 02:38:50.520 27590 27644 D WM-GreedyScheduler: Ignoring {WorkSpec: 143f76d4-2fb8-4702-b3f9-814d00d8368a}. Requires device idle.
02-28 02:38:50.520 27590 27644 D WM-GreedyScheduler: Ignoring {WorkSpec: 44a59678-7a7e-4fe9-8955-cee024053b1d}. Requires device idle.
02-28 02:38:50.520 27590 27644 D WM-GreedyScheduler: Ignoring {WorkSpec: bf11979a-2400-4b31-93ca-0ad397604a69}. Requires device idle.
02-28 02:38:50.520 27590 27644 D WM-GreedyScheduler: Ignoring {WorkSpec: f48a4210-e0e3-47c2-bcf0-f9064ba81db7}. Requires device idle.
02-28 02:38:50.520 27590 27644 D WM-GreedyScheduler: Ignoring {WorkSpec: 9d925d66-2e09-4405-95a5-bc805e1daaa1}. Requires device idle.
02-28 02:38:50.521 27590 27644 D WM-GreedyScheduler: Ignoring {WorkSpec: 2239e7f2-8f37-418b-81f2-53d1abf3c62d}. Requires device idle.
02-28 02:38:50.521 27590 27644 D WM-GreedyScheduler: Ignoring {WorkSpec: 8ff213c8-f80d-4f42-9754-801a4c21fd62}. Requires device idle.
02-28 02:38:50.521 27590 27644 D WM-GreedyScheduler: Ignoring {WorkSpec: 608a0295-6e1b-4235-974a-b4233fe5ec19}. Requires device idle.
02-28 02:38:50.521 27590 27644 D WM-GreedyScheduler: Ignoring {WorkSpec: 41ba4155-eb93-4df9-94b1-514d7ab39a9f}. Requires device idle.
02-28 02:38:50.521 27590 27644 D WM-GreedyScheduler: Ignoring {WorkSpec: 2da54d14-ee6a-4dc7-a0ba-ca7970eefc70}. Requires device idle.
02-28 02:38:50.521 27590 27644 D WM-GreedyScheduler: Ignoring {WorkSpec: 3c2169c6-6eb5-4305-bf1f-2e89b803ecb8}. Requires device idle.
02-28 02:38:50.522 27590 27644 D WM-GreedyScheduler: Ignoring {WorkSpec: 99326141-adfb-4c0d-93a3-6d54eab0b773}. Requires device idle.
02-28 02:38:50.522 27590 27644 D WM-GreedyScheduler: Ignoring {WorkSpec: fdee9323-8c43-430f-a8aa-430fddbcbb17}. Requires device idle.
02-28 02:38:50.522 27590 27644 D WM-GreedyScheduler: Ignoring {WorkSpec: fb11c53a-123a-4bae-8523-03c4d1ea8316}. Requires device idle.
02-28 02:38:50.522 27590 27644 D WM-GreedyScheduler: Ignoring {WorkSpec: cd9e26a6-9acc-4320-ad29-234e9bdd5082}. Requires ContentUri triggers.
02-28 02:38:50.522 27590 27644 D WM-GreedyScheduler: Ignoring {WorkSpec: da61a56b-dee7-49a1-bd51-282f086e3caa}. Requires device idle.
02-28 02:38:50.522 27590 27644 D WM-GreedyScheduler: Ignoring {WorkSpec: 12a39898-e276-4f4a-8ada-46c276546714}. Requires ContentUri triggers.
02-28 02:38:50.523 27590 27644 D WM-GreedyScheduler: Starting tracking for 9bbac23b-467c-42a6-9ca2-998aaa4a609c,66db8739-614d-4276-9c0d-29d7921c35ed
02-28 02:38:50.525 27590 27634 I BugleRcsEngine: getConfigServerUrl without simId [CONTEXT log_prefix="ProvisioningServerUtil" thread_id=2755 ]
02-28 02:38:50.528 27590 27764 I Bugle   : CountryCodeDetector: updateSmsNetworkCountry from default subscription network country. detected country: in
02-28 02:38:50.541 27590 27634 I BugleRcsEngine: Using MCC based URL [CONTEXT log_prefix="ProvisioningServerUtil" thread_id=2755 ]
02-28 02:38:50.541 27590 27649 I FirebaseApp: Device unlocked: initializing all Firebase APIs for app [DEFAULT]
02-28 02:38:50.543  1049  1049 E lowmemorykiller: device memory 442755 free 71530 file 389716
02-28 02:38:50.544 27590 27626 I Bugle   : RcsAvailabilityUtilForProvisioningEngineV2: onCsLibPhenotypeUpdated
02-28 02:38:50.545  3665  5552 W PackageManager: package com.google.android.apps.messaging uid 10125 pid 27590 call SetEnabledSetting(com.google.android.apps.messaging component = com.google.android.ims.binding.SystemBindingService, 1, 0)
02-28 02:38:50.549 27590 27621 I BugleSystemBindingManag: BugleSystemBindingManager: onBuglePhenotypeFlagChanged
02-28 02:38:50.550 27590 27623 I BugleRcsEngine: SystemBinding enabled: true [CONTEXT log_prefix="SystemBindingManager" thread_id=2745 ]
02-28 02:38:50.551 27590 27623 I BugleRcsEngine: System Binding updated [CONTEXT thread_id=2745 ]
02-28 02:38:50.559 27590 27621 I BugleTransport: Not kicking off update transport registration because RCS provisioning change has not been received.
02-28 02:38:50.560  3665  4315 W PackageManager: package com.google.android.apps.messaging uid 10125 pid 27590 call SetEnabledSetting(com.google.android.apps.messaging component = com.google.android.ims.binding.SystemBindingService, 1, 0)
02-28 02:38:50.560 27590 27646 I BugleNetwork: FirebaseRegistrationStartupTask: Enabling Firebase component
02-28 02:38:50.562  3665  5552 W PackageManager: package com.google.android.apps.messaging uid 10125 pid 27590 call SetEnabledSetting(com.google.android.apps.messaging component = com.google.android.apps.messaging.shared.fcm.impl.BugleFirebaseMessagingService, 1, 0)
02-28 02:38:50.563 27590 27632 I BugleRcsEngine: getConfigServerUrl without simId [CONTEXT log_prefix="ProvisioningServerUtil" thread_id=2753 ]
02-28 02:38:50.569 27590 27765 I MobileConfigurationApi: registerParameters successfully stored 5 parameters
02-28 02:38:50.569 27590 27633 I BugleRcsEngine: getConfigServerUrl without simId [CONTEXT log_prefix="ProvisioningServerUtil" thread_id=2754 ]
02-28 02:38:50.570 27590 27634 I ProvisioningServerUtil: Getting mccmnc from SimPreferences.
02-28 02:38:50.570 27590 27762 I BugleRcsEngine: SystemBinding enabled: true [CONTEXT log_prefix="SystemBindingManager" thread_id=2785 ]
02-28 02:38:50.571 27590 27762 I BugleRcsEngine: System Binding updated [CONTEXT thread_id=2785 ]
02-28 02:38:50.575 27590 27766 I BugleRcsEngine: [SR]: Single Registration is disabled. Skipping Single Registration capability check for subId: 1 [CONTEXT thread_id=2788 ]
02-28 02:38:50.583 27590 27628 I BugleRcsEngine: getConfigServerUrl without simId [CONTEXT log_prefix="ProvisioningServerUtil" thread_id=2750 ]
02-28 02:38:50.586 27590 27644 I BugleRcsEngine: getConfigServerUrl without simId [CONTEXT log_prefix="ProvisioningServerUtil" thread_id=2765 ]
02-28 02:38:50.587 27590 27632 I BugleRcsEngine: Using MCC based URL [CONTEXT log_prefix="ProvisioningServerUtil" thread_id=2753 ]
02-28 02:38:50.588 27590 27630 D WM-GreedyScheduler: Ignoring {WorkSpec: 4ed2f077-0416-477b-8a84-47ae6ef4f4b3}. Requires device idle.
02-28 02:38:50.590 27590 27630 D WM-GreedyScheduler: Ignoring {WorkSpec: ffac81cd-b52f-4981-ad59-9d72d0dfc8d0}. Requires device idle.
02-28 02:38:50.590 27590 27630 D WM-GreedyScheduler: Ignoring {WorkSpec: 143f76d4-2fb8-4702-b3f9-814d00d8368a}. Requires device idle.
02-28 02:38:50.590 27590 27630 D WM-GreedyScheduler: Ignoring {WorkSpec: 44a59678-7a7e-4fe9-8955-cee024053b1d}. Requires device idle.
02-28 02:38:50.590 27590 27630 D WM-GreedyScheduler: Ignoring {WorkSpec: bf11979a-2400-4b31-93ca-0ad397604a69}. Requires device idle.
02-28 02:38:50.590 27590 27630 D WM-GreedyScheduler: Ignoring {WorkSpec: f48a4210-e0e3-47c2-bcf0-f9064ba81db7}. Requires device idle.
02-28 02:38:50.591 27590 27630 D WM-GreedyScheduler: Ignoring {WorkSpec: 9d925d66-2e09-4405-95a5-bc805e1daaa1}. Requires device idle.
02-28 02:38:50.591 27590 27630 D WM-GreedyScheduler: Ignoring {WorkSpec: 2239e7f2-8f37-418b-81f2-53d1abf3c62d}. Requires device idle.
02-28 02:38:50.591 27590 27630 D WM-GreedyScheduler: Ignoring {WorkSpec: 8ff213c8-f80d-4f42-9754-801a4c21fd62}. Requires device idle.
02-28 02:38:50.591 27590 27630 D WM-GreedyScheduler: Ignoring {WorkSpec: 608a0295-6e1b-4235-974a-b4233fe5ec19}. Requires device idle.
02-28 02:38:50.591 27590 27630 D WM-GreedyScheduler: Ignoring {WorkSpec: 41ba4155-eb93-4df9-94b1-514d7ab39a9f}. Requires device idle.
02-28 02:38:50.591 27590 27630 D WM-GreedyScheduler: Ignoring {WorkSpec: 2da54d14-ee6a-4dc7-a0ba-ca7970eefc70}. Requires device idle.
02-28 02:38:50.591 27590 27630 D WM-GreedyScheduler: Ignoring {WorkSpec: 3c2169c6-6eb5-4305-bf1f-2e89b803ecb8}. Requires device idle.
02-28 02:38:50.592 27590 27630 D WM-GreedyScheduler: Ignoring {WorkSpec: 99326141-adfb-4c0d-93a3-6d54eab0b773}. Requires device idle.
02-28 02:38:50.592 25848 25848 D BoundBrokerSvc: onRebind: Intent { act=com.google.android.gms.common.telemetry.service.START dat=chimera-action:/... xflg=0x4 cmp=com.google.android.gms/.chimera.PersistentApiService mCallingUid=10126 }
02-28 02:38:50.592 27590 27630 D WM-GreedyScheduler: Ignoring {WorkSpec: fdee9323-8c43-430f-a8aa-430fddbcbb17}. Requires device idle.
02-28 02:38:50.592 27590 27630 D WM-GreedyScheduler: Ignoring {WorkSpec: fb11c53a-123a-4bae-8523-03c4d1ea8316}. Requires device idle.
02-28 02:38:50.592 27590 27630 D WM-GreedyScheduler: Ignoring {WorkSpec: cd9e26a6-9acc-4320-ad29-234e9bdd5082}. Requires ContentUri triggers.
02-28 02:38:50.592 27590 27630 D WM-GreedyScheduler: Ignoring {WorkSpec: da61a56b-dee7-49a1-bd51-282f086e3caa}. Requires device idle.
02-28 02:38:50.592 27590 27630 D WM-GreedyScheduler: Ignoring {WorkSpec: 12a39898-e276-4f4a-8ada-46c276546714}. Requires ContentUri triggers.
02-28 02:38:50.592 27590 27630 D WM-GreedyScheduler: Starting tracking for 9bbac23b-467c-42a6-9ca2-998aaa4a609c,66db8739-614d-4276-9c0d-29d7921c35ed
02-28 02:38:50.593 27590 27766 I BugleRcsProvisioning: RcsAvailability configuration availability and enabled status: simId: redacted-pii:sim_id[chars:20,last3:203], SipConnectionType: DUAL_REG, isConfigurationAvailableAndEnabled: true
02-28 02:38:50.599 27590 27766 I BugleRcsProvisioning: Checking isConfigServerUrlAvailable with simId: redacted-pii:sim_id[chars:20,last3:203], 
02-28 02:38:50.599 27590 27632 I ProvisioningServerUtil: Getting mccmnc from SimPreferences.
02-28 02:38:50.600 27590 27633 I BugleRcsEngine: Using MCC based URL [CONTEXT log_prefix="ProvisioningServerUtil" thread_id=2754 ]
02-28 02:38:50.600 27590 27641 I RcsProvisioningFlow: Clearing provisioning flow state for redacted-pii:sim_id[chars:73,last3:AGS]
02-28 02:38:50.600 27590 27628 I BugleRcsEngine: Using MCC based URL [CONTEXT log_prefix="ProvisioningServerUtil" thread_id=2750 ]
02-28 02:38:50.601 27590 27766 I BugleRcsEngine: getConfigServerUrl with simId: redacted-pii:sim_id[chars:20,last3:203] [CONTEXT log_prefix="ProvisioningServerUtil" thread_id=2788 ]
02-28 02:38:50.601 27590 27765 I SyncScheduler: scheduling sync for 0 seconds later, policy = KEEP
02-28 02:38:50.606 27590 27770 D WM-GreedyScheduler: Ignoring {WorkSpec: 4ed2f077-0416-477b-8a84-47ae6ef4f4b3}. Requires device idle.
02-28 02:38:50.606 27590 27770 D WM-GreedyScheduler: Ignoring {WorkSpec: ffac81cd-b52f-4981-ad59-9d72d0dfc8d0}. Requires device idle.
02-28 02:38:50.606 27590 27770 D WM-GreedyScheduler: Ignoring {WorkSpec: 143f76d4-2fb8-4702-b3f9-814d00d8368a}. Requires device idle.
02-28 02:38:50.606 27590 27770 D WM-GreedyScheduler: Ignoring {WorkSpec: 44a59678-7a7e-4fe9-8955-cee024053b1d}. Requires device idle.
02-28 02:38:50.606 27590 27770 D WM-GreedyScheduler: Ignoring {WorkSpec: bf11979a-2400-4b31-93ca-0ad397604a69}. Requires device idle.
02-28 02:38:50.606 27590 27770 D WM-GreedyScheduler: Ignoring {WorkSpec: f48a4210-e0e3-47c2-bcf0-f9064ba81db7}. Requires device idle.
02-28 02:38:50.607 27590 27770 D WM-GreedyScheduler: Ignoring {WorkSpec: 9d925d66-2e09-4405-95a5-bc805e1daaa1}. Requires device idle.
02-28 02:38:50.607 27590 27770 D WM-GreedyScheduler: Ignoring {WorkSpec: 2239e7f2-8f37-418b-81f2-53d1abf3c62d}. Requires device idle.
02-28 02:38:50.607 27590 27770 D WM-GreedyScheduler: Ignoring {WorkSpec: 8ff213c8-f80d-4f42-9754-801a4c21fd62}. Requires device idle.
02-28 02:38:50.607 27590 27770 D WM-GreedyScheduler: Ignoring {WorkSpec: 608a0295-6e1b-4235-974a-b4233fe5ec19}. Requires device idle.
02-28 02:38:50.607 27590 27770 D WM-GreedyScheduler: Ignoring {WorkSpec: 41ba4155-eb93-4df9-94b1-514d7ab39a9f}. Requires device idle.
02-28 02:38:50.607 27590 27770 D WM-GreedyScheduler: Ignoring {WorkSpec: 2da54d14-ee6a-4dc7-a0ba-ca7970eefc70}. Requires device idle.
02-28 02:38:50.607 27590 27770 D WM-GreedyScheduler: Ignoring {WorkSpec: 3c2169c6-6eb5-4305-bf1f-2e89b803ecb8}. Requires device idle.
02-28 02:38:50.607 27590 27770 D WM-GreedyScheduler: Ignoring {WorkSpec: 99326141-adfb-4c0d-93a3-6d54eab0b773}. Requires device idle.
02-28 02:38:50.607 27590 27770 D WM-GreedyScheduler: Ignoring {WorkSpec: fdee9323-8c43-430f-a8aa-430fddbcbb17}. Requires device idle.
02-28 02:38:50.608 27590 27770 D WM-GreedyScheduler: Ignoring {WorkSpec: fb11c53a-123a-4bae-8523-03c4d1ea8316}. Requires device idle.
02-28 02:38:50.608 27590 27770 D WM-GreedyScheduler: Ignoring {WorkSpec: cd9e26a6-9acc-4320-ad29-234e9bdd5082}. Requires ContentUri triggers.
02-28 02:38:50.608 27590 27770 D WM-GreedyScheduler: Ignoring {WorkSpec: da61a56b-dee7-49a1-bd51-282f086e3caa}. Requires device idle.
02-28 02:38:50.608 27590 27770 D WM-GreedyScheduler: Ignoring {WorkSpec: 12a39898-e276-4f4a-8ada-46c276546714}. Requires ContentUri triggers.
02-28 02:38:50.608 27590 27770 D WM-GreedyScheduler: Starting tracking for 9bbac23b-467c-42a6-9ca2-998aaa4a609c,66db8739-614d-4276-9c0d-29d7921c35ed
02-28 02:38:50.609 27590 27766 I BugleRcsEngine: Using MCC based URL [CONTEXT log_prefix="ProvisioningServerUtil" thread_id=2788 ]
02-28 02:38:50.609 27590 27766 I ProvisioningServerUtil: Getting mccmnc from SimSubscriptionInfo.
02-28 02:38:50.612 27590 27633 I ProvisioningServerUtil: Getting mccmnc from SimPreferences.
02-28 02:38:50.613 27590 27628 I ProvisioningServerUtil: Getting mccmnc from SimPreferences.
02-28 02:38:50.620 27590 27641 I RcsProvisioningFlow: Clearing provisioning flow state for redacted-pii:sim_id[chars:55,last3:AGS]
02-28 02:38:50.623 27590 27766 I BugleRcsProvisioning: RcsAvailability: Subscription Id: 1, simId: redacted-pii:sim_id[chars:20,last3:203], sipConnectionType: DUAL_REG, isRcsAvailable: true
02-28 02:38:50.624 27590 27641 I RcsProvisioningFlow: Clearing provisioning flow state for redacted-pii:sim_id[chars:60,last3:AGS]
02-28 02:38:50.625 27590 27766 I BugleRcsProvisioning: updateAvailabilityForRcsProvisioningId. SimId: redacted-pii:sim_id[chars:20,last3:203], currentAvailability: 1, newAvailability: 7, hint: NO_HINT
02-28 02:38:50.626 27590 27764 I BugleDataModel: SubscriptionsTracker bindToTrackingMap bound participants: [ParticipantId=1 subId=-1, ParticipantId=2 subId=1]
02-28 02:38:50.627 27590 27766 I RcsProvisioningManager: Receive onRcsAvailabilityUpdate, SIM = redacted-pii:sim_id[chars:20,last3:203], availability = RcsAvailability{mAvailability=AVAILABLE (RCS is setup)}
02-28 02:38:50.629 27590 27647 I RcsProvisioningFlow: Clearing provisioning flow state for redacted-pii:sim_id[chars:117,last3:ION]
02-28 02:38:50.630 27590 27644 I BugleRcsEngine: Using MCC based URL [CONTEXT log_prefix="ProvisioningServerUtil" thread_id=2765 ]
02-28 02:38:50.631 27590 27764 I BugleDataModel: set orderedRowIdAndTokenPairs: [rowId=2 subId= 1 token=204cdab5-1416-4b98-ab34-876a08990b2a, rowId=1 subId= -1 token=660b113f-a98c-4766-bf22-2203cc482f24]
02-28 02:38:50.634 27590 27766 I RcsProvisioningManager: Configuration is empty: false for simId: redacted-pii:sim_id[chars:35,last3:03)]
02-28 02:38:50.637  1231 22341 I android.system.suspend-service: First holding wakelock name = PowerManagerService.WakeLocks
02-28 02:38:50.639 27590 27641 I RcsProvisioningFlow: Clearing provisioning flow state for redacted-pii:sim_id[chars:60,last3:AGS]
02-28 02:38:50.639  3665  5552 W PackageManager: package com.google.android.apps.messaging uid 10125 pid 27590 call SetEnabledSetting(com.google.android.apps.messaging component = com.google.android.apps.messaging.auto.MessagingTemplateScreenServiceModule, 1, 0)
02-28 02:38:50.643  1049  1049 E lowmemorykiller: device memory 443524 free 70764 file 391313
02-28 02:38:50.644 27590 27644 I ProvisioningServerUtil: Getting mccmnc from SimPreferences.
02-28 02:38:50.650 27590 27634 I RcsClientLib: Service is deprecated skipping connection attempt: EventService
02-28 02:38:50.655 27590 27770 I RcsProvisioningManager: AvailabilityObserver.onUpdate : Notify RcsAvailabilityListener czbb@897e4d1 onRcsAvailabilityUpdate, SIM = redacted-pii:sim_id[chars:20,last3:203], availability = 7
02-28 02:38:50.656 27590 27647 I RcsProvisioningFlow: EVENT_TYPE_PROVISIONING_SUCCEEDED logging skipped for redacted-pii:sim_id[chars:20,last3:203] because of NOT_ELIGIBLE_PREVIOUS_EVENT_NOT_LOGGED
02-28 02:38:50.659 27590 27771 I RcsProvisioningManager: AvailabilityObserver.onUpdate : Notify RcsAvailabilityListener ctlf@b97a50 onRcsAvailabilityUpdate, SIM = redacted-pii:sim_id[chars:20,last3:203], availability = 7
02-28 02:38:50.660 27590 27634 I RcsClientLib: Service is deprecated skipping connection attempt: ContactsService
02-28 02:38:50.660 27590 27634 I RcsClientLib: Service is deprecated skipping connection attempt: FileTransferService
02-28 02:38:50.665 27590 27632 I RcsProvisioningManager: CommonRcsProvisioningChangeListenerHandler.notifyListener : Notify RcsProvisioningChangeListener dkqe@90a626f onRcsProvisioningChange, SIM = redacted-pii:sim_id[chars:35,last3:03)], available rcs provisioning ids  = redacted-pii:sim_id[chars:20,last3:203]
02-28 02:38:50.666 27590 27634 I RcsClientLib: Service is deprecated skipping connection attempt: LocationSharingService
02-28 02:38:50.669 27590 27634 I RcsClientLib: Service is deprecated skipping connection attempt: ImsConnectionTrackerService
02-28 02:38:50.672 27590 27634 I RcsClientLib: Service is deprecated skipping connection attempt: RcsProfileService
02-28 02:38:50.674 27590 27634 I RcsClientLib: Service is deprecated skipping connection attempt: RcsMessagingService
02-28 02:38:50.675 27590 27634 I BugleRcs: connecting to 7 Rcs Services
02-28 02:38:50.678 27590 27776 D WM-GreedyScheduler: Ignoring {WorkSpec: 4ed2f077-0416-477b-8a84-47ae6ef4f4b3}. Requires device idle.
02-28 02:38:50.680 27590 27776 D WM-GreedyScheduler: Ignoring {WorkSpec: ffac81cd-b52f-4981-ad59-9d72d0dfc8d0}. Requires device idle.
02-28 02:38:50.680 27590 27776 D WM-GreedyScheduler: Ignoring {WorkSpec: 143f76d4-2fb8-4702-b3f9-814d00d8368a}. Requires device idle.
02-28 02:38:50.680 27590 27776 D WM-GreedyScheduler: Ignoring {WorkSpec: 44a59678-7a7e-4fe9-8955-cee024053b1d}. Requires device idle.
02-28 02:38:50.680 27590 27776 D WM-GreedyScheduler: Ignoring {WorkSpec: bf11979a-2400-4b31-93ca-0ad397604a69}. Requires device idle.
02-28 02:38:50.680 27590 27776 D WM-GreedyScheduler: Ignoring {WorkSpec: f48a4210-e0e3-47c2-bcf0-f9064ba81db7}. Requires device idle.
02-28 02:38:50.680 27590 27779 I BugleTransport: Retrieved RCS available simIds: [redacted-pii[20-chars]]
02-28 02:38:50.680 27590 27647 I BugleDataModel: 3 not running because already up to date, upgradeCommand: EXECUTE_UPGRADE, version: 2
02-28 02:38:50.687 27590 27776 D WM-GreedyScheduler: Ignoring {WorkSpec: 9d925d66-2e09-4405-95a5-bc805e1daaa1}. Requires device idle.
02-28 02:38:50.687 27590 27776 D WM-GreedyScheduler: Ignoring {WorkSpec: 2239e7f2-8f37-418b-81f2-53d1abf3c62d}. Requires device idle.
02-28 02:38:50.687 27590 27776 D WM-GreedyScheduler: Ignoring {WorkSpec: 8ff213c8-f80d-4f42-9754-801a4c21fd62}. Requires device idle.
02-28 02:38:50.688 27590 27776 D WM-GreedyScheduler: Ignoring {WorkSpec: 608a0295-6e1b-4235-974a-b4233fe5ec19}. Requires device idle.
02-28 02:38:50.688 27590 27776 D WM-GreedyScheduler: Ignoring {WorkSpec: 41ba4155-eb93-4df9-94b1-514d7ab39a9f}. Requires device idle.
02-28 02:38:50.688 27590 27776 D WM-GreedyScheduler: Ignoring {WorkSpec: 2da54d14-ee6a-4dc7-a0ba-ca7970eefc70}. Requires device idle.
02-28 02:38:50.688 27590 27776 D WM-GreedyScheduler: Ignoring {WorkSpec: 3c2169c6-6eb5-4305-bf1f-2e89b803ecb8}. Requires device idle.
02-28 02:38:50.688 27590 27776 D WM-GreedyScheduler: Ignoring {WorkSpec: 99326141-adfb-4c0d-93a3-6d54eab0b773}. Requires device idle.
02-28 02:38:50.688 27590 27776 D WM-GreedyScheduler: Ignoring {WorkSpec: fdee9323-8c43-430f-a8aa-430fddbcbb17}. Requires device idle.
02-28 02:38:50.689 27590 27776 D WM-GreedyScheduler: Ignoring {WorkSpec: fb11c53a-123a-4bae-8523-03c4d1ea8316}. Requires device idle.
02-28 02:38:50.689 27590 27776 D WM-GreedyScheduler: Ignoring {WorkSpec: cd9e26a6-9acc-4320-ad29-234e9bdd5082}. Requires ContentUri triggers.
02-28 02:38:50.689 27590 27776 D WM-GreedyScheduler: Ignoring {WorkSpec: da61a56b-dee7-49a1-bd51-282f086e3caa}. Requires device idle.
02-28 02:38:50.689 27590 27776 D WM-GreedyScheduler: Ignoring {WorkSpec: 12a39898-e276-4f4a-8ada-46c276546714}. Requires ContentUri triggers.
02-28 02:38:50.690 27590 27776 D WM-GreedyScheduler: Starting work for 700c2483-7ab3-4753-912a-f655805ec2f8
02-28 02:38:50.690 27590 27776 D WM-GreedyScheduler: Starting tracking for 9bbac23b-467c-42a6-9ca2-998aaa4a609c,66db8739-614d-4276-9c0d-29d7921c35ed
02-28 02:38:50.692 27590 27779 I BugleTransport: Enabled chat transport for SIM = redacted-pii[20-chars] is TACHYGRAM
02-28 02:38:50.693 27590 27776 D WM-Processor: shb: processing WorkGenerationalId(workSpecId=700c2483-7ab3-4753-912a-f655805ec2f8, generation=0)
02-28 02:38:50.701 27590 27642 I BugleDataModel: 2 not running because already up to date, upgradeCommand: EXECUTE_UPGRADE, version: 4
02-28 02:38:50.706 27590 27775 D MddListenableWorkerFactory: createWorker for class: com.google.android.apps.messaging.shared.datamodel.workqueue.WorkQueueWorkerShim
02-28 02:38:50.709 27590 27777 I BugleTransport: Deregister all SIMs except for SIMs with subIds: [1] from chat transport: TACHYGRAM.
02-28 02:38:50.709 27590 27648 I BugleDataModel: 4 not running because already up to date, upgradeCommand: EXECUTE_UPGRADE, version: 1
02-28 02:38:50.711 27590 27634 I BugleTransport: Deregister all SIMs except for SIMs with subIds: [] from chat transport: DUAL_REGISTRATION.
02-28 02:38:50.715 27590 27776 I BugleTransport: Deregister all SIMs except for SIMs with subIds: [] from chat transport: SINGLE_REGISTRATION.
02-28 02:38:50.727 27590 27621 I BugleSatellite: Processing Phenotype flag changes.
02-28 02:38:50.728 27590 27775 I RcsClientLib: Service is deprecated skipping connection attempt: RcsEngineLifecycleServiceV2
02-28 02:38:50.730 27590 27646 D nativeloader: Load /data/app/~~KHJgrnoNqyVe7aYlGgExwA==/com.google.android.apps.messaging-hC883aQAoDDRXbcTZ0Ty_A==/split_config.arm64_v8a.apk!/lib/arm64-v8a/libscytale_v2_jni.so using class loader ns clns-10 (caller=/data/app/~~KHJgrnoNqyVe7aYlGgExwA==/com.google.android.apps.messaging-hC883aQAoDDRXbcTZ0Ty_A==/base.apk!classes8.dex): ok
02-28 02:38:50.738 27590 27634 I BugleSatellite: Reporting to Telephony: SMS supported = true
02-28 02:38:50.742  5219  6660 D SatelliteController: persistNtnSmsSupportedByMessagesApp: ntnSmsSupported=true
02-28 02:38:50.743  5219  6660 D SatelliteController: handleCarrierRoamingNtnAvailableServicesChanged: activeSubIds size=1
02-28 02:38:50.743  5219  6660 D SatelliteController: handleCarrierRoamingNtnAvailableServicesChanged: subId=1
02-28 02:38:50.743  5219  6660 D SatelliteController: updateLastNotifiedNtnAvailableServicesAndNotify: phoneId= 0
02-28 02:38:50.744  1049  1049 E lowmemorykiller: device memory 442546 free 66913 file 394154
02-28 02:38:50.745 27590 27645 I BugleRcsJibe: RcsServiceConnectionException was raised while waiting to connect to RcsEngineLifecycleServiceV2
02-28 02:38:50.747  3665  7951 D UsageStatsService: User[0] type=0 b=1772226334656 e=1772226530746 cb=1772202766849 ce=1772226514526 disk=0 all=5
02-28 02:38:50.747  5219  6660 D SatelliteController: isCarrierRoamingNtnEligible: satellite access is not allowed
02-28 02:38:50.747  5219  6660 D SatelliteController: evaluateCarrierRoamingNtnEligibilityChange: isCarrierRoamingNtnEligible=false
02-28 02:38:50.747  5219  6660 D SatelliteController: getSelectedSatelliteSubId: subId=-1
02-28 02:38:50.747  5219  6660 D SatelliteController: notifyNtnEligibility: phoneId=0 currentNtnEligibility=false
02-28 02:38:50.748 27590 27590 D WM-WorkerWrapper: Starting work for com.google.android.apps.messaging.shared.datamodel.workqueue.WorkQueueWorkerShim
02-28 02:38:50.750 27590 27634 I BugleTransport: Register SIM with subId: 1 on chat transport: TACHYGRAM.
02-28 02:38:50.754  1231 22341 I android.system.suspend-service: Last release wakelock name = PowerManagerService.WakeLocks
02-28 02:38:50.754  1231 22341 I android.system.suspend-service: mAutosuspendEnabled=1
02-28 02:38:50.759 10324 19469 I metis_v2_OsenseCallBack: memLevel: 0 [Metis|com.oplus.metis|2.0.20-aa39d14]
02-28 02:38:50.762 27590 27646 I BugleE2eeEtouffee: EtouffeeStateMachine: Ensuring state machine consistency
02-28 02:38:50.765 27590 27777 I WM-WorkerWrapper: Worker result SUCCESS for Work [ id=700c2483-7ab3-4753-912a-f655805ec2f8, tags={ com.google.android.apps.messaging.shared.datamodel.workqueue.WorkQueueWorkerShim,data_upgrade- } ]
02-28 02:38:50.768 27590 27590 D WM-Processor: shb 700c2483-7ab3-4753-912a-f655805ec2f8 executed; reschedule = false
02-28 02:38:50.768 27590 27641 I BugleE2eeEtouffee: EtouffeeStateMachine: onRegistrationUpdate from Tachyon, previousState: REGISTERED_WITH_PREKEYS, newState: REGISTERED_WITH_PREKEYS, reason: STARTUP_ENSURE_CONSISTENCY
02-28 02:38:50.771 27590 27777 D WM-GreedyScheduler: Cancelling work ID 700c2483-7ab3-4753-912a-f655805ec2f8
02-28 02:38:50.773 27590 27775 I BugleE2eeEtouffee: EtouffeeStateMachine: E2EE provisioning state update, Previous Etouffee status: PROVISIONED, New Etouffee status: PROVISIONED
02-28 02:38:50.780 27590 27777 D WM-GreedyScheduler: Ignoring {WorkSpec: 4ed2f077-0416-477b-8a84-47ae6ef4f4b3}. Requires device idle.
02-28 02:38:50.780 27590 27777 D WM-GreedyScheduler: Ignoring {WorkSpec: ffac81cd-b52f-4981-ad59-9d72d0dfc8d0}. Requires device idle.
02-28 02:38:50.780 27590 27777 D WM-GreedyScheduler: Ignoring {WorkSpec: 143f76d4-2fb8-4702-b3f9-814d00d8368a}. Requires device idle.
02-28 02:38:50.780 27590 27777 D WM-GreedyScheduler: Ignoring {WorkSpec: 44a59678-7a7e-4fe9-8955-cee024053b1d}. Requires device idle.
02-28 02:38:50.780 27590 27777 D WM-GreedyScheduler: Ignoring {WorkSpec: bf11979a-2400-4b31-93ca-0ad397604a69}. Requires device idle.
02-28 02:38:50.780 27590 27777 D WM-GreedyScheduler: Ignoring {WorkSpec: f48a4210-e0e3-47c2-bcf0-f9064ba81db7}. Requires device idle.
02-28 02:38:50.780 27590 27777 D WM-GreedyScheduler: Ignoring {WorkSpec: 9d925d66-2e09-4405-95a5-bc805e1daaa1}. Requires device idle.
02-28 02:38:50.780 27590 27777 D WM-GreedyScheduler: Ignoring {WorkSpec: 2239e7f2-8f37-418b-81f2-53d1abf3c62d}. Requires device idle.
02-28 02:38:50.781 27590 27777 D WM-GreedyScheduler: Ignoring {WorkSpec: 8ff213c8-f80d-4f42-9754-801a4c21fd62}. Requires device idle.
02-28 02:38:50.781 27590 27777 D WM-GreedyScheduler: Ignoring {WorkSpec: 608a0295-6e1b-4235-974a-b4233fe5ec19}. Requires device idle.
02-28 02:38:50.781 27590 27777 D WM-GreedyScheduler: Ignoring {WorkSpec: 41ba4155-eb93-4df9-94b1-514d7ab39a9f}. Requires device idle.
02-28 02:38:50.781 27590 27777 D WM-GreedyScheduler: Ignoring {WorkSpec: 2da54d14-ee6a-4dc7-a0ba-ca7970eefc70}. Requires device idle.
02-28 02:38:50.781 27590 27777 D WM-GreedyScheduler: Ignoring {WorkSpec: 3c2169c6-6eb5-4305-bf1f-2e89b803ecb8}. Requires device idle.
02-28 02:38:50.781 27590 27777 D WM-GreedyScheduler: Ignoring {WorkSpec: 99326141-adfb-4c0d-93a3-6d54eab0b773}. Requires device idle.
02-28 02:38:50.781 27590 27777 D WM-GreedyScheduler: Ignoring {WorkSpec: fdee9323-8c43-430f-a8aa-430fddbcbb17}. Requires device idle.
02-28 02:38:50.781 27590 27777 D WM-GreedyScheduler: Ignoring {WorkSpec: fb11c53a-123a-4bae-8523-03c4d1ea8316}. Requires device idle.
02-28 02:38:50.781 27590 27777 D WM-GreedyScheduler: Ignoring {WorkSpec: cd9e26a6-9acc-4320-ad29-234e9bdd5082}. Requires ContentUri triggers.
02-28 02:38:50.782 27590 27777 D WM-GreedyScheduler: Ignoring {WorkSpec: da61a56b-dee7-49a1-bd51-282f086e3caa}. Requires device idle.
02-28 02:38:50.782 27590 27777 D WM-GreedyScheduler: Ignoring {WorkSpec: 12a39898-e276-4f4a-8ada-46c276546714}. Requires ContentUri triggers.
02-28 02:38:50.782 27590 27777 D WM-GreedyScheduler: Starting tracking for 9bbac23b-467c-42a6-9ca2-998aaa4a609c,66db8739-614d-4276-9c0d-29d7921c35ed
02-28 02:38:50.795  1231 27631 I android.system.suspend-service: First holding wakelock name = PowerManagerService.WakeLocks
02-28 02:38:50.797 27590 27775 I native  : I0000 00:00:1772226530.796478   27775 db_store.cc:105] Loading an existing database with version 16
02-28 02:38:50.798 27590 27775 I native  : I0000 00:00:1772226530.797382   27775 db_store.cc:517] Checking presence of tables, run_sqlite_master_schema_validation=true, run_per_table_schema_validation=true
02-28 02:38:50.807 27590 27765 I BugleE2eeEtouffee: PendingFtdMessageProcessor: Removed old pending messages. count: 0
02-28 02:38:50.809 27590 27775 I native  : I0000 00:00:1772226530.809375   27775 db_store.cc:428] Database schema, prefix=scytale_0504f5c706493384ea6893789b8167dbad8d0ec8b2cf0af783bb18a9ea32791127_
02-28 02:38:50.810 27590 27775 I native  : I0000 00:00:1772226530.810814   27775 db_store.cc:449] Database schema=CREATE TABLE scytale_0504f5c706493384ea6893789b8167dbad8d0ec8b2cf0af783bb18a9ea32791127_db_configuration(single_row INTEGER NOT NULL DEFAULT 1,schema_version INTEGER NOT NULL,PRIMARY KEY(single_row) CHECK(single_row = 1))
02-28 02:38:50.811 27590 27775 I native  : I0000 00:00:1772226530.811788   27775 db_store.cc:449] Database schema=CREATE TABLE scytale_0504f5c706493384ea6893789b8167dbad8d0ec8b2cf0af783bb18a9ea32791127_identity_keys(device_id TEXT NOT NULL,identity_key BLOB NOT NULL,revision_timestamp_millis LONG NOT NULL DEFAULT(0),PRIMARY KEY(device_id) )
02-28 02:38:50.812 27590 27645 I BugleE2eeEtouffee: EtouffeeStateMachine: Deleting old data if any.
02-28 02:38:50.813 27590 27775 I native  : I0000 00:00:1772226530.812131   27775 db_store.cc:449] Database schema=CREATE TABLE scytale_0504f5c706493384ea6893789b8167dbad8d0ec8b2cf0af783bb18a9ea32791127_message_otks(message_id TEXT NOT NULL,device_id TEXT NOT NULL,otk BLOB NOT NULL,insert_timestamp_millis LONG NOT NULL DEFAULT(0),PRIMARY KEY(message_id, device_id) )
02-28 02:38:50.813 27590 27775 I native  : I0000 00:00:1772226530.813369   27775 db_store.cc:449] Database schema=CREATE TABLE scytale_0504f5c706493384ea6893789b8167dbad8d0ec8b2cf0af783bb18a9ea32791127_prekeys(key_id INTEGER NOT NULL,key_type INTEGER NOT NULL DEFAULT(0),prekey BLOB ,timestamp_millis LONG ,PRIMARY KEY(key_id) )
02-28 02:38:50.813 27590 27775 I native  : I0000 00:00:1772226530.813629   27775 db_store.cc:449] Database schema=CREATE TABLE scytale_0504f5c706493384ea6893789b8167dbad8d0ec8b2cf0af783bb18a9ea32791127_received_message_state(message_id TEXT NOT NULL,message_state INTEGER NOT NULL DEFAULT(0),insert_timestamp_millis LONG NOT NULL DEFAULT(0),PRIMARY KEY(message_id) )
02-28 02:38:50.813 27590 27775 I native  : I0000 00:00:1772226530.813885   27775 db_store.cc:449] Database schema=CREATE TABLE scytale_0504f5c706493384ea6893789b8167dbad8d0ec8b2cf0af783bb18a9ea32791127_sent_message_digests(message_id TEXT NOT NULL,device_id TEXT NOT NULL,message_digest BLOB NOT NULL,insert_timestamp_millis LONG NOT NULL DEFAULT(0),PRIMARY KEY(message_id, device_id) )
02-28 02:38:50.814 27590 27775 I native  : I0000 00:00:1772226530.814122   27775 db_store.cc:449] Database schema=CREATE TABLE scytale_0504f5c706493384ea6893789b8167dbad8d0ec8b2cf0af783bb18a9ea32791127_sessions(device_id TEXT NOT NULL DEFAULT(0),session BLOB ,PRIMARY KEY(device_id) )
02-28 02:38:50.814 27590 27775 I BugleE2eeEtouffee: CryptoV2Provider: Base crypto created
02-28 02:38:50.820 27590 27777 D WM-GreedyScheduler: Ignoring {WorkSpec: 4ed2f077-0416-477b-8a84-47ae6ef4f4b3}. Requires device idle.
02-28 02:38:50.820 27590 27777 D WM-GreedyScheduler: Ignoring {WorkSpec: ffac81cd-b52f-4981-ad59-9d72d0dfc8d0}. Requires device idle.
02-28 02:38:50.820 27590 27777 D WM-GreedyScheduler: Ignoring {WorkSpec: 143f76d4-2fb8-4702-b3f9-814d00d8368a}. Requires device idle.
02-28 02:38:50.820 27590 27777 D WM-GreedyScheduler: Ignoring {WorkSpec: 44a59678-7a7e-4fe9-8955-cee024053b1d}. Requires device idle.
02-28 02:38:50.820 27590 27777 D WM-GreedyScheduler: Ignoring {WorkSpec: bf11979a-2400-4b31-93ca-0ad397604a69}. Requires device idle.
02-28 02:38:50.820 27590 27777 D WM-GreedyScheduler: Ignoring {WorkSpec: f48a4210-e0e3-47c2-bcf0-f9064ba81db7}. Requires device idle.
02-28 02:38:50.821 27590 27777 D WM-GreedyScheduler: Ignoring {WorkSpec: 9d925d66-2e09-4405-95a5-bc805e1daaa1}. Requires device idle.
02-28 02:38:50.821 27590 27777 D WM-GreedyScheduler: Ignoring {WorkSpec: 2239e7f2-8f37-418b-81f2-53d1abf3c62d}. Requires device idle.
02-28 02:38:50.821 27590 27777 D WM-GreedyScheduler: Ignoring {WorkSpec: 8ff213c8-f80d-4f42-9754-801a4c21fd62}. Requires device idle.
02-28 02:38:50.821 27590 27777 D WM-GreedyScheduler: Ignoring {WorkSpec: 608a0295-6e1b-4235-974a-b4233fe5ec19}. Requires device idle.
02-28 02:38:50.821 27590 27777 D WM-GreedyScheduler: Ignoring {WorkSpec: 41ba4155-eb93-4df9-94b1-514d7ab39a9f}. Requires device idle.
02-28 02:38:50.821 27590 27777 D WM-GreedyScheduler: Ignoring {WorkSpec: 2da54d14-ee6a-4dc7-a0ba-ca7970eefc70}. Requires device idle.
02-28 02:38:50.821 27590 27777 D WM-GreedyScheduler: Ignoring {WorkSpec: 3c2169c6-6eb5-4305-bf1f-2e89b803ecb8}. Requires device idle.
02-28 02:38:50.821 27590 27777 D WM-GreedyScheduler: Ignoring {WorkSpec: 99326141-adfb-4c0d-93a3-6d54eab0b773}. Requires device idle.
02-28 02:38:50.821 27590 27777 D WM-GreedyScheduler: Ignoring {WorkSpec: fdee9323-8c43-430f-a8aa-430fddbcbb17}. Requires device idle.
02-28 02:38:50.821 27590 27777 D WM-GreedyScheduler: Ignoring {WorkSpec: fb11c53a-123a-4bae-8523-03c4d1ea8316}. Requires device idle.
02-28 02:38:50.822 27590 27777 D WM-GreedyScheduler: Ignoring {WorkSpec: cd9e26a6-9acc-4320-ad29-234e9bdd5082}. Requires ContentUri triggers.
02-28 02:38:50.822 27590 27777 D WM-GreedyScheduler: Ignoring {WorkSpec: da61a56b-dee7-49a1-bd51-282f086e3caa}. Requires device idle.
02-28 02:38:50.822 27590 27777 D WM-GreedyScheduler: Ignoring {WorkSpec: 12a39898-e276-4f4a-8ada-46c276546714}. Requires ContentUri triggers.
02-28 02:38:50.822 27590 27777 D WM-GreedyScheduler: Starting work for 14965d60-0914-4724-b0d3-a2d731ae8dd5
02-28 02:38:50.822 27590 27777 D WM-GreedyScheduler: Starting tracking for 9bbac23b-467c-42a6-9ca2-998aaa4a609c,66db8739-614d-4276-9c0d-29d7921c35ed
02-28 02:38:50.824  4238  4246 E Diag_Lib: [IMS_AP]"ims-rtp-daemon ims_rtp_qmi_handler_thread_func waiting on select thread>"
02-28 02:38:50.824 27590 27645 I BugleE2eeEtouffee: Removed OTK count: 0
02-28 02:38:50.825 27590 27777 D WM-Processor: shb: processing WorkGenerationalId(workSpecId=14965d60-0914-4724-b0d3-a2d731ae8dd5, generation=0)
02-28 02:38:50.827 27590 27634 D MddListenableWorkerFactory: createWorker for class: com.google.android.apps.messaging.shared.datamodel.workqueue.WorkQueueWorkerShim
02-28 02:38:50.827  2178  2219 E TetherController: property_get sys.radio.data.modem_share_flag return 0, 1!
02-28 02:38:50.854  1231 27631 I android.system.suspend-service: Last release wakelock name = PowerManagerService.WakeLocks
02-28 02:38:50.854  1231 27631 I android.system.suspend-service: mAutosuspendEnabled=1
02-28 02:38:50.856  3665  4600 V NetworkPolicy: updateNetworkEnabledNL() return
02-28 02:38:50.856  3665  4600 V NetworkPolicy: updateNotificationsNL not process
02-28 02:38:50.857  3665  4711 D OplusTetheringStatistician: get tethering traffic from mobile data, slotIndex: 0; entry: 0; rx bytes: 9421557311; tx bytes: 3333405409
02-28 02:38:50.857  3665  4711 D OplusTetheringStatistician: get tethering traffic from mobile data, slotIndex: 0; entry: 0; rx bytes: 3498; tx bytes: 0
02-28 02:38:50.858  3665  4711 E OplusTetheringNotification: Screen is off, no notification
02-28 02:38:50.859 25848 25867 W OplusExSystemServiceHelper: checkOplusExSystemService intent getComponent is null
02-28 02:38:50.860 25848 25848 D WearableService: Creating wearable service asynchronously.
02-28 02:38:50.865  5294  5843 V MonthTrafficAlert: getWarningNotification subId:1 numWarningNotificaion:0
02-28 02:38:50.866 25848 26540 D WearableService: onGetService: waiting for onCreate to be completed.
02-28 02:38:50.889 25848 25886 I Wear_Controller: Wearable module requires a companion app to be installed.
02-28 02:38:50.889 25848 25886 I WearableService: onCreate: Wearable Services not starting. Wear is not available on this device.
02-28 02:38:50.890 25848 26540 W WearableService: onGetService: Wear is not available on this device.
02-28 02:38:50.921  4238  4246 E Diag_Lib: [IMS_AP]"ims-rtp-daemon ims_rtp_qmi_handler_thread_func waiting on select thread>"
02-28 02:38:50.923  4238  4246 E Diag_Lib: [IMS_AP]"ims-rtp-daemon ims_rtp_qmi_handler_thread_func waiting on select thread>"
02-28 02:38:50.924  4238  4246 E Diag_Lib: [IMS_AP]"ims-rtp-daemon ims_rtp_qmi_handler_thread_func waiting on select thread>"
02-28 02:38:50.926  4238  4246 E Diag_Lib: [IMS_AP]"ims-rtp-daemon ims_rtp_qmi_handler_thread_func waiting on select thread>"
02-28 02:38:50.928  7950  8990 D gaia-GaiaConnectChecker: start connect check++
02-28 02:38:50.946 25848 25848 D BoundBrokerSvc: onUnbind: Intent { act=com.google.android.gms.clearcut.sampler.service.START dat=chimera-action:/... xflg=0x4 cmp=com.google.android.gms/.chimera.PersistentDirectBootAwareApiService mCallingUid=10184 }
02-28 02:38:51.261  2333 28452 E sensors-hal: handle_sns_std_sensor_event:151, oplus_wise_light: lux 133, data_c = 859, period 100 ms, brightness:0, data_cnt:57636
02-28 02:38:51.293 27719 27719 E qsap_location: QESDK service init
02-28 02:38:51.293 27719 27719 E qsap_location: Failed to connect to QESDK Manager (connection failed No such file or directory)
02-28 02:38:51.293 27719 27719 E LOC_QESDK: connectQesd:133] fail to init qesd svc, error = -1
02-28 02:38:51.318  5173  5208 E Tethering: [api31.BpfCoordinatorShimImpl] ERROR Could not insert entry (iif: 45, dstMac: 0a:61:08:9a:95:54, l4proto: 6, src4: /10.33.198.227, dst4: /49.44.130.130, srcPort: 60698, dstPort: 443, oif: 20, ethDstMac: 00:00:00:00:00:00, ethSrcMac: 00:00:00:00:00:00, ethProto: 2048, pmtu: 1400, src46: /192.0.0.2, dst46: /49.44.130.130, srcPort: 60698, dstPort: 443, lastUsed: 0): android.system.ErrnoException: nativeWriteToMapEntry failed: E2BIG (Argument list too long)
02-28 02:38:51.320  5173  5208 E Tethering: [api31.BpfCoordinatorShimImpl] ERROR Could not insert entry (iif: 20, dstMac: 00:00:00:00:00:00, l4proto: 6, src4: /49.44.130.130, dst4: /192.0.0.2, srcPort: 443, dstPort: 60698, oif: 45, ethDstMac: 98:bd:80:20:ad:41, ethSrcMac: 0a:61:08:9a:95:54, ethProto: 2048, pmtu: 1400, src46: /49.44.130.130, dst46: /10.33.198.227, srcPort: 443, dstPort: 60698, lastUsed: 0): android.system.ErrnoException: nativeWriteToMapEntry failed: E2BIG (Argument list too long)
02-28 02:38:51.336  5173  5208 E Tethering: [api31.BpfCoordinatorShimImpl] ERROR Could not insert entry (iif: 45, dstMac: 0a:61:08:9a:95:54, l4proto: 6, src4: /10.33.198.227, dst4: /49.44.130.130, srcPort: 60698, dstPort: 443, oif: 20, ethDstMac: 00:00:00:00:00:00, ethSrcMac: 00:00:00:00:00:00, ethProto: 2048, pmtu: 1400, src46: /192.0.0.2, dst46: /49.44.130.130, srcPort: 60698, dstPort: 443, lastUsed: 0): android.system.ErrnoException: nativeWriteToMapEntry failed: E2BIG (Argument list too long)
02-28 02:38:51.337  5173  5208 E Tethering: [api31.BpfCoordinatorShimImpl] ERROR Could not insert entry (iif: 20, dstMac: 00:00:00:00:00:00, l4proto: 6, src4: /49.44.130.130, dst4: /192.0.0.2, srcPort: 443, dstPort: 60698, oif: 45, ethDstMac: 98:bd:80:20:ad:41, ethSrcMac: 0a:61:08:9a:95:54, ethProto: 2048, pmtu: 1400, src46: /49.44.130.130, dst46: /10.33.198.227, srcPort: 443, dstPort: 60698, lastUsed: 0): android.system.ErrnoException: nativeWriteToMapEntry failed: E2BIG (Argument list too long)
02-28 02:38:51.339  5173  5208 E Tethering: [api31.BpfCoordinatorShimImpl] ERROR Could not insert entry (iif: 45, dstMac: 0a:61:08:9a:95:54, l4proto: 6, src4: /10.33.198.227, dst4: /49.44.130.130, srcPort: 60698, dstPort: 443, oif: 20, ethDstMac: 00:00:00:00:00:00, ethSrcMac: 00:00:00:00:00:00, ethProto: 2048, pmtu: 1400, src46: /192.0.0.2, dst46: /49.44.130.130, srcPort: 60698, dstPort: 443, lastUsed: 0): android.system.ErrnoException: nativeWriteToMapEntry failed: E2BIG (Argument list too long)
02-28 02:38:51.340  5173  5208 E Tethering: [api31.BpfCoordinatorShimImpl] ERROR Could not insert entry (iif: 20, dstMac: 00:00:00:00:00:00, l4proto: 6, src4: /49.44.130.130, dst4: /192.0.0.2, srcPort: 443, dstPort: 60698, oif: 45, ethDstMac: 98:bd:80:20:ad:41, ethSrcMac: 0a:61:08:9a:95:54, ethProto: 2048, pmtu: 1400, src46: /49.44.130.130, dst46: /10.33.198.227, srcPort: 443, dstPort: 60698, lastUsed: 0): android.system.ErrnoException: nativeWriteToMapEntry failed: E2BIG (Argument list too long)
02-28 02:38:51.362  5173  5208 E Tethering: [api31.BpfCoordinatorShimImpl] ERROR Could not insert entry (iif: 45, dstMac: 0a:61:08:9a:95:54, l4proto: 6, src4: /10.33.198.227, dst4: /49.44.130.130, srcPort: 60698, dstPort: 443, oif: 20, ethDstMac: 00:00:00:00:00:00, ethSrcMac: 00:00:00:00:00:00, ethProto: 2048, pmtu: 1400, src46: /192.0.0.2, dst46: /49.44.130.130, srcPort: 60698, dstPort: 443, lastUsed: 0): android.system.ErrnoException: nativeWriteToMapEntry failed: E2BIG (Argument list too long)
02-28 02:38:51.364  5173  5208 E Tethering: [api31.BpfCoordinatorShimImpl] ERROR Could not insert entry (iif: 20, dstMac: 00:00:00:00:00:00, l4proto: 6, src4: /49.44.130.130, dst4: /192.0.0.2, srcPort: 443, dstPort: 60698, oif: 45, ethDstMac: 98:bd:80:20:ad:41, ethSrcMac: 0a:61:08:9a:95:54, ethProto: 2048, pmtu: 1400, src46: /49.44.130.130, dst46: /10.33.198.227, srcPort: 443, dstPort: 60698, lastUsed: 0): android.system.ErrnoException: nativeWriteToMapEntry failed: E2BIG (Argument list too long)
02-28 02:38:51.546  5173  5208 E Tethering: [api31.BpfCoordinatorShimImpl] ERROR Could not insert entry (iif: 45, dstMac: 0a:61:08:9a:95:54, l4proto: 6, src4: /10.33.198.227, dst4: /44.234.15.69, srcPort: 57031, dstPort: 443, oif: 20, ethDstMac: 00:00:00:00:00:00, ethSrcMac: 00:00:00:00:00:00, ethProto: 2048, pmtu: 1400, src46: /192.0.0.2, dst46: /44.234.15.69, srcPort: 57031, dstPort: 443, lastUsed: 0): android.system.ErrnoException: nativeWriteToMapEntry failed: E2BIG (Argument list too long)
02-28 02:38:51.547  1466  1466 D BoundBrokerSvc: onUnbind: Intent { act=com.google.android.gms.checkin.START xflg=0x4 pkg=com.google.android.gms mCallingUid=10126 }
02-28 02:38:51.548  5173  5208 E Tethering: [api31.BpfCoordinatorShimImpl] ERROR Could not insert entry (iif: 20, dstMac: 00:00:00:00:00:00, l4proto: 6, src4: /44.234.15.69, dst4: /192.0.0.2, srcPort: 443, dstPort: 57031, oif: 45, ethDstMac: 98:bd:80:20:ad:41, ethSrcMac: 0a:61:08:9a:95:54, ethProto: 2048, pmtu: 1400, src46: /44.234.15.69, dst46: /10.33.198.227, srcPort: 443, dstPort: 57031, lastUsed: 0): android.system.ErrnoException: nativeWriteToMapEntry failed: E2BIG (Argument list too long)
02-28 02:38:51.561  5173  5208 E Tethering: [api31.BpfCoordinatorShimImpl] ERROR Could not insert entry (iif: 45, dstMac: 0a:61:08:9a:95:54, l4proto: 6, src4: /10.33.198.227, dst4: /44.234.15.69, srcPort: 57031, dstPort: 443, oif: 20, ethDstMac: 00:00:00:00:00:00, ethSrcMac: 00:00:00:00:00:00, ethProto: 2048, pmtu: 1400, src46: /192.0.0.2, dst46: /44.234.15.69, srcPort: 57031, dstPort: 443, lastUsed: 0): android.system.ErrnoException: nativeWriteToMapEntry failed: E2BIG (Argument list too long)
02-28 02:38:51.562  5173  5208 E Tethering: [api31.BpfCoordinatorShimImpl] ERROR Could not insert entry (iif: 20, dstMac: 00:00:00:00:00:00, l4proto: 6, src4: /44.234.15.69, dst4: /192.0.0.2, srcPort: 443, dstPort: 57031, oif: 45, ethDstMac: 98:bd:80:20:ad:41, ethSrcMac: 0a:61:08:9a:95:54, ethProto: 2048, pmtu: 1400, src46: /44.234.15.69, dst46: /10.33.198.227, srcPort: 443, dstPort: 57031, lastUsed: 0): android.system.ErrnoException: nativeWriteToMapEntry failed: E2BIG (Argument list too long)
02-28 02:38:51.626  4238  4246 E Diag_Lib: [IMS_AP]"ims-rtp-daemon ims_rtp_qmi_handler_thread_func waiting on select thread>"
02-28 02:38:51.628  4238  4246 E Diag_Lib: [IMS_AP]"ims-rtp-daemon ims_rtp_qmi_handler_thread_func waiting on select thread>"
02-28 02:38:51.630  4238  4246 E Diag_Lib: [IMS_AP]"ims-rtp-daemon ims_rtp_qmi_handler_thread_func waiting on select thread>"
02-28 02:38:51.632  4238  4246 E Diag_Lib: [IMS_AP]"ims-rtp-daemon ims_rtp_qmi_handler_thread_func waiting on select thread>"
02-28 02:38:51.634  4238  4246 E Diag_Lib: [IMS_AP]"ims-rtp-daemon ims_rtp_qmi_handler_thread_func waiting on select thread>"
02-28 02:38:51.636  4238  4246 E Diag_Lib: [IMS_AP]"ims-rtp-daemon ims_rtp_qmi_handler_thread_func waiting on select thread>"
02-28 02:38:51.643 19928 20037 W OPLUS_LOG_LOAD: ==LOGS PROG INFO, prog(com.oplus.camera) ==
02-28 02:38:51.643 19928 20037 I APS_ALOG: flushRoutine g_immediateFlush=0 g_pendingCount=0 g_oobCount=0 asan-debug7
02-28 02:38:51.696  3665  4431 D ActivityManager: freezing 27667 com.google.android.gms.unstable
02-28 02:38:52.026  4238  4246 E Diag_Lib: [IMS_AP]"ims-rtp-daemon ims_rtp_qmi_handler_thread_func waiting on select thread>"
02-28 02:38:52.028  4238  4246 E Diag_Lib: [IMS_AP]"ims-rtp-daemon ims_rtp_qmi_handler_thread_func waiting on select thread>"
02-28 02:38:52.030  4238  4246 E Diag_Lib: [IMS_AP]"ims-rtp-daemon ims_rtp_qmi_handler_thread_func waiting on select thread>"
02-28 02:38:52.033  4238  4246 E Diag_Lib: [IMS_AP]"ims-rtp-daemon ims_rtp_qmi_handler_thread_func waiting on select thread>"
02-28 02:38:52.166  2475  2511 D vendor.oplus.hardware.charger-V9-service: s_chg_user_mode: 3
02-28 02:38:52.166  2475  2511 D vendor.oplus.hardware.charger-V9-service: scale_chg Start!!!
02-28 02:38:52.167  2475  2511 D vendor.oplus.hardware.charger-V9-service: [0, 0, 3]
02-28 02:38:52.167  2475  2511 D vendor.oplus.hardware.charger-V9-service: [0, 2, 15]
02-28 02:38:52.167  2475  2511 D vendor.oplus.hardware.charger-V9-service: [0, 1, 4]
02-28 02:38:52.167  2475  2511 D vendor.oplus.hardware.charger-V9-service: [0, 3, 3]
02-28 02:38:52.168  2475  2511 D vendor.oplus.hardware.charger-V9-service: [0, 4, 3]
02-28 02:38:52.168  2475  2511 D vendor.oplus.hardware.charger-V9-service: [0, 5, 3]
02-28 02:38:52.168  2475  2511 D vendor.oplus.hardware.charger-V9-service: [0, 6, 15]
02-28 02:38:52.168  2475  2511 D vendor.oplus.hardware.charger-V9-service: scale_chg Start!!!
02-28 02:38:52.168  2475  2511 D vendor.oplus.hardware.charger-V9-service: [0, 0, 3]
02-28 02:38:52.168  2475  2511 D vendor.oplus.hardware.charger-V9-service: [0, 2, 12]
02-28 02:38:52.168  2475  2511 D vendor.oplus.hardware.charger-V9-service: [0, 1, 4]
02-28 02:38:52.169  2475  2511 D vendor.oplus.hardware.charger-V9-service: [0, 3, 3]
02-28 02:38:52.169  2475  2511 D vendor.oplus.hardware.charger-V9-service: [0, 4, 3]
02-28 02:38:52.169  2475  2511 D vendor.oplus.hardware.charger-V9-service: [0, 5, 3]
02-28 02:38:52.169  2475  2511 D vendor.oplus.hardware.charger-V9-service: [0, 6, 12]
02-28 02:38:52.293 27719 27719 E qsap_location: QESDK service init
02-28 02:38:52.294 27719 27719 E qsap_location: Failed to connect to QESDK Manager (connection failed No such file or directory)
02-28 02:38:52.294 27719 27719 E LOC_QESDK: connectQesd:133] fail to init qesd svc, error = -1
02-28 02:38:52.360  2475  2521 D vendor.oplus.hardware.charger-V9-service: ret_value:124, read content:,380,402,3890,3890,-1353,33,33,1,3,0,1397,4684,33,0,4470,1600,1500,0,0,-22,0,0,1,0,2,0,0,0,1,0,100,0,2199,6950,0,0,0,0,0,75
02-28 02:38:52.360  2475  2521 D vendor.oplus.hardware.charger-V9-service: gmtime: 2026-02-28-02-38-52
02-28 02:38:52.361  2475  2521 D vendor.oplus.hardware.charger-V9-service: usb_online:1, ac_online:-2147483648, wireless_online:-2147483648
02-28 02:38:52.385  2333 19580 I sensors-hal: handle_sns_client_event:316, accel_sample: 0: ts=1293552379842510 ns; value = [-0.060436, -0.121420, 9.736501], status=3
02-28 02:38:52.466  1231 22341 I android.system.suspend-service: First holding wakelock name = qms_event_Handler_wakeLock_
02-28 02:38:52.468  1231 22341 I android.system.suspend-service: Last release wakelock name = qms_event_Handler_wakeLock_
02-28 02:38:52.468  1231 22341 I android.system.suspend-service: mAutosuspendEnabled=1
02-28 02:38:52.521  1231 22565 I android.system.suspend-service: First holding wakelock name = qms_event_Handler_wakeLock_
02-28 02:38:52.523  1231 22565 I android.system.suspend-service: Last release wakelock name = qms_event_Handler_wakeLock_
02-28 02:38:52.524  1231 22565 I android.system.suspend-service: mAutosuspendEnabled=1
02-28 02:38:52.528  2475  2475 D vendor.oplus.hardware.charger-V9-service: getChargerControl:
02-28 02:38:52.707  3665  4431 D ActivityManager: Freezer deadlock watchdog
02-28 02:38:53.124  4238  4246 E Diag_Lib: [IMS_AP]"ims-rtp-daemon ims_rtp_qmi_handler_thread_func waiting on select thread>"
02-28 02:38:53.125  4238  4246 E Diag_Lib: [IMS_AP]"ims-rtp-daemon ims_rtp_qmi_handler_thread_func waiting on select thread>"
